7.35.34.176 - - [31/Mar/2025:16:39:21 +0000] "GET /phpmyadmin HTTP/1.1" 404 27038 "-" "Mozilla/5.0 (compatible; Bingbot/2.0; +http://www.bing.com/bingbot.htm)"
228.157.161.66 - - [31/Mar/2025:16:40:04 +0000] "GET /user/login HTTP/1.1" 200 8411 "-" "Mozilla/5.0 (compatible; Bingbot/2.0; +http://www.bing.com/bingbot.htm)"
111.171.165.107 - - [31/Mar/2025:16:40:47 +0000] "GET /about HTTP/1.1" 200 11338 "-" "Mozilla/5.0 (compatible; Bingbot/2.0; +http://www.bing.com/bingbot.htm)"
82.45.6.249 - - [31/Mar/2025:16:41:30 +0000] "GET /shell.php HTTP/1.1" 200 49419 "-" "Mozilla/5.0 (compatible; Googlebot/2.1; +http://www.google.com/bot.html)"
1.6.129.140 - - [31/Mar/2025:16:42:13 +0000] "GET /api/v1/products HTTP/1.1" 200 5835 "-" "Mozilla/5.0 (compatible; Bingbot/2.0; +http://www.bing.com/bingbot.htm)"
7.35.34.176 - - [31/Mar/2025:16:42:56 +0000] "GET /wp-config.php HTTP/1.1" 200 6492 "-" "Mozilla/5.0 (compatible; YandexBot/3.0; +http://yandex.com/bots)"
165.198.162.110 - - [31/Mar/2025:16:43:39 +0000] "GET /administrator HTTP/1.1" 200 12195 "-" "Mozilla/5.0 (compatible; YandexBot/3.0; +http://yandex.com/bots)"
111.171.165.107 - - [31/Mar/2025:16:44:22 +0000] "GET /api/v1/users HTTP/1.1" 200 28135 "-" "Mozilla/5.0 (compatible; Bingbot/2.0; +http://www.bing.com/bingbot.htm)"
7.35.34.176 - - [31/Mar/2025:16:45:05 +0000] "GET /admin HTTP/1.1" 200 44636 "-" "Mozilla/5.0 (compatible; Bingbot/2.0; +http://www.bing.com/bingbot.htm)"
21.234.185.154 - - [31/Mar/2025:16:45:48 +0000] "GET /wp-admin HTTP/1.1" 200 13714 "-" "Mozilla/5.0 (compatible; YandexBot/3.0; +http://yandex.com/bots)"
7.35.34.176 - - [31/Mar/2025:16:46:31 +0000] "GET /wp-admin HTTP/1.1" 200 13124 "-" "Mozilla/5.0 (compatible; Bingbot/2.0; +http://www.bing.com/bingbot.htm)"
1.6.129.140 - - [31/Mar/2025:16:47:14 +0000] "GET /admin HTTP/1.1" 200 36846 "-" "Mozilla/5.0 (compatible; YandexBot/3.0; +http://yandex.com/bots)"
1.6.129.140 - - [31/Mar/2025:16:47:57 +0000] "GET /administrator HTTP/1.1" 200 35176 "-" "Mozilla/5.0 (compatible; Googlebot/2.1; +http://www.google.com/bot.html)"
21.234.185.154 - - [31/Mar/2025:16:48:40 +0000] "GET /user/login HTTP/1.1" 404 14357 "-" "Mozilla/5.0 (compatible; Bingbot/2.0; +http://www.bing.com/bingbot.htm)"
7.35.34.176 - - [31/Mar/2025:16:49:23 +0000] "GET /phpmyadmin HTTP/1.1" 200 7834 "-" "Mozilla/5.0 (compatible; YandexBot/3.0; +http://yandex.com/bots)"
111.171.165.107 - - [31/Mar/2025:16:50:06 +0000] "GET /index.html HTTP/1.1" 200 9708 "-" "Mozilla/5.0 (compatible; YandexBot/3.0; +http://yandex.com/bots)"
228.157.161.66 - - [31/Mar/2025:16:50:49 +0000] "GET /xmlrpc.php HTTP/1.1" 200 41077 "-" "Mozilla/5.0 (compatible; Bingbot/2.0; +http://www.bing.com/bingbot.htm)"
111.171.165.107 - - [31/Mar/2025:16:51:32 +0000] "GET /wp-login.php HTTP/1.1" 200 2450 "-" "Mozilla/5.0 (compatible; Googlebot/2.1; +http://www.google.com/bot.html)"
1.6.129.140 - - [31/Mar/2025:16:52:15 +0000] "GET /wp-config.php HTTP/1.1" 200 33236 "-" "Mozilla/5.0 (compatible; Googlebot/2.1; +http://www.google.com/bot.html)"
1.6.129.140 - - [31/Mar/2025:16:52:58 +0000] "GET /wp-login.php HTTP/1.1" 200 8262 "-" "Mozilla/5.0 (compatible; Googlebot/2.1; +http://www.google.com/bot.html)"
114.11.126.247 - - [31/Mar/2025:16:53:41 +0000] "GET /api/v1/users HTTP/1.1" 200 22054 "-" "Mozilla/5.0 (compatible; YandexBot/3.0; +http://yandex.com/bots)"
228.157.161.66 - - [31/Mar/2025:16:54:24 +0000] "GET /xmlrpc.php HTTP/1.1" 200 3033 "-" "Mozilla/5.0 (compatible; Bingbot/2.0; +http://www.bing.com/bingbot.htm)"
1.6.129.140 - - [31/Mar/2025:16:55:07 +0000] "GET /wp-admin HTTP/1.1" 200 49152 "-" "Mozilla/5.0 (compatible; Bingbot/2.0; +http://www.bing.com/bingbot.htm)"
199.28.211.240 - - [31/Mar/2025:16:55:50 +0000] "GET /wp-admin HTTP/1.1" 200 1862 "-" "Mozilla/5.0 (compatible; Bingbot/2.0; +http://www.bing.com/bingbot.htm)"
82.45.6.249 - - [31/Mar/2025:16:56:33 +0000] "GET /index.html HTTP/1.1" 200 24185 "-" "Mozilla/5.0 (compatible; Googlebot/2.1; +http://www.google.com/bot.html)"
114.11.126.247 - - [31/Mar/2025:16:57:16 +0000] "GET /api/v1/users HTTP/1.1" 200 37669 "-" "Mozilla/5.0 (compatible; YandexBot/3.0; +http://yandex.com/bots)"
111.171.165.107 - - [31/Mar/2025:16:57:59 +0000] "GET / HTTP/1.1" 200 28250 "-" "Mozilla/5.0 (compatible; Bingbot/2.0; +http://www.bing.com/bingbot.htm)"
114.11.126.247 - - [31/Mar/2025:16:58:42 +0000] "GET /user/login HTTP/1.1" 404 7125 "-" "Mozilla/5.0 (compatible; YandexBot/3.0; +http://yandex.com/bots)"
7.35.34.176 - - [31/Mar/2025:16:59:25 +0000] "GET /xmlrpc.php HTTP/1.1" 200 1098 "-" "Mozilla/5.0 (compatible; Bingbot/2.0; +http://www.bing.com/bingbot.htm)"
21.234.185.154 - - [31/Mar/2025:17:00:08 +0000] "GET /api/v1/users HTTP/1.1" 200 7637 "-" "Mozilla/5.0 (compatible; Bingbot/2.0; +http://www.bing.com/bingbot.htm)"
82.45.6.249 - - [31/Mar/2025:17:00:51 +0000] "GET / HTTP/1.1" 200 2363 "-" "Mozilla/5.0 (compatible; YandexBot/3.0; +http://yandex.com/bots)"
82.45.6.249 - - [31/Mar/2025:17:01:34 +0000] "GET / HTTP/1.1" 200 29122 "-" "Mozilla/5.0 (compatible; Googlebot/2.1; +http://www.google.com/bot.html)"
199.28.211.240 - - [31/Mar/2025:17:02:17 +0000] "GET /xmlrpc.php HTTP/1.1" 200 32172 "-" "Mozilla/5.0 (compatible; YandexBot/3.0; +http://yandex.com/bots)"
228.157.161.66 - - [31/Mar/2025:17:03:00 +0000] "GET /xmlrpc.php HTTP/1.1" 200 39828 "-" "Mozilla/5.0 (compatible; Googlebot/2.1; +http://www.google.com/bot.html)"
165.198.162.110 - - [31/Mar/2025:17:03:43 +0000] "GET /admin/config.php HTTP/1.1" 200 6759 "-" "Mozilla/5.0 (compatible; YandexBot/3.0; +http://yandex.com/bots)"
21.234.185.154 - - [31/Mar/2025:17:04:26 +0000] "GET /wp-admin HTTP/1.1" 404 31778 "-" "Mozilla/5.0 (compatible; YandexBot/3.0; +http://yandex.com/bots)"
1.6.129.140 - - [31/Mar/2025:17:05:09 +0000] "GET /register HTTP/1.1" 200 9675 "-" "Mozilla/5.0 (compatible; Googlebot/2.1; +http://www.google.com/bot.html)"
1.6.129.140 - - [31/Mar/2025:17:05:52 +0000] "GET /api/v1/products HTTP/1.1" 200 43542 "-" "Mozilla/5.0 (compatible; YandexBot/3.0; +http://yandex.com/bots)"
7.35.34.176 - - [31/Mar/2025:17:06:35 +0000] "GET /wp-config.php HTTP/1.1" 200 31688 "-" "Mozilla/5.0 (compatible; Googlebot/2.1; +http://www.google.com/bot.html)"
111.171.165.107 - - [31/Mar/2025:17:07:18 +0000] "GET /wp-admin HTTP/1.1" 200 35444 "-" "Mozilla/5.0 (compatible; YandexBot/3.0; +http://yandex.com/bots)"
165.198.162.110 - - [31/Mar/2025:17:08:01 +0000] "GET /wp-admin HTTP/1.1" 200 14695 "-" "Mozilla/5.0 (compatible; Bingbot/2.0; +http://www.bing.com/bingbot.htm)"
82.45.6.249 - - [31/Mar/2025:17:08:44 +0000] "GET /admin/config.php HTTP/1.1" 200 48169 "-" "Mozilla/5.0 (compatible; YandexBot/3.0; +http://yandex.com/bots)"
111.171.165.107 - - [31/Mar/2025:17:09:27 +0000] "GET /index.html HTTP/1.1" 200 4840 "-" "Mozilla/5.0 (compatible; YandexBot/3.0; +http://yandex.com/bots)"
228.157.161.66 - - [31/Mar/2025:17:10:10 +0000] "GET /index.html HTTP/1.1" 200 23198 "-" "Mozilla/5.0 (compatible; YandexBot/3.0; +http://yandex.com/bots)"
111.171.165.107 - - [31/Mar/2025:17:10:53 +0000] "GET /login HTTP/1.1" 200 22756 "-" "Mozilla/5.0 (compatible; Bingbot/2.0; +http://www.bing.com/bingbot.htm)"
1.6.129.140 - - [31/Mar/2025:17:11:36 +0000] "GET /user/login HTTP/1.1" 200 49432 "-" "Mozilla/5.0 (compatible; Googlebot/2.1; +http://www.google.com/bot.html)"
82.45.6.249 - - [31/Mar/2025:17:12:19 +0000] "GET /admin HTTP/1.1" 200 14602 "-" "Mozilla/5.0 (compatible; Googlebot/2.1; +http://www.google.com/bot.html)"
114.11.126.247 - - [31/Mar/2025:17:13:02 +0000] "GET /admin HTTP/1.1" 200 45373 "-" "Mozilla/5.0 (compatible; YandexBot/3.0; +http://yandex.com/bots)"
94.93.197.142 - - [31/Mar/2025:17:13:45 +0000] "GET /api/v1/products HTTP/1.1" 200 28033 "-" "Mozilla/5.0 (compatible; Googlebot/2.1; +http://www.google.com/bot.html)"
111.171.165.107 - - [31/Mar/2025:17:14:28 +0000] "GET /shell.php HTTP/1.1" 200 27469 "-" "Mozilla/5.0 (compatible; YandexBot/3.0; +http://yandex.com/bots)"
228.157.161.66 - - [31/Mar/2025:17:15:11 +0000] "GET /wp-config.php HTTP/1.1" 200 23094 "-" "Mozilla/5.0 (compatible; Bingbot/2.0; +http://www.bing.com/bingbot.htm)"
21.234.185.154 - - [31/Mar/2025:17:15:54 +0000] "GET /admin HTTP/1.1" 200 9471 "-" "Mozilla/5.0 (compatible; Bingbot/2.0; +http://www.bing.com/bingbot.htm)"
165.198.162.110 - - [31/Mar/2025:17:16:37 +0000] "GET /phpmyadmin HTTP/1.1" 200 26932 "-" "Mozilla/5.0 (compatible; Bingbot/2.0; +http://www.bing.com/bingbot.htm)"
21.234.185.154 - - [31/Mar/2025:17:17:20 +0000] "GET /about HTTP/1.1" 404 17462 "-" "Mozilla/5.0 (compatible; Googlebot/2.1; +http://www.google.com/bot.html)"
7.35.34.176 - - [31/Mar/2025:17:18:03 +0000] "GET /about HTTP/1.1" 200 38586 "-" "Mozilla/5.0 (compatible; Bingbot/2.0; +http://www.bing.com/bingbot.htm)"
94.93.197.142 - - [31/Mar/2025:17:18:46 +0000] "GET /api/v1/users HTTP/1.1" 200 49632 "-" "Mozilla/5.0 (compatible; YandexBot/3.0; +http://yandex.com/bots)"
1.6.129.140 - - [31/Mar/2025:17:19:29 +0000] "GET /wp-config.php HTTP/1.1" 200 16041 "-" "Mozilla/5.0 (compatible; Googlebot/2.1; +http://www.google.com/bot.html)"
228.157.161.66 - - [31/Mar/2025:17:20:12 +0000] "GET /api/v1/products HTTP/1.1" 200 43031 "-" "Mozilla/5.0 (compatible; Bingbot/2.0; +http://www.bing.com/bingbot.htm)"
228.157.161.66 - - [31/Mar/2025:17:20:55 +0000] "GET /xmlrpc.php HTTP/1.1" 200 20759 "-" "Mozilla/5.0 (compatible; Bingbot/2.0; +http://www.bing.com/bingbot.htm)"
94.93.197.142 - - [31/Mar/2025:17:21:38 +0000] "GET /administrator HTTP/1.1" 200 24641 "-" "Mozilla/5.0 (compatible; Bingbot/2.0; +http://www.bing.com/bingbot.htm)"
165.198.162.110 - - [31/Mar/2025:17:22:21 +0000] "GET /index.html HTTP/1.1" 200 26886 "-" "Mozilla/5.0 (compatible; Googlebot/2.1; +http://www.google.com/bot.html)"
7.35.34.176 - - [31/Mar/2025:17:23:04 +0000] "GET /administrator HTTP/1.1" 200 12176 "-" "Mozilla/5.0 (compatible; Googlebot/2.1; +http://www.google.com/bot.html)"
94.93.197.142 - - [31/Mar/2025:17:23:47 +0000] "GET /register HTTP/1.1" 200 44617 "-" "Mozilla/5.0 (compatible; Bingbot/2.0; +http://www.bing.com/bingbot.htm)"
82.45.6.249 - - [31/Mar/2025:17:24:30 +0000] "GET /admin HTTP/1.1" 200 23787 "-" "Mozilla/5.0 (compatible; Bingbot/2.0; +http://www.bing.com/bingbot.htm)"
228.157.161.66 - - [31/Mar/2025:17:25:13 +0000] "GET /api/v1/products HTTP/1.1" 200 19006 "-" "Mozilla/5.0 (compatible; Googlebot/2.1; +http://www.google.com/bot.html)"
228.157.161.66 - - [31/Mar/2025:17:25:56 +0000] "GET /wp-admin HTTP/1.1" 200 35859 "-" "Mozilla/5.0 (compatible; YandexBot/3.0; +http://yandex.com/bots)"
7.35.34.176 - - [31/Mar/2025:17:26:39 +0000] "GET /register HTTP/1.1" 200 18645 "-" "Mozilla/5.0 (compatible; Bingbot/2.0; +http://www.bing.com/bingbot.htm)"
82.45.6.249 - - [31/Mar/2025:17:27:22 +0000] "GET /phpmyadmin HTTP/1.1" 200 38304 "-" "Mozilla/5.0 (compatible; Googlebot/2.1; +http://www.google.com/bot.html)"
7.35.34.176 - - [31/Mar/2025:17:28:05 +0000] "GET /admin/config.php HTTP/1.1" 200 19619 "-" "Mozilla/5.0 (compatible; YandexBot/3.0; +http://yandex.com/bots)"
7.35.34.176 - - [31/Mar/2025:17:28:48 +0000] "GET /wp-config.php HTTP/1.1" 200 15832 "-" "Mozilla/5.0 (compatible; YandexBot/3.0; +http://yandex.com/bots)"
21.234.185.154 - - [31/Mar/2025:17:29:31 +0000] "GET / HTTP/1.1" 200 8198 "-" "Mozilla/5.0 (compatible; Googlebot/2.1; +http://www.google.com/bot.html)"
94.93.197.142 - - [31/Mar/2025:17:30:14 +0000] "GET /wp-config.php HTTP/1.1" 200 49615 "-" "Mozilla/5.0 (compatible; YandexBot/3.0; +http://yandex.com/bots)"
199.28.211.240 - - [31/Mar/2025:17:30:57 +0000] "GET /admin HTTP/1.1" 200 5189 "-" "Mozilla/5.0 (compatible; Bingbot/2.0; +http://www.bing.com/bingbot.htm)"
21.234.185.154 - - [31/Mar/2025:17:31:40 +0000] "GET /index.html HTTP/1.1" 200 12077 "-" "Mozilla/5.0 (compatible; YandexBot/3.0; +http://yandex.com/bots)"
111.171.165.107 - - [31/Mar/2025:17:32:23 +0000] "GET /wp-admin HTTP/1.1" 200 45879 "-" "Mozilla/5.0 (compatible; Bingbot/2.0; +http://www.bing.com/bingbot.htm)"
1.6.129.140 - - [31/Mar/2025:17:33:06 +0000] "GET /administrator HTTP/1.1" 200 1019 "-" "Mozilla/5.0 (compatible; Bingbot/2.0; +http://www.bing.com/bingbot.htm)"
199.28.211.240 - - [31/Mar/2025:17:33:49 +0000] "GET /api/v1/products HTTP/1.1" 200 10091 "-" "Mozilla/5.0 (compatible; Googlebot/2.1; +http://www.google.com/bot.html)"
111.171.165.107 - - [31/Mar/2025:17:34:32 +0000] "GET /register HTTP/1.1" 200 25275 "-" "Mozilla/5.0 (compatible; Bingbot/2.0; +http://www.bing.com/bingbot.htm)"
82.45.6.249 - - [31/Mar/2025:17:35:15 +0000] "GET /api/v1/users HTTP/1.1" 200 41633 "-" "Mozilla/5.0 (compatible; Bingbot/2.0; +http://www.bing.com/bingbot.htm)"
165.198.162.110 - - [31/Mar/2025:17:35:58 +0000] "GET /admin HTTP/1.1" 200 32960 "-" "Mozilla/5.0 (compatible; Bingbot/2.0; +http://www.bing.com/bingbot.htm)"
114.11.126.247 - - [31/Mar/2025:17:36:41 +0000] "GET / HTTP/1.1" 200 36592 "-" "Mozilla/5.0 (compatible; Bingbot/2.0; +http://www.bing.com/bingbot.htm)"
199.28.211.240 - - [31/Mar/2025:17:37:24 +0000] "GET /administrator HTTP/1.1" 200 17876 "-" "Mozilla/5.0 (compatible; Bingbot/2.0; +http://www.bing.com/bingbot.htm)"
7.35.34.176 - - [31/Mar/2025:17:38:07 +0000] "GET /phpmyadmin HTTP/1.1" 200 34458 "-" "Mozilla/5.0 (compatible; Bingbot/2.0; +http://www.bing.com/bingbot.htm)"
114.11.126.247 - - [31/Mar/2025:17:38:50 +0000] "GET /user/login HTTP/1.1" 200 22449 "-" "Mozilla/5.0 (compatible; Googlebot/2.1; +http://www.google.com/bot.html)"
114.11.126.247 - - [31/Mar/2025:17:39:33 +0000] "GET /about HTTP/1.1" 200 38510 "-" "Mozilla/5.0 (compatible; Googlebot/2.1; +http://www.google.com/bot.html)"
7.35.34.176 - - [31/Mar/2025:17:40:16 +0000] "GET /wp-login.php HTTP/1.1" 200 46741 "-" "Mozilla/5.0 (compatible; Googlebot/2.1; +http://www.google.com/bot.html)"
165.198.162.110 - - [31/Mar/2025:17:40:59 +0000] "GET /shell.php HTTP/1.1" 200 32450 "-" "Mozilla/5.0 (compatible; YandexBot/3.0; +http://yandex.com/bots)"
165.198.162.110 - - [31/Mar/2025:17:41:42 +0000] "GET /phpmyadmin HTTP/1.1" 200 48622 "-" "Mozilla/5.0 (compatible; Googlebot/2.1; +http://www.google.com/bot.html)"
82.45.6.249 - - [31/Mar/2025:17:42:25 +0000] "GET /admin HTTP/1.1" 200 3930 "-" "Mozilla/5.0 (compatible; YandexBot/3.0; +http://yandex.com/bots)"
165.198.162.110 - - [31/Mar/2025:17:43:08 +0000] "GET /index.html HTTP/1.1" 200 17215 "-" "Mozilla/5.0 (compatible; YandexBot/3.0; +http://yandex.com/bots)"
21.234.185.154 - - [31/Mar/2025:17:43:51 +0000] "GET /api/v1/users HTTP/1.1" 404 49967 "-" "Mozilla/5.0 (compatible; YandexBot/3.0; +http://yandex.com/bots)"
228.157.161.66 - - [31/Mar/2025:17:44:34 +0000] "GET /api/v1/users HTTP/1.1" 200 18973 "-" "Mozilla/5.0 (compatible; Googlebot/2.1; +http://www.google.com/bot.html)"
94.93.197.142 - - [31/Mar/2025:17:45:17 +0000] "GET /api/v1/users HTTP/1.1" 200 5024 "-" "Mozilla/5.0 (compatible; YandexBot/3.0; +http://yandex.com/bots)"
7.35.34.176 - - [31/Mar/2025:17:46:00 +0000] "GET /wp-admin HTTP/1.1" 200 36907 "-" "Mozilla/5.0 (compatible; Googlebot/2.1; +http://www.google.com/bot.html)"
199.28.211.240 - - [31/Mar/2025:17:46:43 +0000] "GET /api/v1/products HTTP/1.1" 200 5504 "-" "Mozilla/5.0 (compatible; Bingbot/2.0; +http://www.bing.com/bingbot.htm)"
165.198.162.110 - - [31/Mar/2025:17:47:26 +0000] "GET /api/v1/users HTTP/1.1" 200 29321 "-" "Mozilla/5.0 (compatible; YandexBot/3.0; +http://yandex.com/bots)"
228.157.161.66 - - [31/Mar/2025:17:48:09 +0000] "GET /admin/config.php HTTP/1.1" 200 17847 "-" "Mozilla/5.0 (compatible; Bingbot/2.0; +http://www.bing.com/bingbot.htm)"
82.45.6.249 - - [31/Mar/2025:17:48:52 +0000] "GET /xmlrpc.php HTTP/1.1" 200 3349 "-" "Mozilla/5.0 (compatible; Bingbot/2.0; +http://www.bing.com/bingbot.htm)"
165.198.162.110 - - [31/Mar/2025:17:49:35 +0000] "GET /administrator HTTP/1.1" 200 7962 "-" "Mozilla/5.0 (compatible; Googlebot/2.1; +http://www.google.com/bot.html)"
199.28.211.240 - - [31/Mar/2025:17:50:18 +0000] "GET /login HTTP/1.1" 200 3321 "-" "Mozilla/5.0 (compatible; Bingbot/2.0; +http://www.bing.com/bingbot.htm)"
94.93.197.142 - - [31/Mar/2025:17:51:01 +0000] "GET /phpmyadmin HTTP/1.1" 200 31397 "-" "Mozilla/5.0 (compatible; YandexBot/3.0; +http://yandex.com/bots)"
228.157.161.66 - - [31/Mar/2025:17:51:44 +0000] "GET /register HTTP/1.1" 404 24881 "-" "Mozilla/5.0 (compatible; Bingbot/2.0; +http://www.bing.com/bingbot.htm)"
199.28.211.240 - - [31/Mar/2025:17:52:27 +0000] "GET /api/v1/products HTTP/1.1" 200 3338 "-" "Mozilla/5.0 (compatible; Googlebot/2.1; +http://www.google.com/bot.html)"
94.93.197.142 - - [31/Mar/2025:17:53:10 +0000] "GET /wp-config.php HTTP/1.1" 200 45394 "-" "Mozilla/5.0 (compatible; Googlebot/2.1; +http://www.google.com/bot.html)"
1.6.129.140 - - [31/Mar/2025:17:53:53 +0000] "GET /api/v1/products HTTP/1.1" 200 17774 "-" "Mozilla/5.0 (compatible; Googlebot/2.1; +http://www.google.com/bot.html)"
114.11.126.247 - - [31/Mar/2025:17:54:36 +0000] "GET /wp-config.php HTTP/1.1" 200 20144 "-" "Mozilla/5.0 (compatible; YandexBot/3.0; +http://yandex.com/bots)"
21.234.185.154 - - [31/Mar/2025:17:55:19 +0000] "GET /wp-admin HTTP/1.1" 200 26335 "-" "Mozilla/5.0 (compatible; Googlebot/2.1; +http://www.google.com/bot.html)"
82.45.6.249 - - [31/Mar/2025:17:56:02 +0000] "GET /index.html HTTP/1.1" 404 42997 "-" "Mozilla/5.0 (compatible; Bingbot/2.0; +http://www.bing.com/bingbot.htm)"
94.93.197.142 - - [31/Mar/2025:17:56:45 +0000] "GET /admin/config.php HTTP/1.1" 200 12283 "-" "Mozilla/5.0 (compatible; Googlebot/2.1; +http://www.google.com/bot.html)"
1.6.129.140 - - [31/Mar/2025:17:57:28 +0000] "GET /shell.php HTTP/1.1" 200 14076 "-" "Mozilla/5.0 (compatible; Googlebot/2.1; +http://www.google.com/bot.html)"
94.93.197.142 - - [31/Mar/2025:17:58:11 +0000] "GET /about HTTP/1.1" 404 9376 "-" "Mozilla/5.0 (compatible; Googlebot/2.1; +http://www.google.com/bot.html)"
114.11.126.247 - - [31/Mar/2025:17:58:54 +0000] "GET /admin HTTP/1.1" 200 7391 "-" "Mozilla/5.0 (compatible; Bingbot/2.0; +http://www.bing.com/bingbot.htm)"
21.234.185.154 - - [31/Mar/2025:17:59:37 +0000] "GET /api/v1/users HTTP/1.1" 200 35919 "-" "Mozilla/5.0 (compatible; Bingbot/2.0; +http://www.bing.com/bingbot.htm)"
1.6.129.140 - - [31/Mar/2025:18:00:20 +0000] "GET /register HTTP/1.1" 404 35386 "-" "Mozilla/5.0 (compatible; YandexBot/3.0; +http://yandex.com/bots)"
114.11.126.247 - - [31/Mar/2025:18:01:03 +0000] "GET /admin HTTP/1.1" 200 37969 "-" "Mozilla/5.0 (compatible; YandexBot/3.0; +http://yandex.com/bots)"
1.6.129.140 - - [31/Mar/2025:18:01:46 +0000] "GET / HTTP/1.1" 200 48051 "-" "Mozilla/5.0 (compatible; Bingbot/2.0; +http://www.bing.com/bingbot.htm)"
82.45.6.249 - - [31/Mar/2025:18:02:29 +0000] "GET /administrator HTTP/1.1" 200 47238 "-" "Mozilla/5.0 (compatible; Bingbot/2.0; +http://www.bing.com/bingbot.htm)"
114.11.126.247 - - [31/Mar/2025:18:03:12 +0000] "GET /administrator HTTP/1.1" 200 7228 "-" "Mozilla/5.0 (compatible; Googlebot/2.1; +http://www.google.com/bot.html)"
94.93.197.142 - - [31/Mar/2025:18:03:55 +0000] "GET /admin HTTP/1.1" 200 27495 "-" "Mozilla/5.0 (compatible; YandexBot/3.0; +http://yandex.com/bots)"
21.234.185.154 - - [31/Mar/2025:18:04:38 +0000] "GET /wp-login.php HTTP/1.1" 404 40680 "-" "Mozilla/5.0 (compatible; YandexBot/3.0; +http://yandex.com/bots)"
165.198.162.110 - - [31/Mar/2025:18:05:21 +0000] "GET /index.html HTTP/1.1" 200 25333 "-" "Mozilla/5.0 (compatible; Googlebot/2.1; +http://www.google.com/bot.html)"
94.93.197.142 - - [31/Mar/2025:18:06:04 +0000] "GET /api/v1/users HTTP/1.1" 200 4268 "-" "Mozilla/5.0 (compatible; YandexBot/3.0; +http://yandex.com/bots)"
199.28.211.240 - - [31/Mar/2025:18:06:47 +0000] "GET /login HTTP/1.1" 404 45775 "-" "Mozilla/5.0 (compatible; Googlebot/2.1; +http://www.google.com/bot.html)"
1.6.129.140 - - [31/Mar/2025:18:07:30 +0000] "GET /admin/config.php HTTP/1.1" 200 31520 "-" "Mozilla/5.0 (compatible; Googlebot/2.1; +http://www.google.com/bot.html)"
199.28.211.240 - - [31/Mar/2025:18:08:13 +0000] "GET /api/v1/users HTTP/1.1" 200 14160 "-" "Mozilla/5.0 (compatible; Bingbot/2.0; +http://www.bing.com/bingbot.htm)"
21.234.185.154 - - [31/Mar/2025:18:08:56 +0000] "GET /phpmyadmin HTTP/1.1" 200 7641 "-" "Mozilla/5.0 (compatible; Bingbot/2.0; +http://www.bing.com/bingbot.htm)"
114.11.126.247 - - [31/Mar/2025:18:09:39 +0000] "GET /about HTTP/1.1" 200 39917 "-" "Mozilla/5.0 (compatible; YandexBot/3.0; +http://yandex.com/bots)"
114.11.126.247 - - [31/Mar/2025:18:10:22 +0000] "GET /phpmyadmin HTTP/1.1" 200 21035 "-" "Mozilla/5.0 (compatible; Googlebot/2.1; +http://www.google.com/bot.html)"
228.157.161.66 - - [31/Mar/2025:18:11:05 +0000] "GET /wp-config.php HTTP/1.1" 200 23582 "-" "Mozilla/5.0 (compatible; Googlebot/2.1; +http://www.google.com/bot.html)"
82.45.6.249 - - [31/Mar/2025:18:11:48 +0000] "GET /login HTTP/1.1" 200 13594 "-" "Mozilla/5.0 (compatible; YandexBot/3.0; +http://yandex.com/bots)"
7.35.34.176 - - [31/Mar/2025:18:12:31 +0000] "GET /index.html HTTP/1.1" 404 3060 "-" "Mozilla/5.0 (compatible; YandexBot/3.0; +http://yandex.com/bots)"
21.234.185.154 - - [31/Mar/2025:18:13:14 +0000] "GET /index.html HTTP/1.1" 200 20771 "-" "Mozilla/5.0 (compatible; Googlebot/2.1; +http://www.google.com/bot.html)"
228.157.161.66 - - [31/Mar/2025:18:13:57 +0000] "GET /administrator HTTP/1.1" 200 12431 "-" "Mozilla/5.0 (compatible; Bingbot/2.0; +http://www.bing.com/bingbot.htm)"
21.234.185.154 - - [31/Mar/2025:18:14:40 +0000] "GET /index.html HTTP/1.1" 200 7143 "-" "Mozilla/5.0 (compatible; Bingbot/2.0; +http://www.bing.com/bingbot.htm)"
228.157.161.66 - - [31/Mar/2025:18:15:23 +0000] "GET /phpmyadmin HTTP/1.1" 200 23885 "-" "Mozilla/5.0 (compatible; YandexBot/3.0; +http://yandex.com/bots)"
228.157.161.66 - - [31/Mar/2025:18:16:06 +0000] "GET /api/v1/users HTTP/1.1" 200 3451 "-" "Mozilla/5.0 (compatible; Bingbot/2.0; +http://www.bing.com/bingbot.htm)"
94.93.197.142 - - [31/Mar/2025:18:16:49 +0000] "GET /index.html HTTP/1.1" 200 31976 "-" "Mozilla/5.0 (compatible; Googlebot/2.1; +http://www.google.com/bot.html)"
1.6.129.140 - - [31/Mar/2025:18:17:32 +0000] "GET /admin HTTP/1.1" 404 32392 "-" "Mozilla/5.0 (compatible; Googlebot/2.1; +http://www.google.com/bot.html)"
7.35.34.176 - - [31/Mar/2025:18:18:15 +0000] "GET /contact HTTP/1.1" 200 33726 "-" "Mozilla/5.0 (compatible; Googlebot/2.1; +http://www.google.com/bot.html)"
111.171.165.107 - - [31/Mar/2025:18:18:58 +0000] "GET /login HTTP/1.1" 200 46294 "-" "Mozilla/5.0 (compatible; Googlebot/2.1; +http://www.google.com/bot.html)"
94.93.197.142 - - [31/Mar/2025:18:19:41 +0000] "GET /phpmyadmin HTTP/1.1" 200 17403 "-" "Mozilla/5.0 (compatible; Googlebot/2.1; +http://www.google.com/bot.html)"
114.11.126.247 - - [31/Mar/2025:18:20:24 +0000] "GET /admin/config.php HTTP/1.1" 200 40457 "-" "Mozilla/5.0 (compatible; Bingbot/2.0; +http://www.bing.com/bingbot.htm)"
114.11.126.247 - - [31/Mar/2025:18:21:07 +0000] "GET /about HTTP/1.1" 200 14982 "-" "Mozilla/5.0 (compatible; YandexBot/3.0; +http://yandex.com/bots)"
199.28.211.240 - - [31/Mar/2025:18:21:50 +0000] "GET /api/v1/users HTTP/1.1" 200 38962 "-" "Mozilla/5.0 (compatible; Bingbot/2.0; +http://www.bing.com/bingbot.htm)"
7.35.34.176 - - [31/Mar/2025:18:22:33 +0000] "GET /register HTTP/1.1" 200 33912 "-" "Mozilla/5.0 (compatible; YandexBot/3.0; +http://yandex.com/bots)"
165.198.162.110 - - [31/Mar/2025:18:23:16 +0000] "GET /admin HTTP/1.1" 200 2890 "-" "Mozilla/5.0 (compatible; Googlebot/2.1; +http://www.google.com/bot.html)"
82.45.6.249 - - [31/Mar/2025:18:23:59 +0000] "GET /admin HTTP/1.1" 200 21494 "-" "Mozilla/5.0 (compatible; YandexBot/3.0; +http://yandex.com/bots)"
7.35.34.176 - - [31/Mar/2025:18:24:42 +0000] "GET /xmlrpc.php HTTP/1.1" 200 31843 "-" "Mozilla/5.0 (compatible; Bingbot/2.0; +http://www.bing.com/bingbot.htm)"
114.11.126.247 - - [31/Mar/2025:18:25:25 +0000] "GET /admin/config.php HTTP/1.1" 200 46669 "-" "Mozilla/5.0 (compatible; Googlebot/2.1; +http://www.google.com/bot.html)"
199.28.211.240 - - [31/Mar/2025:18:26:08 +0000] "GET /administrator HTTP/1.1" 200 35554 "-" "Mozilla/5.0 (compatible; Bingbot/2.0; +http://www.bing.com/bingbot.htm)"
114.11.126.247 - - [31/Mar/2025:18:26:51 +0000] "GET /wp-config.php HTTP/1.1" 200 4441 "-" "Mozilla/5.0 (compatible; YandexBot/3.0; +http://yandex.com/bots)"
165.198.162.110 - - [31/Mar/2025:18:27:34 +0000] "GET /wp-config.php HTTP/1.1" 200 13886 "-" "Mozilla/5.0 (compatible; YandexBot/3.0; +http://yandex.com/bots)"
199.28.211.240 - - [31/Mar/2025:18:28:17 +0000] "GET /login HTTP/1.1" 200 28895 "-" "Mozilla/5.0 (compatible; Googlebot/2.1; +http://www.google.com/bot.html)"
114.11.126.247 - - [31/Mar/2025:18:29:00 +0000] "GET /administrator HTTP/1.1" 200 6413 "-" "Mozilla/5.0 (compatible; Bingbot/2.0; +http://www.bing.com/bingbot.htm)"
21.234.185.154 - - [31/Mar/2025:18:29:43 +0000] "GET /xmlrpc.php HTTP/1.1" 200 8791 "-" "Mozilla/5.0 (compatible; Bingbot/2.0; +http://www.bing.com/bingbot.htm)"
199.28.211.240 - - [31/Mar/2025:18:30:26 +0000] "GET /wp-login.php HTTP/1.1" 200 6889 "-" "Mozilla/5.0 (compatible; Googlebot/2.1; +http://www.google.com/bot.html)"
21.234.185.154 - - [31/Mar/2025:18:31:09 +0000] "GET /contact HTTP/1.1" 200 4077 "-" "Mozilla/5.0 (compatible; Bingbot/2.0; +http://www.bing.com/bingbot.htm)"
94.93.197.142 - - [31/Mar/2025:18:31:52 +0000] "GET /register HTTP/1.1" 200 5696 "-" "Mozilla/5.0 (compatible; YandexBot/3.0; +http://yandex.com/bots)"
7.35.34.176 - - [31/Mar/2025:18:32:35 +0000] "GET /user/login HTTP/1.1" 200 7924 "-" "Mozilla/5.0 (compatible; Googlebot/2.1; +http://www.google.com/bot.html)"
1.6.129.140 - - [31/Mar/2025:18:33:18 +0000] "GET /about HTTP/1.1" 200 11158 "-" "Mozilla/5.0 (compatible; YandexBot/3.0; +http://yandex.com/bots)"
228.157.161.66 - - [31/Mar/2025:18:34:01 +0000] "GET / HTTP/1.1" 200 16103 "-" "Mozilla/5.0 (compatible; Googlebot/2.1; +http://www.google.com/bot.html)"
111.171.165.107 - - [31/Mar/2025:18:34:44 +0000] "GET /index.html HTTP/1.1" 200 15204 "-" "Mozilla/5.0 (compatible; Googlebot/2.1; +http://www.google.com/bot.html)"
199.28.211.240 - - [31/Mar/2025:18:35:27 +0000] "GET /phpmyadmin HTTP/1.1" 404 15174 "-" "Mozilla/5.0 (compatible; Googlebot/2.1; +http://www.google.com/bot.html)"
111.171.165.107 - - [31/Mar/2025:18:36:10 +0000] "GET /wp-login.php HTTP/1.1" 200 43439 "-" "Mozilla/5.0 (compatible; YandexBot/3.0; +http://yandex.com/bots)"
7.35.34.176 - - [31/Mar/2025:18:36:53 +0000] "GET /api/v1/products HTTP/1.1" 200 37743 "-" "Mozilla/5.0 (compatible; YandexBot/3.0; +http://yandex.com/bots)"
82.45.6.249 - - [31/Mar/2025:18:37:36 +0000] "GET /admin/config.php HTTP/1.1" 200 29330 "-" "Mozilla/5.0 (compatible; Bingbot/2.0; +http://www.bing.com/bingbot.htm)"
1.6.129.140 - - [31/Mar/2025:18:38:19 +0000] "GET /xmlrpc.php HTTP/1.1" 200 47374 "-" "Mozilla/5.0 (compatible; Googlebot/2.1; +http://www.google.com/bot.html)"
7.35.34.176 - - [31/Mar/2025:18:39:02 +0000] "GET /register HTTP/1.1" 404 34339 "-" "Mozilla/5.0 (compatible; Googlebot/2.1; +http://www.google.com/bot.html)"
228.157.161.66 - - [31/Mar/2025:18:39:45 +0000] "GET /user/login HTTP/1.1" 200 38667 "-" "Mozilla/5.0 (compatible; Googlebot/2.1; +http://www.google.com/bot.html)"
7.35.34.176 - - [31/Mar/2025:18:40:28 +0000] "GET /register HTTP/1.1" 404 2343 "-" "Mozilla/5.0 (compatible; Bingbot/2.0; +http://www.bing.com/bingbot.htm)"
94.93.197.142 - - [31/Mar/2025:18:41:11 +0000] "GET /about HTTP/1.1" 200 8205 "-" "Mozilla/5.0 (compatible; Googlebot/2.1; +http://www.google.com/bot.html)"
7.35.34.176 - - [31/Mar/2025:18:41:54 +0000] "GET /wp-admin HTTP/1.1" 200 10704 "-" "Mozilla/5.0 (compatible; Bingbot/2.0; +http://www.bing.com/bingbot.htm)"
228.157.161.66 - - [31/Mar/2025:18:42:37 +0000] "GET /wp-admin HTTP/1.1" 200 22232 "-" "Mozilla/5.0 (compatible; Googlebot/2.1; +http://www.google.com/bot.html)"
114.11.126.247 - - [31/Mar/2025:18:43:20 +0000] "GET /api/v1/users HTTP/1.1" 200 18434 "-" "Mozilla/5.0 (compatible; Googlebot/2.1; +http://www.google.com/bot.html)"
111.171.165.107 - - [31/Mar/2025:18:44:03 +0000] "GET /phpmyadmin HTTP/1.1" 200 37771 "-" "Mozilla/5.0 (compatible; YandexBot/3.0; +http://yandex.com/bots)"
165.198.162.110 - - [31/Mar/2025:18:44:46 +0000] "GET /admin/config.php HTTP/1.1" 200 4172 "-" "Mozilla/5.0 (compatible; Googlebot/2.1; +http://www.google.com/bot.html)"
114.11.126.247 - - [31/Mar/2025:18:45:29 +0000] "GET /api/v1/products HTTP/1.1" 200 16966 "-" "Mozilla/5.0 (compatible; YandexBot/3.0; +http://yandex.com/bots)"
165.198.162.110 - - [31/Mar/2025:18:46:12 +0000] "GET /about HTTP/1.1" 200 5341 "-" "Mozilla/5.0 (compatible; YandexBot/3.0; +http://yandex.com/bots)"
228.157.161.66 - - [31/Mar/2025:18:46:55 +0000] "GET / HTTP/1.1" 200 11582 "-" "Mozilla/5.0 (compatible; YandexBot/3.0; +http://yandex.com/bots)"
165.198.162.110 - - [31/Mar/2025:18:47:38 +0000] "GET /shell.php HTTP/1.1" 200 46273 "-" "Mozilla/5.0 (compatible; Bingbot/2.0; +http://www.bing.com/bingbot.htm)"
228.157.161.66 - - [31/Mar/2025:18:48:21 +0000] "GET /administrator HTTP/1.1" 200 18553 "-" "Mozilla/5.0 (compatible; Googlebot/2.1; +http://www.google.com/bot.html)"
165.198.162.110 - - [31/Mar/2025:18:49:04 +0000] "GET /shell.php HTTP/1.1" 200 14130 "-" "Mozilla/5.0 (compatible; Bingbot/2.0; +http://www.bing.com/bingbot.htm)"
111.171.165.107 - - [31/Mar/2025:18:49:47 +0000] "GET /register HTTP/1.1" 200 15619 "-" "Mozilla/5.0 (compatible; YandexBot/3.0; +http://yandex.com/bots)"
228.157.161.66 - - [31/Mar/2025:18:50:30 +0000] "GET /shell.php HTTP/1.1" 200 24915 "-" "Mozilla/5.0 (compatible; Googlebot/2.1; +http://www.google.com/bot.html)"
21.234.185.154 - - [31/Mar/2025:18:51:13 +0000] "GET /login HTTP/1.1" 200 5683 "-" "Mozilla/5.0 (compatible; Bingbot/2.0; +http://www.bing.com/bingbot.htm)"
199.28.211.240 - - [31/Mar/2025:18:51:56 +0000] "GET /admin HTTP/1.1" 200 43443 "-" "Mozilla/5.0 (compatible; Googlebot/2.1; +http://www.google.com/bot.html)"
165.198.162.110 - - [31/Mar/2025:18:52:39 +0000] "GET /admin/config.php HTTP/1.1" 200 36785 "-" "Mozilla/5.0 (compatible; YandexBot/3.0; +http://yandex.com/bots)"
199.28.211.240 - - [31/Mar/2025:18:53:22 +0000] "GET /shell.php HTTP/1.1" 200 24166 "-" "Mozilla/5.0 (compatible; Googlebot/2.1; +http://www.google.com/bot.html)"
199.28.211.240 - - [31/Mar/2025:18:54:05 +0000] "GET / HTTP/1.1" 200 25164 "-" "Mozilla/5.0 (compatible; YandexBot/3.0; +http://yandex.com/bots)"
199.28.211.240 - - [31/Mar/2025:18:54:48 +0000] "GET /wp-login.php HTTP/1.1" 200 20492 "-" "Mozilla/5.0 (compatible; Googlebot/2.1; +http://www.google.com/bot.html)"
199.28.211.240 - - [31/Mar/2025:18:55:31 +0000] "GET /user/login HTTP/1.1" 200 8522 "-" "Mozilla/5.0 (compatible; Googlebot/2.1; +http://www.google.com/bot.html)"
1.6.129.140 - - [31/Mar/2025:18:56:14 +0000] "GET /phpmyadmin HTTP/1.1" 200 8127 "-" "Mozilla/5.0 (compatible; YandexBot/3.0; +http://yandex.com/bots)"
228.157.161.66 - - [31/Mar/2025:18:56:57 +0000] "GET /wp-admin HTTP/1.1" 200 46949 "-" "Mozilla/5.0 (compatible; Googlebot/2.1; +http://www.google.com/bot.html)"
21.234.185.154 - - [31/Mar/2025:18:57:40 +0000] "GET /user/login HTTP/1.1" 404 20495 "-" "Mozilla/5.0 (compatible; Googlebot/2.1; +http://www.google.com/bot.html)"
94.93.197.142 - - [31/Mar/2025:18:58:23 +0000] "GET /admin/config.php HTTP/1.1" 200 13648 "-" "Mozilla/5.0 (compatible; Googlebot/2.1; +http://www.google.com/bot.html)"
165.198.162.110 - - [31/Mar/2025:18:59:06 +0000] "GET /admin HTTP/1.1" 200 28246 "-" "Mozilla/5.0 (compatible; YandexBot/3.0; +http://yandex.com/bots)"
199.28.211.240 - - [31/Mar/2025:18:59:49 +0000] "GET / HTTP/1.1" 200 5095 "-" "Mozilla/5.0 (compatible; YandexBot/3.0; +http://yandex.com/bots)"
7.35.34.176 - - [31/Mar/2025:19:00:32 +0000] "GET /contact HTTP/1.1" 200 21424 "-" "Mozilla/5.0 (compatible; Googlebot/2.1; +http://www.google.com/bot.html)"
165.198.162.110 - - [31/Mar/2025:19:01:15 +0000] "GET /wp-config.php HTTP/1.1" 200 17220 "-" "Mozilla/5.0 (compatible; Googlebot/2.1; +http://www.google.com/bot.html)"
7.35.34.176 - - [31/Mar/2025:19:01:58 +0000] "GET /administrator HTTP/1.1" 200 5179 "-" "Mozilla/5.0 (compatible; Googlebot/2.1; +http://www.google.com/bot.html)"
7.35.34.176 - - [31/Mar/2025:19:02:41 +0000] "GET /login HTTP/1.1" 200 14444 "-" "Mozilla/5.0 (compatible; Bingbot/2.0; +http://www.bing.com/bingbot.htm)"
228.157.161.66 - - [31/Mar/2025:19:03:24 +0000] "GET /login HTTP/1.1" 200 31200 "-" "Mozilla/5.0 (compatible; YandexBot/3.0; +http://yandex.com/bots)"
21.234.185.154 - - [31/Mar/2025:19:04:07 +0000] "GET /api/v1/users HTTP/1.1" 200 2415 "-" "Mozilla/5.0 (compatible; Googlebot/2.1; +http://www.google.com/bot.html)"
228.157.161.66 - - [31/Mar/2025:19:04:50 +0000] "GET /login HTTP/1.1" 200 35379 "-" "Mozilla/5.0 (compatible; Bingbot/2.0; +http://www.bing.com/bingbot.htm)"
94.93.197.142 - - [31/Mar/2025:19:05:33 +0000] "GET /user/login HTTP/1.1" 200 39745 "-" "Mozilla/5.0 (compatible; Bingbot/2.0; +http://www.bing.com/bingbot.htm)"
199.28.211.240 - - [31/Mar/2025:19:06:16 +0000] "GET /admin/config.php HTTP/1.1" 200 16188 "-" "Mozilla/5.0 (compatible; Bingbot/2.0; +http://www.bing.com/bingbot.htm)"
111.171.165.107 - - [31/Mar/2025:19:06:59 +0000] "GET /xmlrpc.php HTTP/1.1" 200 15813 "-" "Mozilla/5.0 (compatible; Bingbot/2.0; +http://www.bing.com/bingbot.htm)"
94.93.197.142 - - [31/Mar/2025:19:07:42 +0000] "GET /shell.php HTTP/1.1" 200 10255 "-" "Mozilla/5.0 (compatible; Googlebot/2.1; +http://www.google.com/bot.html)"
94.93.197.142 - - [31/Mar/2025:19:08:25 +0000] "GET /wp-admin HTTP/1.1" 404 37709 "-" "Mozilla/5.0 (compatible; Googlebot/2.1; +http://www.google.com/bot.html)"
1.6.129.140 - - [31/Mar/2025:19:09:08 +0000] "GET /api/v1/products HTTP/1.1" 200 2694 "-" "Mozilla/5.0 (compatible; Bingbot/2.0; +http://www.bing.com/bingbot.htm)"
21.234.185.154 - - [31/Mar/2025:19:09:51 +0000] "GET /wp-admin HTTP/1.1" 200 22092 "-" "Mozilla/5.0 (compatible; YandexBot/3.0; +http://yandex.com/bots)"
7.35.34.176 - - [31/Mar/2025:19:10:34 +0000] "GET /api/v1/users HTTP/1.1" 404 3102 "-" "Mozilla/5.0 (compatible; YandexBot/3.0; +http://yandex.com/bots)"
165.198.162.110 - - [31/Mar/2025:19:11:17 +0000] "GET /register HTTP/1.1" 200 30789 "-" "Mozilla/5.0 (compatible; Bingbot/2.0; +http://www.bing.com/bingbot.htm)"
21.234.185.154 - - [31/Mar/2025:19:12:00 +0000] "GET /index.html HTTP/1.1" 200 32262 "-" "Mozilla/5.0 (compatible; Googlebot/2.1; +http://www.google.com/bot.html)"
94.93.197.142 - - [31/Mar/2025:19:12:43 +0000] "GET /about HTTP/1.1" 200 38189 "-" "Mozilla/5.0 (compatible; Googlebot/2.1; +http://www.google.com/bot.html)"
1.6.129.140 - - [31/Mar/2025:19:13:26 +0000] "GET /xmlrpc.php HTTP/1.1" 200 44111 "-" "Mozilla/5.0 (compatible; Bingbot/2.0; +http://www.bing.com/bingbot.htm)"
114.11.126.247 - - [31/Mar/2025:19:14:09 +0000] "GET /shell.php HTTP/1.1" 200 43333 "-" "Mozilla/5.0 (compatible; YandexBot/3.0; +http://yandex.com/bots)"
94.93.197.142 - - [31/Mar/2025:19:14:52 +0000] "GET /wp-login.php HTTP/1.1" 200 25566 "-" "Mozilla/5.0 (compatible; Bingbot/2.0; +http://www.bing.com/bingbot.htm)"
7.35.34.176 - - [31/Mar/2025:19:15:35 +0000] "GET /wp-login.php HTTP/1.1" 200 5061 "-" "Mozilla/5.0 (compatible; Bingbot/2.0; +http://www.bing.com/bingbot.htm)"
21.234.185.154 - - [31/Mar/2025:19:16:18 +0000] "GET /about HTTP/1.1" 200 44687 "-" "Mozilla/5.0 (compatible; Googlebot/2.1; +http://www.google.com/bot.html)"
114.11.126.247 - - [31/Mar/2025:19:17:01 +0000] "GET /shell.php HTTP/1.1" 200 2398 "-" "Mozilla/5.0 (compatible; YandexBot/3.0; +http://yandex.com/bots)"
21.234.185.154 - - [31/Mar/2025:19:17:44 +0000] "GET /wp-config.php HTTP/1.1" 404 45516 "-" "Mozilla/5.0 (compatible; Bingbot/2.0; +http://www.bing.com/bingbot.htm)"
114.11.126.247 - - [31/Mar/2025:19:18:27 +0000] "GET /contact HTTP/1.1" 200 6767 "-" "Mozilla/5.0 (compatible; YandexBot/3.0; +http://yandex.com/bots)"
7.35.34.176 - - [31/Mar/2025:19:19:10 +0000] "GET /api/v1/products HTTP/1.1" 200 10678 "-" "Mozilla/5.0 (compatible; Bingbot/2.0; +http://www.bing.com/bingbot.htm)"
165.198.162.110 - - [31/Mar/2025:19:19:53 +0000] "GET /wp-admin HTTP/1.1" 200 45743 "-" "Mozilla/5.0 (compatible; Googlebot/2.1; +http://www.google.com/bot.html)"
21.234.185.154 - - [31/Mar/2025:19:20:36 +0000] "GET /register HTTP/1.1" 200 44435 "-" "Mozilla/5.0 (compatible; YandexBot/3.0; +http://yandex.com/bots)"
111.171.165.107 - - [31/Mar/2025:19:21:19 +0000] "GET /login HTTP/1.1" 200 30992 "-" "Mozilla/5.0 (compatible; Googlebot/2.1; +http://www.google.com/bot.html)"
114.11.126.247 - - [31/Mar/2025:19:22:02 +0000] "GET /api/v1/products HTTP/1.1" 200 43066 "-" "Mozilla/5.0 (compatible; Googlebot/2.1; +http://www.google.com/bot.html)"
165.198.162.110 - - [31/Mar/2025:19:22:45 +0000] "GET /login HTTP/1.1" 200 11976 "-" "Mozilla/5.0 (compatible; Googlebot/2.1; +http://www.google.com/bot.html)"
21.234.185.154 - - [31/Mar/2025:19:23:28 +0000] "GET /about HTTP/1.1" 200 9911 "-" "Mozilla/5.0 (compatible; Googlebot/2.1; +http://www.google.com/bot.html)"
165.198.162.110 - - [31/Mar/2025:19:24:11 +0000] "GET /api/v1/users HTTP/1.1" 200 8783 "-" "Mozilla/5.0 (compatible; YandexBot/3.0; +http://yandex.com/bots)"
7.35.34.176 - - [31/Mar/2025:19:24:54 +0000] "GET /index.html HTTP/1.1" 200 22573 "-" "Mozilla/5.0 (compatible; YandexBot/3.0; +http://yandex.com/bots)"
7.35.34.176 - - [31/Mar/2025:19:25:37 +0000] "GET /shell.php HTTP/1.1" 404 24896 "-" "Mozilla/5.0 (compatible; Bingbot/2.0; +http://www.bing.com/bingbot.htm)"
1.6.129.140 - - [31/Mar/2025:19:26:20 +0000] "GET /xmlrpc.php HTTP/1.1" 200 28904 "-" "Mozilla/5.0 (compatible; Googlebot/2.1; +http://www.google.com/bot.html)"
94.93.197.142 - - [31/Mar/2025:19:27:03 +0000] "GET /user/login HTTP/1.1" 200 21553 "-" "Mozilla/5.0 (compatible; YandexBot/3.0; +http://yandex.com/bots)"
82.45.6.249 - - [31/Mar/2025:19:27:46 +0000] "GET /admin/config.php HTTP/1.1" 200 43918 "-" "Mozilla/5.0 (compatible; Bingbot/2.0; +http://www.bing.com/bingbot.htm)"
165.198.162.110 - - [31/Mar/2025:19:28:29 +0000] "GET /wp-login.php HTTP/1.1" 200 3356 "-" "Mozilla/5.0 (compatible; Googlebot/2.1; +http://www.google.com/bot.html)"
199.28.211.240 - - [31/Mar/2025:19:29:12 +0000] "GET / HTTP/1.1" 200 31524 "-" "Mozilla/5.0 (compatible; Googlebot/2.1; +http://www.google.com/bot.html)"
228.157.161.66 - - [31/Mar/2025:19:29:55 +0000] "GET /wp-login.php HTTP/1.1" 200 29623 "-" "Mozilla/5.0 (compatible; Bingbot/2.0; +http://www.bing.com/bingbot.htm)"
199.28.211.240 - - [31/Mar/2025:19:30:38 +0000] "GET /about HTTP/1.1" 200 21551 "-" "Mozilla/5.0 (compatible; Googlebot/2.1; +http://www.google.com/bot.html)"
82.45.6.249 - - [31/Mar/2025:19:31:21 +0000] "GET /wp-config.php HTTP/1.1" 200 34180 "-" "Mozilla/5.0 (compatible; Googlebot/2.1; +http://www.google.com/bot.html)"
165.198.162.110 - - [31/Mar/2025:19:32:04 +0000] "GET /register HTTP/1.1" 200 3775 "-" "Mozilla/5.0 (compatible; Bingbot/2.0; +http://www.bing.com/bingbot.htm)"
111.171.165.107 - - [31/Mar/2025:19:32:47 +0000] "GET /api/v1/products HTTP/1.1" 200 28736 "-" "Mozilla/5.0 (compatible; Googlebot/2.1; +http://www.google.com/bot.html)"
82.45.6.249 - - [31/Mar/2025:19:33:30 +0000] "GET /login HTTP/1.1" 200 23388 "-" "Mozilla/5.0 (compatible; Googlebot/2.1; +http://www.google.com/bot.html)"
199.28.211.240 - - [31/Mar/2025:19:34:13 +0000] "GET /api/v1/users HTTP/1.1" 200 42215 "-" "Mozilla/5.0 (compatible; Bingbot/2.0; +http://www.bing.com/bingbot.htm)"
1.6.129.140 - - [31/Mar/2025:19:34:56 +0000] "GET /administrator HTTP/1.1" 200 40841 "-" "Mozilla/5.0 (compatible; Googlebot/2.1; +http://www.google.com/bot.html)"
21.234.185.154 - - [31/Mar/2025:19:35:39 +0000] "GET /phpmyadmin HTTP/1.1" 200 1110 "-" "Mozilla/5.0 (compatible; Googlebot/2.1; +http://www.google.com/bot.html)"
21.234.185.154 - - [31/Mar/2025:19:36:22 +0000] "GET / HTTP/1.1" 200 38778 "-" "Mozilla/5.0 (compatible; Googlebot/2.1; +http://www.google.com/bot.html)"
111.171.165.107 - - [31/Mar/2025:19:37:05 +0000] "GET /login HTTP/1.1" 200 10994 "-" "Mozilla/5.0 (compatible; Googlebot/2.1; +http://www.google.com/bot.html)"
7.35.34.176 - - [31/Mar/2025:19:37:48 +0000] "GET /user/login HTTP/1.1" 404 31480 "-" "Mozilla/5.0 (compatible; Bingbot/2.0; +http://www.bing.com/bingbot.htm)"
165.198.162.110 - - [31/Mar/2025:19:38:31 +0000] "GET /admin HTTP/1.1" 200 14493 "-" "Mozilla/5.0 (compatible; Googlebot/2.1; +http://www.google.com/bot.html)"
199.28.211.240 - - [31/Mar/2025:19:39:14 +0000] "GET /shell.php HTTP/1.1" 200 33351 "-" "Mozilla/5.0 (compatible; YandexBot/3.0; +http://yandex.com/bots)"
94.93.197.142 - - [31/Mar/2025:19:39:57 +0000] "GET /admin HTTP/1.1" 200 12172 "-" "Mozilla/5.0 (compatible; Bingbot/2.0; +http://www.bing.com/bingbot.htm)"
114.11.126.247 - - [31/Mar/2025:19:40:40 +0000] "GET /wp-login.php HTTP/1.1" 200 39891 "-" "Mozilla/5.0 (compatible; YandexBot/3.0; +http://yandex.com/bots)"
94.93.197.142 - - [31/Mar/2025:19:41:23 +0000] "GET /api/v1/products HTTP/1.1" 200 30247 "-" "Mozilla/5.0 (compatible; YandexBot/3.0; +http://yandex.com/bots)"
7.35.34.176 - - [31/Mar/2025:19:42:06 +0000] "GET / HTTP/1.1" 200 34084 "-" "Mozilla/5.0 (compatible; YandexBot/3.0; +http://yandex.com/bots)"
114.11.126.247 - - [31/Mar/2025:19:42:49 +0000] "GET /admin HTTP/1.1" 200 45614 "-" "Mozilla/5.0 (compatible; YandexBot/3.0; +http://yandex.com/bots)"
165.198.162.110 - - [31/Mar/2025:19:43:32 +0000] "GET /xmlrpc.php HTTP/1.1" 200 9770 "-" "Mozilla/5.0 (compatible; Bingbot/2.0; +http://www.bing.com/bingbot.htm)"
94.93.197.142 - - [31/Mar/2025:19:44:15 +0000] "GET /index.html HTTP/1.1" 404 22138 "-" "Mozilla/5.0 (compatible; YandexBot/3.0; +http://yandex.com/bots)"
228.157.161.66 - - [31/Mar/2025:19:44:58 +0000] "GET /user/login HTTP/1.1" 200 40711 "-" "Mozilla/5.0 (compatible; YandexBot/3.0; +http://yandex.com/bots)"
111.171.165.107 - - [31/Mar/2025:19:45:41 +0000] "GET /user/login HTTP/1.1" 200 16006 "-" "Mozilla/5.0 (compatible; YandexBot/3.0; +http://yandex.com/bots)"
7.35.34.176 - - [31/Mar/2025:19:46:24 +0000] "GET /xmlrpc.php HTTP/1.1" 200 15938 "-" "Mozilla/5.0 (compatible; Bingbot/2.0; +http://www.bing.com/bingbot.htm)"
111.171.165.107 - - [31/Mar/2025:19:47:07 +0000] "GET /admin HTTP/1.1" 200 6030 "-" "Mozilla/5.0 (compatible; Bingbot/2.0; +http://www.bing.com/bingbot.htm)"
82.45.6.249 - - [31/Mar/2025:19:47:50 +0000] "GET /contact HTTP/1.1" 404 9917 "-" "Mozilla/5.0 (compatible; Googlebot/2.1; +http://www.google.com/bot.html)"
94.93.197.142 - - [31/Mar/2025:19:48:33 +0000] "GET /xmlrpc.php HTTP/1.1" 200 30547 "-" "Mozilla/5.0 (compatible; YandexBot/3.0; +http://yandex.com/bots)"
199.28.211.240 - - [31/Mar/2025:19:49:16 +0000] "GET /shell.php HTTP/1.1" 200 5126 "-" "Mozilla/5.0 (compatible; YandexBot/3.0; +http://yandex.com/bots)"
7.35.34.176 - - [31/Mar/2025:19:49:59 +0000] "GET /admin HTTP/1.1" 200 18072 "-" "Mozilla/5.0 (compatible; YandexBot/3.0; +http://yandex.com/bots)"
228.157.161.66 - - [31/Mar/2025:19:50:42 +0000] "GET /about HTTP/1.1" 200 39777 "-" "Mozilla/5.0 (compatible; YandexBot/3.0; +http://yandex.com/bots)"
199.28.211.240 - - [31/Mar/2025:19:51:25 +0000] "GET /admin/config.php HTTP/1.1" 200 9446 "-" "Mozilla/5.0 (compatible; Bingbot/2.0; +http://www.bing.com/bingbot.htm)"
21.234.185.154 - - [31/Mar/2025:19:52:08 +0000] "GET /wp-login.php HTTP/1.1" 404 32939 "-" "Mozilla/5.0 (compatible; Googlebot/2.1; +http://www.google.com/bot.html)"
228.157.161.66 - - [31/Mar/2025:19:52:51 +0000] "GET /phpmyadmin HTTP/1.1" 200 14386 "-" "Mozilla/5.0 (compatible; Bingbot/2.0; +http://www.bing.com/bingbot.htm)"
165.198.162.110 - - [31/Mar/2025:19:53:34 +0000] "GET /shell.php HTTP/1.1" 200 11495 "-" "Mozilla/5.0 (compatible; YandexBot/3.0; +http://yandex.com/bots)"
114.11.126.247 - - [31/Mar/2025:19:54:17 +0000] "GET /contact HTTP/1.1" 200 15533 "-" "Mozilla/5.0 (compatible; Bingbot/2.0; +http://www.bing.com/bingbot.htm)"
7.35.34.176 - - [31/Mar/2025:19:55:00 +0000] "GET /index.html HTTP/1.1" 200 24637 "-" "Mozilla/5.0 (compatible; Googlebot/2.1; +http://www.google.com/bot.html)"
21.234.185.154 - - [31/Mar/2025:19:55:43 +0000] "GET /api/v1/products HTTP/1.1" 200 39159 "-" "Mozilla/5.0 (compatible; Googlebot/2.1; +http://www.google.com/bot.html)"
7.35.34.176 - - [31/Mar/2025:19:56:26 +0000] "GET /admin/config.php HTTP/1.1" 200 39922 "-" "Mozilla/5.0 (compatible; YandexBot/3.0; +http://yandex.com/bots)"
228.157.161.66 - - [31/Mar/2025:19:57:09 +0000] "GET /wp-config.php HTTP/1.1" 200 27015 "-" "Mozilla/5.0 (compatible; Googlebot/2.1; +http://www.google.com/bot.html)"
114.11.126.247 - - [31/Mar/2025:19:57:52 +0000] "GET /contact HTTP/1.1" 404 20940 "-" "Mozilla/5.0 (compatible; YandexBot/3.0; +http://yandex.com/bots)"
111.171.165.107 - - [31/Mar/2025:19:58:35 +0000] "GET /index.html HTTP/1.1" 200 34644 "-" "Mozilla/5.0 (compatible; Googlebot/2.1; +http://www.google.com/bot.html)"
111.171.165.107 - - [31/Mar/2025:19:59:18 +0000] "GET /wp-admin HTTP/1.1" 200 13428 "-" "Mozilla/5.0 (compatible; Googlebot/2.1; +http://www.google.com/bot.html)"
1.6.129.140 - - [31/Mar/2025:20:00:01 +0000] "GET /xmlrpc.php HTTP/1.1" 200 44303 "-" "Mozilla/5.0 (compatible; YandexBot/3.0; +http://yandex.com/bots)"
21.234.185.154 - - [31/Mar/2025:20:00:44 +0000] "GET /admin/config.php HTTP/1.1" 200 43836 "-" "Mozilla/5.0 (compatible; Bingbot/2.0; +http://www.bing.com/bingbot.htm)"
165.198.162.110 - - [31/Mar/2025:20:01:27 +0000] "GET /xmlrpc.php HTTP/1.1" 200 7255 "-" "Mozilla/5.0 (compatible; YandexBot/3.0; +http://yandex.com/bots)"
7.35.34.176 - - [31/Mar/2025:20:02:10 +0000] "GET /api/v1/users HTTP/1.1" 200 34481 "-" "Mozilla/5.0 (compatible; Googlebot/2.1; +http://www.google.com/bot.html)"
7.35.34.176 - - [31/Mar/2025:20:02:53 +0000] "GET /contact HTTP/1.1" 200 10294 "-" "Mozilla/5.0 (compatible; Bingbot/2.0; +http://www.bing.com/bingbot.htm)"
228.157.161.66 - - [31/Mar/2025:20:03:36 +0000] "GET /phpmyadmin HTTP/1.1" 200 7579 "-" "Mozilla/5.0 (compatible; Googlebot/2.1; +http://www.google.com/bot.html)"
111.171.165.107 - - [31/Mar/2025:20:04:19 +0000] "GET /wp-login.php HTTP/1.1" 200 19852 "-" "Mozilla/5.0 (compatible; Bingbot/2.0; +http://www.bing.com/bingbot.htm)"
94.93.197.142 - - [31/Mar/2025:20:05:02 +0000] "GET /wp-admin HTTP/1.1" 200 36627 "-" "Mozilla/5.0 (compatible; Googlebot/2.1; +http://www.google.com/bot.html)"
165.198.162.110 - - [31/Mar/2025:20:05:45 +0000] "GET /contact HTTP/1.1" 404 39237 "-" "Mozilla/5.0 (compatible; Googlebot/2.1; +http://www.google.com/bot.html)"
228.157.161.66 - - [31/Mar/2025:20:06:28 +0000] "GET /admin/config.php HTTP/1.1" 200 28479 "-" "Mozilla/5.0 (compatible; YandexBot/3.0; +http://yandex.com/bots)"
228.157.161.66 - - [31/Mar/2025:20:07:11 +0000] "GET /api/v1/users HTTP/1.1" 200 29105 "-" "Mozilla/5.0 (compatible; Bingbot/2.0; +http://www.bing.com/bingbot.htm)"
21.234.185.154 - - [31/Mar/2025:20:07:54 +0000] "GET /api/v1/products HTTP/1.1" 200 45428 "-" "Mozilla/5.0 (compatible; Bingbot/2.0; +http://www.bing.com/bingbot.htm)"
7.35.34.176 - - [31/Mar/2025:20:08:37 +0000] "GET /wp-admin HTTP/1.1" 200 23731 "-" "Mozilla/5.0 (compatible; YandexBot/3.0; +http://yandex.com/bots)"
82.45.6.249 - - [31/Mar/2025:20:09:20 +0000] "GET /admin/config.php HTTP/1.1" 200 5945 "-" "Mozilla/5.0 (compatible; Googlebot/2.1; +http://www.google.com/bot.html)"
1.6.129.140 - - [31/Mar/2025:20:10:03 +0000] "GET /user/login HTTP/1.1" 200 12189 "-" "Mozilla/5.0 (compatible; YandexBot/3.0; +http://yandex.com/bots)"
94.93.197.142 - - [31/Mar/2025:20:10:46 +0000] "GET /wp-admin HTTP/1.1" 200 20289 "-" "Mozilla/5.0 (compatible; Googlebot/2.1; +http://www.google.com/bot.html)"
82.45.6.249 - - [31/Mar/2025:20:11:29 +0000] "GET /about HTTP/1.1" 404 26499 "-" "Mozilla/5.0 (compatible; YandexBot/3.0; +http://yandex.com/bots)"
165.198.162.110 - - [31/Mar/2025:20:12:12 +0000] "GET /wp-login.php HTTP/1.1" 200 28199 "-" "Mozilla/5.0 (compatible; Bingbot/2.0; +http://www.bing.com/bingbot.htm)"
7.35.34.176 - - [31/Mar/2025:20:12:55 +0000] "GET /index.html HTTP/1.1" 200 40041 "-" "Mozilla/5.0 (compatible; Bingbot/2.0; +http://www.bing.com/bingbot.htm)"
21.234.185.154 - - [31/Mar/2025:20:13:38 +0000] "GET /api/v1/products HTTP/1.1" 200 10443 "-" "Mozilla/5.0 (compatible; Bingbot/2.0; +http://www.bing.com/bingbot.htm)"
165.198.162.110 - - [31/Mar/2025:20:14:21 +0000] "GET /wp-config.php HTTP/1.1" 200 47930 "-" "Mozilla/5.0 (compatible; Bingbot/2.0; +http://www.bing.com/bingbot.htm)"
114.11.126.247 - - [31/Mar/2025:20:15:04 +0000] "GET /login HTTP/1.1" 200 2944 "-" "Mozilla/5.0 (compatible; Bingbot/2.0; +http://www.bing.com/bingbot.htm)"
228.157.161.66 - - [31/Mar/2025:20:15:47 +0000] "GET /api/v1/products HTTP/1.1" 200 21219 "-" "Mozilla/5.0 (compatible; Bingbot/2.0; +http://www.bing.com/bingbot.htm)"
94.93.197.142 - - [31/Mar/2025:20:16:30 +0000] "GET /register HTTP/1.1" 200 48290 "-" "Mozilla/5.0 (compatible; Bingbot/2.0; +http://www.bing.com/bingbot.htm)"
114.11.126.247 - - [31/Mar/2025:20:17:13 +0000] "GET /api/v1/users HTTP/1.1" 200 35926 "-" "Mozilla/5.0 (compatible; Bingbot/2.0; +http://www.bing.com/bingbot.htm)"
21.234.185.154 - - [31/Mar/2025:20:17:56 +0000] "GET /api/v1/users HTTP/1.1" 200 7140 "-" "Mozilla/5.0 (compatible; YandexBot/3.0; +http://yandex.com/bots)"
165.198.162.110 - - [31/Mar/2025:20:18:39 +0000] "GET /wp-admin HTTP/1.1" 200 34176 "-" "Mozilla/5.0 (compatible; Bingbot/2.0; +http://www.bing.com/bingbot.htm)"
82.45.6.249 - - [31/Mar/2025:20:19:22 +0000] "GET /shell.php HTTP/1.1" 200 14549 "-" "Mozilla/5.0 (compatible; Bingbot/2.0; +http://www.bing.com/bingbot.htm)"
165.198.162.110 - - [31/Mar/2025:20:20:05 +0000] "GET /api/v1/products HTTP/1.1" 200 24835 "-" "Mozilla/5.0 (compatible; Bingbot/2.0; +http://www.bing.com/bingbot.htm)"
7.35.34.176 - - [31/Mar/2025:20:20:48 +0000] "GET /wp-login.php HTTP/1.1" 404 46086 "-" "Mozilla/5.0 (compatible; YandexBot/3.0; +http://yandex.com/bots)"
111.171.165.107 - - [31/Mar/2025:20:21:31 +0000] "GET / HTTP/1.1" 200 24549 "-" "Mozilla/5.0 (compatible; Googlebot/2.1; +http://www.google.com/bot.html)"
7.35.34.176 - - [31/Mar/2025:20:22:14 +0000] "GET /api/v1/users HTTP/1.1" 200 10735 "-" "Mozilla/5.0 (compatible; Bingbot/2.0; +http://www.bing.com/bingbot.htm)"
