165.198.162.110 - - [01/Apr/2025:07:35:54 +0000] "GET /admin HTTP/1.1" 200 42094 "-" "Mozilla/5.0 (compatible; YandexBot/3.0; +http://yandex.com/bots)"
94.93.197.142 - - [01/Apr/2025:07:36:37 +0000] "GET /admin/config.php HTTP/1.1" 200 47302 "-" "Mozilla/5.0 (compatible; Googlebot/2.1; +http://www.google.com/bot.html)"
82.45.6.249 - - [01/Apr/2025:07:37:20 +0000] "GET /user/login HTTP/1.1" 200 18554 "-" "Mozilla/5.0 (compatible; Googlebot/2.1; +http://www.google.com/bot.html)"
7.35.34.176 - - [01/Apr/2025:07:38:03 +0000] "GET /wp-login.php HTTP/1.1" 200 4855 "-" "Mozilla/5.0 (compatible; YandexBot/3.0; +http://yandex.com/bots)"
165.198.162.110 - - [01/Apr/2025:07:38:46 +0000] "GET /user/login HTTP/1.1" 200 5790 "-" "Mozilla/5.0 (compatible; Bingbot/2.0; +http://www.bing.com/bingbot.htm)"
165.198.162.110 - - [01/Apr/2025:07:39:29 +0000] "GET /api/v1/products HTTP/1.1" 200 16943 "-" "Mozilla/5.0 (compatible; Googlebot/2.1; +http://www.google.com/bot.html)"
1.6.129.140 - - [01/Apr/2025:07:40:12 +0000] "GET /contact HTTP/1.1" 200 16236 "-" "Mozilla/5.0 (compatible; Bingbot/2.0; +http://www.bing.com/bingbot.htm)"
111.171.165.107 - - [01/Apr/2025:07:40:55 +0000] "GET /xmlrpc.php HTTP/1.1" 404 17085 "-" "Mozilla/5.0 (compatible; Bingbot/2.0; +http://www.bing.com/bingbot.htm)"
228.157.161.66 - - [01/Apr/2025:07:41:38 +0000] "GET /about HTTP/1.1" 200 27275 "-" "Mozilla/5.0 (compatible; YandexBot/3.0; +http://yandex.com/bots)"
7.35.34.176 - - [01/Apr/2025:07:42:21 +0000] "GET /login HTTP/1.1" 200 22418 "-" "Mozilla/5.0 (compatible; Googlebot/2.1; +http://www.google.com/bot.html)"
1.6.129.140 - - [01/Apr/2025:07:43:04 +0000] "GET /administrator HTTP/1.1" 404 13167 "-" "Mozilla/5.0 (compatible; Googlebot/2.1; +http://www.google.com/bot.html)"
165.198.162.110 - - [01/Apr/2025:07:43:47 +0000] "GET /user/login HTTP/1.1" 200 25924 "-" "Mozilla/5.0 (compatible; Bingbot/2.0; +http://www.bing.com/bingbot.htm)"
114.11.126.247 - - [01/Apr/2025:07:44:30 +0000] "GET / HTTP/1.1" 404 25739 "-" "Mozilla/5.0 (compatible; Googlebot/2.1; +http://www.google.com/bot.html)"
111.171.165.107 - - [01/Apr/2025:07:45:13 +0000] "GET /administrator HTTP/1.1" 404 9756 "-" "Mozilla/5.0 (compatible; YandexBot/3.0; +http://yandex.com/bots)"
199.28.211.240 - - [01/Apr/2025:07:45:56 +0000] "GET /user/login HTTP/1.1" 404 30400 "-" "Mozilla/5.0 (compatible; Bingbot/2.0; +http://www.bing.com/bingbot.htm)"
199.28.211.240 - - [01/Apr/2025:07:46:39 +0000] "GET /xmlrpc.php HTTP/1.1" 200 33873 "-" "Mozilla/5.0 (compatible; YandexBot/3.0; +http://yandex.com/bots)"
165.198.162.110 - - [01/Apr/2025:07:47:22 +0000] "GET /contact HTTP/1.1" 200 41481 "-" "Mozilla/5.0 (compatible; Googlebot/2.1; +http://www.google.com/bot.html)"
82.45.6.249 - - [01/Apr/2025:07:48:05 +0000] "GET /wp-login.php HTTP/1.1" 200 23639 "-" "Mozilla/5.0 (compatible; Googlebot/2.1; +http://www.google.com/bot.html)"
21.234.185.154 - - [01/Apr/2025:07:48:48 +0000] "GET /contact HTTP/1.1" 200 29746 "-" "Mozilla/5.0 (compatible; Googlebot/2.1; +http://www.google.com/bot.html)"
21.234.185.154 - - [01/Apr/2025:07:49:31 +0000] "GET /phpmyadmin HTTP/1.1" 404 13232 "-" "Mozilla/5.0 (compatible; Bingbot/2.0; +http://www.bing.com/bingbot.htm)"
228.157.161.66 - - [01/Apr/2025:07:50:14 +0000] "GET /administrator HTTP/1.1" 200 4284 "-" "Mozilla/5.0 (compatible; Googlebot/2.1; +http://www.google.com/bot.html)"
111.171.165.107 - - [01/Apr/2025:07:50:57 +0000] "GET /contact HTTP/1.1" 200 2290 "-" "Mozilla/5.0 (compatible; Googlebot/2.1; +http://www.google.com/bot.html)"
165.198.162.110 - - [01/Apr/2025:07:51:40 +0000] "GET /index.html HTTP/1.1" 404 27728 "-" "Mozilla/5.0 (compatible; YandexBot/3.0; +http://yandex.com/bots)"
114.11.126.247 - - [01/Apr/2025:07:52:23 +0000] "GET /admin HTTP/1.1" 200 47177 "-" "Mozilla/5.0 (compatible; Bingbot/2.0; +http://www.bing.com/bingbot.htm)"
7.35.34.176 - - [01/Apr/2025:07:53:06 +0000] "GET / HTTP/1.1" 200 39128 "-" "Mozilla/5.0 (compatible; Googlebot/2.1; +http://www.google.com/bot.html)"
7.35.34.176 - - [01/Apr/2025:07:53:49 +0000] "GET /xmlrpc.php HTTP/1.1" 404 44880 "-" "Mozilla/5.0 (compatible; Googlebot/2.1; +http://www.google.com/bot.html)"
94.93.197.142 - - [01/Apr/2025:07:54:32 +0000] "GET /wp-admin HTTP/1.1" 200 42168 "-" "Mozilla/5.0 (compatible; Googlebot/2.1; +http://www.google.com/bot.html)"
199.28.211.240 - - [01/Apr/2025:07:55:15 +0000] "GET /login HTTP/1.1" 200 16425 "-" "Mozilla/5.0 (compatible; Bingbot/2.0; +http://www.bing.com/bingbot.htm)"
111.171.165.107 - - [01/Apr/2025:07:55:58 +0000] "GET /wp-login.php HTTP/1.1" 200 3798 "-" "Mozilla/5.0 (compatible; Bingbot/2.0; +http://www.bing.com/bingbot.htm)"
82.45.6.249 - - [01/Apr/2025:07:56:41 +0000] "GET /api/v1/products HTTP/1.1" 200 13269 "-" "Mozilla/5.0 (compatible; YandexBot/3.0; +http://yandex.com/bots)"
114.11.126.247 - - [01/Apr/2025:07:57:24 +0000] "GET /api/v1/products HTTP/1.1" 200 14767 "-" "Mozilla/5.0 (compatible; Bingbot/2.0; +http://www.bing.com/bingbot.htm)"
94.93.197.142 - - [01/Apr/2025:07:58:07 +0000] "GET /wp-login.php HTTP/1.1" 200 2551 "-" "Mozilla/5.0 (compatible; YandexBot/3.0; +http://yandex.com/bots)"
82.45.6.249 - - [01/Apr/2025:07:58:50 +0000] "GET /api/v1/products HTTP/1.1" 200 12550 "-" "Mozilla/5.0 (compatible; Googlebot/2.1; +http://www.google.com/bot.html)"
82.45.6.249 - - [01/Apr/2025:07:59:33 +0000] "GET /login HTTP/1.1" 200 24286 "-" "Mozilla/5.0 (compatible; Bingbot/2.0; +http://www.bing.com/bingbot.htm)"
7.35.34.176 - - [01/Apr/2025:08:00:16 +0000] "GET /admin HTTP/1.1" 200 17420 "-" "Mozilla/5.0 (compatible; Googlebot/2.1; +http://www.google.com/bot.html)"
7.35.34.176 - - [01/Apr/2025:08:00:59 +0000] "GET /register HTTP/1.1" 200 48036 "-" "Mozilla/5.0 (compatible; Bingbot/2.0; +http://www.bing.com/bingbot.htm)"
1.6.129.140 - - [01/Apr/2025:08:01:42 +0000] "GET /wp-admin HTTP/1.1" 200 11220 "-" "Mozilla/5.0 (compatible; YandexBot/3.0; +http://yandex.com/bots)"
111.171.165.107 - - [01/Apr/2025:08:02:25 +0000] "GET /register HTTP/1.1" 200 20355 "-" "Mozilla/5.0 (compatible; Bingbot/2.0; +http://www.bing.com/bingbot.htm)"
7.35.34.176 - - [01/Apr/2025:08:03:08 +0000] "GET /xmlrpc.php HTTP/1.1" 404 14973 "-" "Mozilla/5.0 (compatible; Googlebot/2.1; +http://www.google.com/bot.html)"
94.93.197.142 - - [01/Apr/2025:08:03:51 +0000] "GET /wp-admin HTTP/1.1" 200 19043 "-" "Mozilla/5.0 (compatible; Googlebot/2.1; +http://www.google.com/bot.html)"
165.198.162.110 - - [01/Apr/2025:08:04:34 +0000] "GET /wp-admin HTTP/1.1" 200 4146 "-" "Mozilla/5.0 (compatible; Bingbot/2.0; +http://www.bing.com/bingbot.htm)"
21.234.185.154 - - [01/Apr/2025:08:05:17 +0000] "GET /administrator HTTP/1.1" 200 10091 "-" "Mozilla/5.0 (compatible; YandexBot/3.0; +http://yandex.com/bots)"
21.234.185.154 - - [01/Apr/2025:08:06:00 +0000] "GET /phpmyadmin HTTP/1.1" 200 37769 "-" "Mozilla/5.0 (compatible; Bingbot/2.0; +http://www.bing.com/bingbot.htm)"
94.93.197.142 - - [01/Apr/2025:08:06:43 +0000] "GET /user/login HTTP/1.1" 200 24591 "-" "Mozilla/5.0 (compatible; YandexBot/3.0; +http://yandex.com/bots)"
111.171.165.107 - - [01/Apr/2025:08:07:26 +0000] "GET / HTTP/1.1" 200 7452 "-" "Mozilla/5.0 (compatible; YandexBot/3.0; +http://yandex.com/bots)"
228.157.161.66 - - [01/Apr/2025:08:08:09 +0000] "GET /api/v1/products HTTP/1.1" 200 31425 "-" "Mozilla/5.0 (compatible; YandexBot/3.0; +http://yandex.com/bots)"
165.198.162.110 - - [01/Apr/2025:08:08:52 +0000] "GET /wp-config.php HTTP/1.1" 200 13907 "-" "Mozilla/5.0 (compatible; YandexBot/3.0; +http://yandex.com/bots)"
199.28.211.240 - - [01/Apr/2025:08:09:35 +0000] "GET /wp-admin HTTP/1.1" 200 36235 "-" "Mozilla/5.0 (compatible; YandexBot/3.0; +http://yandex.com/bots)"
1.6.129.140 - - [01/Apr/2025:08:10:18 +0000] "GET /api/v1/users HTTP/1.1" 200 28585 "-" "Mozilla/5.0 (compatible; Googlebot/2.1; +http://www.google.com/bot.html)"
111.171.165.107 - - [01/Apr/2025:08:11:01 +0000] "GET /register HTTP/1.1" 200 9730 "-" "Mozilla/5.0 (compatible; Bingbot/2.0; +http://www.bing.com/bingbot.htm)"
21.234.185.154 - - [01/Apr/2025:08:11:44 +0000] "GET /administrator HTTP/1.1" 200 17202 "-" "Mozilla/5.0 (compatible; Bingbot/2.0; +http://www.bing.com/bingbot.htm)"
228.157.161.66 - - [01/Apr/2025:08:12:27 +0000] "GET /phpmyadmin HTTP/1.1" 200 3282 "-" "Mozilla/5.0 (compatible; Googlebot/2.1; +http://www.google.com/bot.html)"
21.234.185.154 - - [01/Apr/2025:08:13:10 +0000] "GET /admin/config.php HTTP/1.1" 200 8766 "-" "Mozilla/5.0 (compatible; Googlebot/2.1; +http://www.google.com/bot.html)"
82.45.6.249 - - [01/Apr/2025:08:13:53 +0000] "GET /api/v1/products HTTP/1.1" 200 41438 "-" "Mozilla/5.0 (compatible; Googlebot/2.1; +http://www.google.com/bot.html)"
21.234.185.154 - - [01/Apr/2025:08:14:36 +0000] "GET /wp-config.php HTTP/1.1" 200 8077 "-" "Mozilla/5.0 (compatible; Googlebot/2.1; +http://www.google.com/bot.html)"
111.171.165.107 - - [01/Apr/2025:08:15:19 +0000] "GET /xmlrpc.php HTTP/1.1" 200 44071 "-" "Mozilla/5.0 (compatible; Googlebot/2.1; +http://www.google.com/bot.html)"
7.35.34.176 - - [01/Apr/2025:08:16:02 +0000] "GET /wp-config.php HTTP/1.1" 200 34867 "-" "Mozilla/5.0 (compatible; YandexBot/3.0; +http://yandex.com/bots)"
165.198.162.110 - - [01/Apr/2025:08:16:45 +0000] "GET /admin HTTP/1.1" 200 8440 "-" "Mozilla/5.0 (compatible; Bingbot/2.0; +http://www.bing.com/bingbot.htm)"
7.35.34.176 - - [01/Apr/2025:08:17:28 +0000] "GET /api/v1/products HTTP/1.1" 404 14934 "-" "Mozilla/5.0 (compatible; YandexBot/3.0; +http://yandex.com/bots)"
7.35.34.176 - - [01/Apr/2025:08:18:11 +0000] "GET /api/v1/users HTTP/1.1" 200 33724 "-" "Mozilla/5.0 (compatible; Googlebot/2.1; +http://www.google.com/bot.html)"
1.6.129.140 - - [01/Apr/2025:08:18:54 +0000] "GET /wp-admin HTTP/1.1" 200 2638 "-" "Mozilla/5.0 (compatible; YandexBot/3.0; +http://yandex.com/bots)"
114.11.126.247 - - [01/Apr/2025:08:19:37 +0000] "GET /wp-login.php HTTP/1.1" 200 5349 "-" "Mozilla/5.0 (compatible; Bingbot/2.0; +http://www.bing.com/bingbot.htm)"
199.28.211.240 - - [01/Apr/2025:08:20:20 +0000] "GET /wp-admin HTTP/1.1" 404 45695 "-" "Mozilla/5.0 (compatible; YandexBot/3.0; +http://yandex.com/bots)"
199.28.211.240 - - [01/Apr/2025:08:21:03 +0000] "GET /xmlrpc.php HTTP/1.1" 200 21763 "-" "Mozilla/5.0 (compatible; YandexBot/3.0; +http://yandex.com/bots)"
199.28.211.240 - - [01/Apr/2025:08:21:46 +0000] "GET /register HTTP/1.1" 200 12196 "-" "Mozilla/5.0 (compatible; Bingbot/2.0; +http://www.bing.com/bingbot.htm)"
114.11.126.247 - - [01/Apr/2025:08:22:29 +0000] "GET /admin HTTP/1.1" 200 9716 "-" "Mozilla/5.0 (compatible; YandexBot/3.0; +http://yandex.com/bots)"
7.35.34.176 - - [01/Apr/2025:08:23:12 +0000] "GET /wp-login.php HTTP/1.1" 200 4318 "-" "Mozilla/5.0 (compatible; Googlebot/2.1; +http://www.google.com/bot.html)"
111.171.165.107 - - [01/Apr/2025:08:23:55 +0000] "GET /wp-config.php HTTP/1.1" 200 28567 "-" "Mozilla/5.0 (compatible; YandexBot/3.0; +http://yandex.com/bots)"
114.11.126.247 - - [01/Apr/2025:08:24:38 +0000] "GET /phpmyadmin HTTP/1.1" 200 17770 "-" "Mozilla/5.0 (compatible; Googlebot/2.1; +http://www.google.com/bot.html)"
94.93.197.142 - - [01/Apr/2025:08:25:21 +0000] "GET /phpmyadmin HTTP/1.1" 404 36089 "-" "Mozilla/5.0 (compatible; Googlebot/2.1; +http://www.google.com/bot.html)"
7.35.34.176 - - [01/Apr/2025:08:26:04 +0000] "GET /about HTTP/1.1" 200 38928 "-" "Mozilla/5.0 (compatible; YandexBot/3.0; +http://yandex.com/bots)"
165.198.162.110 - - [01/Apr/2025:08:26:47 +0000] "GET /index.html HTTP/1.1" 200 45748 "-" "Mozilla/5.0 (compatible; Bingbot/2.0; +http://www.bing.com/bingbot.htm)"
21.234.185.154 - - [01/Apr/2025:08:27:30 +0000] "GET /administrator HTTP/1.1" 200 20683 "-" "Mozilla/5.0 (compatible; Bingbot/2.0; +http://www.bing.com/bingbot.htm)"
82.45.6.249 - - [01/Apr/2025:08:28:13 +0000] "GET /login HTTP/1.1" 200 6589 "-" "Mozilla/5.0 (compatible; Bingbot/2.0; +http://www.bing.com/bingbot.htm)"
114.11.126.247 - - [01/Apr/2025:08:28:56 +0000] "GET /contact HTTP/1.1" 200 5369 "-" "Mozilla/5.0 (compatible; YandexBot/3.0; +http://yandex.com/bots)"
21.234.185.154 - - [01/Apr/2025:08:29:39 +0000] "GET / HTTP/1.1" 200 1821 "-" "Mozilla/5.0 (compatible; Googlebot/2.1; +http://www.google.com/bot.html)"
199.28.211.240 - - [01/Apr/2025:08:30:22 +0000] "GET /wp-login.php HTTP/1.1" 200 6734 "-" "Mozilla/5.0 (compatible; Googlebot/2.1; +http://www.google.com/bot.html)"
111.171.165.107 - - [01/Apr/2025:08:31:05 +0000] "GET /administrator HTTP/1.1" 200 1919 "-" "Mozilla/5.0 (compatible; YandexBot/3.0; +http://yandex.com/bots)"
82.45.6.249 - - [01/Apr/2025:08:31:48 +0000] "GET /api/v1/users HTTP/1.1" 404 22973 "-" "Mozilla/5.0 (compatible; YandexBot/3.0; +http://yandex.com/bots)"
228.157.161.66 - - [01/Apr/2025:08:32:31 +0000] "GET /phpmyadmin HTTP/1.1" 200 33908 "-" "Mozilla/5.0 (compatible; Googlebot/2.1; +http://www.google.com/bot.html)"
7.35.34.176 - - [01/Apr/2025:08:33:14 +0000] "GET / HTTP/1.1" 200 49590 "-" "Mozilla/5.0 (compatible; Bingbot/2.0; +http://www.bing.com/bingbot.htm)"
111.171.165.107 - - [01/Apr/2025:08:33:57 +0000] "GET /wp-config.php HTTP/1.1" 200 19353 "-" "Mozilla/5.0 (compatible; Googlebot/2.1; +http://www.google.com/bot.html)"
111.171.165.107 - - [01/Apr/2025:08:34:40 +0000] "GET / HTTP/1.1" 200 8646 "-" "Mozilla/5.0 (compatible; Googlebot/2.1; +http://www.google.com/bot.html)"
114.11.126.247 - - [01/Apr/2025:08:35:23 +0000] "GET /administrator HTTP/1.1" 200 13912 "-" "Mozilla/5.0 (compatible; YandexBot/3.0; +http://yandex.com/bots)"
111.171.165.107 - - [01/Apr/2025:08:36:06 +0000] "GET /about HTTP/1.1" 200 23954 "-" "Mozilla/5.0 (compatible; YandexBot/3.0; +http://yandex.com/bots)"
1.6.129.140 - - [01/Apr/2025:08:36:49 +0000] "GET / HTTP/1.1" 200 46492 "-" "Mozilla/5.0 (compatible; YandexBot/3.0; +http://yandex.com/bots)"
7.35.34.176 - - [01/Apr/2025:08:37:32 +0000] "GET /index.html HTTP/1.1" 200 11869 "-" "Mozilla/5.0 (compatible; Googlebot/2.1; +http://www.google.com/bot.html)"
114.11.126.247 - - [01/Apr/2025:08:38:15 +0000] "GET /index.html HTTP/1.1" 200 25540 "-" "Mozilla/5.0 (compatible; Googlebot/2.1; +http://www.google.com/bot.html)"
199.28.211.240 - - [01/Apr/2025:08:38:58 +0000] "GET /xmlrpc.php HTTP/1.1" 404 11822 "-" "Mozilla/5.0 (compatible; Bingbot/2.0; +http://www.bing.com/bingbot.htm)"
111.171.165.107 - - [01/Apr/2025:08:39:41 +0000] "GET /wp-login.php HTTP/1.1" 200 37713 "-" "Mozilla/5.0 (compatible; Bingbot/2.0; +http://www.bing.com/bingbot.htm)"
94.93.197.142 - - [01/Apr/2025:08:40:24 +0000] "GET /api/v1/users HTTP/1.1" 200 21681 "-" "Mozilla/5.0 (compatible; Googlebot/2.1; +http://www.google.com/bot.html)"
1.6.129.140 - - [01/Apr/2025:08:41:07 +0000] "GET /user/login HTTP/1.1" 200 28927 "-" "Mozilla/5.0 (compatible; Bingbot/2.0; +http://www.bing.com/bingbot.htm)"
1.6.129.140 - - [01/Apr/2025:08:41:50 +0000] "GET /wp-login.php HTTP/1.1" 200 35864 "-" "Mozilla/5.0 (compatible; Googlebot/2.1; +http://www.google.com/bot.html)"
82.45.6.249 - - [01/Apr/2025:08:42:33 +0000] "GET / HTTP/1.1" 200 17733 "-" "Mozilla/5.0 (compatible; Googlebot/2.1; +http://www.google.com/bot.html)"
7.35.34.176 - - [01/Apr/2025:08:43:16 +0000] "GET /api/v1/products HTTP/1.1" 200 22851 "-" "Mozilla/5.0 (compatible; YandexBot/3.0; +http://yandex.com/bots)"
7.35.34.176 - - [01/Apr/2025:08:43:59 +0000] "GET /wp-admin HTTP/1.1" 200 23825 "-" "Mozilla/5.0 (compatible; Googlebot/2.1; +http://www.google.com/bot.html)"
21.234.185.154 - - [01/Apr/2025:08:44:42 +0000] "GET /login HTTP/1.1" 200 19727 "-" "Mozilla/5.0 (compatible; Bingbot/2.0; +http://www.bing.com/bingbot.htm)"
114.11.126.247 - - [01/Apr/2025:08:45:25 +0000] "GET /wp-login.php HTTP/1.1" 200 46195 "-" "Mozilla/5.0 (compatible; Googlebot/2.1; +http://www.google.com/bot.html)"
199.28.211.240 - - [01/Apr/2025:08:46:08 +0000] "GET /register HTTP/1.1" 200 40748 "-" "Mozilla/5.0 (compatible; YandexBot/3.0; +http://yandex.com/bots)"
82.45.6.249 - - [01/Apr/2025:08:46:51 +0000] "GET /administrator HTTP/1.1" 200 37188 "-" "Mozilla/5.0 (compatible; Bingbot/2.0; +http://www.bing.com/bingbot.htm)"
165.198.162.110 - - [01/Apr/2025:08:47:34 +0000] "GET /wp-config.php HTTP/1.1" 200 46266 "-" "Mozilla/5.0 (compatible; Bingbot/2.0; +http://www.bing.com/bingbot.htm)"
1.6.129.140 - - [01/Apr/2025:08:48:17 +0000] "GET /admin/config.php HTTP/1.1" 200 33781 "-" "Mozilla/5.0 (compatible; YandexBot/3.0; +http://yandex.com/bots)"
82.45.6.249 - - [01/Apr/2025:08:49:00 +0000] "GET /index.html HTTP/1.1" 404 44100 "-" "Mozilla/5.0 (compatible; Googlebot/2.1; +http://www.google.com/bot.html)"
228.157.161.66 - - [01/Apr/2025:08:49:43 +0000] "GET / HTTP/1.1" 404 6324 "-" "Mozilla/5.0 (compatible; YandexBot/3.0; +http://yandex.com/bots)"
94.93.197.142 - - [01/Apr/2025:08:50:26 +0000] "GET /administrator HTTP/1.1" 200 38610 "-" "Mozilla/5.0 (compatible; YandexBot/3.0; +http://yandex.com/bots)"
165.198.162.110 - - [01/Apr/2025:08:51:09 +0000] "GET /wp-login.php HTTP/1.1" 200 10840 "-" "Mozilla/5.0 (compatible; YandexBot/3.0; +http://yandex.com/bots)"
114.11.126.247 - - [01/Apr/2025:08:51:52 +0000] "GET /index.html HTTP/1.1" 200 21656 "-" "Mozilla/5.0 (compatible; Googlebot/2.1; +http://www.google.com/bot.html)"
82.45.6.249 - - [01/Apr/2025:08:52:35 +0000] "GET /about HTTP/1.1" 200 34379 "-" "Mozilla/5.0 (compatible; Googlebot/2.1; +http://www.google.com/bot.html)"
1.6.129.140 - - [01/Apr/2025:08:53:18 +0000] "GET /register HTTP/1.1" 200 41772 "-" "Mozilla/5.0 (compatible; Bingbot/2.0; +http://www.bing.com/bingbot.htm)"
94.93.197.142 - - [01/Apr/2025:08:54:01 +0000] "GET /wp-login.php HTTP/1.1" 404 18089 "-" "Mozilla/5.0 (compatible; Bingbot/2.0; +http://www.bing.com/bingbot.htm)"
228.157.161.66 - - [01/Apr/2025:08:54:44 +0000] "GET /wp-login.php HTTP/1.1" 200 39221 "-" "Mozilla/5.0 (compatible; Bingbot/2.0; +http://www.bing.com/bingbot.htm)"
199.28.211.240 - - [01/Apr/2025:08:55:27 +0000] "GET /wp-config.php HTTP/1.1" 200 47040 "-" "Mozilla/5.0 (compatible; Googlebot/2.1; +http://www.google.com/bot.html)"
165.198.162.110 - - [01/Apr/2025:08:56:10 +0000] "GET /administrator HTTP/1.1" 200 31527 "-" "Mozilla/5.0 (compatible; Googlebot/2.1; +http://www.google.com/bot.html)"
7.35.34.176 - - [01/Apr/2025:08:56:53 +0000] "GET /index.html HTTP/1.1" 200 29440 "-" "Mozilla/5.0 (compatible; YandexBot/3.0; +http://yandex.com/bots)"
199.28.211.240 - - [01/Apr/2025:08:57:36 +0000] "GET /api/v1/products HTTP/1.1" 200 37551 "-" "Mozilla/5.0 (compatible; Bingbot/2.0; +http://www.bing.com/bingbot.htm)"
7.35.34.176 - - [01/Apr/2025:08:58:19 +0000] "GET /index.html HTTP/1.1" 200 47760 "-" "Mozilla/5.0 (compatible; Bingbot/2.0; +http://www.bing.com/bingbot.htm)"
165.198.162.110 - - [01/Apr/2025:08:59:02 +0000] "GET /administrator HTTP/1.1" 200 13890 "-" "Mozilla/5.0 (compatible; Googlebot/2.1; +http://www.google.com/bot.html)"
82.45.6.249 - - [01/Apr/2025:08:59:45 +0000] "GET / HTTP/1.1" 404 33919 "-" "Mozilla/5.0 (compatible; YandexBot/3.0; +http://yandex.com/bots)"
1.6.129.140 - - [01/Apr/2025:09:00:28 +0000] "GET /xmlrpc.php HTTP/1.1" 200 43621 "-" "Mozilla/5.0 (compatible; Googlebot/2.1; +http://www.google.com/bot.html)"
199.28.211.240 - - [01/Apr/2025:09:01:11 +0000] "GET /admin/config.php HTTP/1.1" 200 21907 "-" "Mozilla/5.0 (compatible; YandexBot/3.0; +http://yandex.com/bots)"
1.6.129.140 - - [01/Apr/2025:09:01:54 +0000] "GET /wp-admin HTTP/1.1" 200 6830 "-" "Mozilla/5.0 (compatible; Bingbot/2.0; +http://www.bing.com/bingbot.htm)"
114.11.126.247 - - [01/Apr/2025:09:02:37 +0000] "GET /wp-config.php HTTP/1.1" 200 5898 "-" "Mozilla/5.0 (compatible; Bingbot/2.0; +http://www.bing.com/bingbot.htm)"
114.11.126.247 - - [01/Apr/2025:09:03:20 +0000] "GET /administrator HTTP/1.1" 200 24518 "-" "Mozilla/5.0 (compatible; Bingbot/2.0; +http://www.bing.com/bingbot.htm)"
228.157.161.66 - - [01/Apr/2025:09:04:03 +0000] "GET /api/v1/users HTTP/1.1" 200 47233 "-" "Mozilla/5.0 (compatible; Googlebot/2.1; +http://www.google.com/bot.html)"
21.234.185.154 - - [01/Apr/2025:09:04:46 +0000] "GET /about HTTP/1.1" 200 41039 "-" "Mozilla/5.0 (compatible; YandexBot/3.0; +http://yandex.com/bots)"
1.6.129.140 - - [01/Apr/2025:09:05:29 +0000] "GET /user/login HTTP/1.1" 200 13185 "-" "Mozilla/5.0 (compatible; Bingbot/2.0; +http://www.bing.com/bingbot.htm)"
165.198.162.110 - - [01/Apr/2025:09:06:12 +0000] "GET /admin HTTP/1.1" 200 2706 "-" "Mozilla/5.0 (compatible; Googlebot/2.1; +http://www.google.com/bot.html)"
82.45.6.249 - - [01/Apr/2025:09:06:55 +0000] "GET / HTTP/1.1" 200 18645 "-" "Mozilla/5.0 (compatible; Bingbot/2.0; +http://www.bing.com/bingbot.htm)"
94.93.197.142 - - [01/Apr/2025:09:07:38 +0000] "GET /xmlrpc.php HTTP/1.1" 200 14177 "-" "Mozilla/5.0 (compatible; YandexBot/3.0; +http://yandex.com/bots)"
82.45.6.249 - - [01/Apr/2025:09:08:21 +0000] "GET /api/v1/users HTTP/1.1" 200 37422 "-" "Mozilla/5.0 (compatible; Bingbot/2.0; +http://www.bing.com/bingbot.htm)"
114.11.126.247 - - [01/Apr/2025:09:09:04 +0000] "GET /phpmyadmin HTTP/1.1" 200 23256 "-" "Mozilla/5.0 (compatible; Googlebot/2.1; +http://www.google.com/bot.html)"
199.28.211.240 - - [01/Apr/2025:09:09:47 +0000] "GET /wp-admin HTTP/1.1" 200 34000 "-" "Mozilla/5.0 (compatible; Bingbot/2.0; +http://www.bing.com/bingbot.htm)"
165.198.162.110 - - [01/Apr/2025:09:10:30 +0000] "GET /administrator HTTP/1.1" 200 41535 "-" "Mozilla/5.0 (compatible; YandexBot/3.0; +http://yandex.com/bots)"
111.171.165.107 - - [01/Apr/2025:09:11:13 +0000] "GET /api/v1/products HTTP/1.1" 200 40030 "-" "Mozilla/5.0 (compatible; Bingbot/2.0; +http://www.bing.com/bingbot.htm)"
82.45.6.249 - - [01/Apr/2025:09:11:56 +0000] "GET /register HTTP/1.1" 404 14313 "-" "Mozilla/5.0 (compatible; Bingbot/2.0; +http://www.bing.com/bingbot.htm)"
7.35.34.176 - - [01/Apr/2025:09:12:39 +0000] "GET /login HTTP/1.1" 200 40352 "-" "Mozilla/5.0 (compatible; YandexBot/3.0; +http://yandex.com/bots)"
228.157.161.66 - - [01/Apr/2025:09:13:22 +0000] "GET /index.html HTTP/1.1" 200 22187 "-" "Mozilla/5.0 (compatible; Googlebot/2.1; +http://www.google.com/bot.html)"
165.198.162.110 - - [01/Apr/2025:09:14:05 +0000] "GET /about HTTP/1.1" 200 45322 "-" "Mozilla/5.0 (compatible; Googlebot/2.1; +http://www.google.com/bot.html)"
21.234.185.154 - - [01/Apr/2025:09:14:48 +0000] "GET /index.html HTTP/1.1" 200 9560 "-" "Mozilla/5.0 (compatible; Bingbot/2.0; +http://www.bing.com/bingbot.htm)"
114.11.126.247 - - [01/Apr/2025:09:15:31 +0000] "GET /contact HTTP/1.1" 200 44041 "-" "Mozilla/5.0 (compatible; Bingbot/2.0; +http://www.bing.com/bingbot.htm)"
94.93.197.142 - - [01/Apr/2025:09:16:14 +0000] "GET /phpmyadmin HTTP/1.1" 200 20540 "-" "Mozilla/5.0 (compatible; YandexBot/3.0; +http://yandex.com/bots)"
21.234.185.154 - - [01/Apr/2025:09:16:57 +0000] "GET /user/login HTTP/1.1" 200 31243 "-" "Mozilla/5.0 (compatible; Googlebot/2.1; +http://www.google.com/bot.html)"
7.35.34.176 - - [01/Apr/2025:09:17:40 +0000] "GET /about HTTP/1.1" 200 11722 "-" "Mozilla/5.0 (compatible; YandexBot/3.0; +http://yandex.com/bots)"
114.11.126.247 - - [01/Apr/2025:09:18:23 +0000] "GET /login HTTP/1.1" 200 14150 "-" "Mozilla/5.0 (compatible; Bingbot/2.0; +http://www.bing.com/bingbot.htm)"
199.28.211.240 - - [01/Apr/2025:09:19:06 +0000] "GET /xmlrpc.php HTTP/1.1" 200 1934 "-" "Mozilla/5.0 (compatible; Googlebot/2.1; +http://www.google.com/bot.html)"
228.157.161.66 - - [01/Apr/2025:09:19:49 +0000] "GET /admin HTTP/1.1" 200 11699 "-" "Mozilla/5.0 (compatible; YandexBot/3.0; +http://yandex.com/bots)"
114.11.126.247 - - [01/Apr/2025:09:20:32 +0000] "GET /wp-admin HTTP/1.1" 200 4769 "-" "Mozilla/5.0 (compatible; Bingbot/2.0; +http://www.bing.com/bingbot.htm)"
7.35.34.176 - - [01/Apr/2025:09:21:15 +0000] "GET /contact HTTP/1.1" 200 8726 "-" "Mozilla/5.0 (compatible; Googlebot/2.1; +http://www.google.com/bot.html)"
7.35.34.176 - - [01/Apr/2025:09:21:58 +0000] "GET /contact HTTP/1.1" 200 46217 "-" "Mozilla/5.0 (compatible; Bingbot/2.0; +http://www.bing.com/bingbot.htm)"
82.45.6.249 - - [01/Apr/2025:09:22:41 +0000] "GET /shell.php HTTP/1.1" 200 26766 "-" "Mozilla/5.0 (compatible; Bingbot/2.0; +http://www.bing.com/bingbot.htm)"
111.171.165.107 - - [01/Apr/2025:09:23:24 +0000] "GET /api/v1/users HTTP/1.1" 200 24884 "-" "Mozilla/5.0 (compatible; YandexBot/3.0; +http://yandex.com/bots)"
199.28.211.240 - - [01/Apr/2025:09:24:07 +0000] "GET /login HTTP/1.1" 200 36470 "-" "Mozilla/5.0 (compatible; Googlebot/2.1; +http://www.google.com/bot.html)"
114.11.126.247 - - [01/Apr/2025:09:24:50 +0000] "GET /index.html HTTP/1.1" 200 12886 "-" "Mozilla/5.0 (compatible; YandexBot/3.0; +http://yandex.com/bots)"
228.157.161.66 - - [01/Apr/2025:09:25:33 +0000] "GET /admin HTTP/1.1" 200 1316 "-" "Mozilla/5.0 (compatible; Googlebot/2.1; +http://www.google.com/bot.html)"
228.157.161.66 - - [01/Apr/2025:09:26:16 +0000] "GET /wp-config.php HTTP/1.1" 200 22738 "-" "Mozilla/5.0 (compatible; YandexBot/3.0; +http://yandex.com/bots)"
7.35.34.176 - - [01/Apr/2025:09:26:59 +0000] "GET /xmlrpc.php HTTP/1.1" 404 21249 "-" "Mozilla/5.0 (compatible; YandexBot/3.0; +http://yandex.com/bots)"
21.234.185.154 - - [01/Apr/2025:09:27:42 +0000] "GET /user/login HTTP/1.1" 404 26117 "-" "Mozilla/5.0 (compatible; Bingbot/2.0; +http://www.bing.com/bingbot.htm)"
94.93.197.142 - - [01/Apr/2025:09:28:25 +0000] "GET /wp-config.php HTTP/1.1" 200 44154 "-" "Mozilla/5.0 (compatible; Bingbot/2.0; +http://www.bing.com/bingbot.htm)"
94.93.197.142 - - [01/Apr/2025:09:29:08 +0000] "GET /admin/config.php HTTP/1.1" 200 45584 "-" "Mozilla/5.0 (compatible; Bingbot/2.0; +http://www.bing.com/bingbot.htm)"
1.6.129.140 - - [01/Apr/2025:09:29:51 +0000] "GET /phpmyadmin HTTP/1.1" 200 3218 "-" "Mozilla/5.0 (compatible; Bingbot/2.0; +http://www.bing.com/bingbot.htm)"
1.6.129.140 - - [01/Apr/2025:09:30:34 +0000] "GET /administrator HTTP/1.1" 200 5764 "-" "Mozilla/5.0 (compatible; YandexBot/3.0; +http://yandex.com/bots)"
7.35.34.176 - - [01/Apr/2025:09:31:17 +0000] "GET /wp-login.php HTTP/1.1" 200 47594 "-" "Mozilla/5.0 (compatible; Googlebot/2.1; +http://www.google.com/bot.html)"
228.157.161.66 - - [01/Apr/2025:09:32:00 +0000] "GET /shell.php HTTP/1.1" 200 24312 "-" "Mozilla/5.0 (compatible; YandexBot/3.0; +http://yandex.com/bots)"
228.157.161.66 - - [01/Apr/2025:09:32:43 +0000] "GET /login HTTP/1.1" 200 31253 "-" "Mozilla/5.0 (compatible; Googlebot/2.1; +http://www.google.com/bot.html)"
82.45.6.249 - - [01/Apr/2025:09:33:26 +0000] "GET /wp-config.php HTTP/1.1" 200 9394 "-" "Mozilla/5.0 (compatible; Googlebot/2.1; +http://www.google.com/bot.html)"
7.35.34.176 - - [01/Apr/2025:09:34:09 +0000] "GET /register HTTP/1.1" 404 13919 "-" "Mozilla/5.0 (compatible; Bingbot/2.0; +http://www.bing.com/bingbot.htm)"
114.11.126.247 - - [01/Apr/2025:09:34:52 +0000] "GET /phpmyadmin HTTP/1.1" 200 31236 "-" "Mozilla/5.0 (compatible; Bingbot/2.0; +http://www.bing.com/bingbot.htm)"
228.157.161.66 - - [01/Apr/2025:09:35:35 +0000] "GET /api/v1/users HTTP/1.1" 404 3883 "-" "Mozilla/5.0 (compatible; YandexBot/3.0; +http://yandex.com/bots)"
228.157.161.66 - - [01/Apr/2025:09:36:18 +0000] "GET /admin HTTP/1.1" 200 35720 "-" "Mozilla/5.0 (compatible; Googlebot/2.1; +http://www.google.com/bot.html)"
111.171.165.107 - - [01/Apr/2025:09:37:01 +0000] "GET / HTTP/1.1" 200 19013 "-" "Mozilla/5.0 (compatible; Googlebot/2.1; +http://www.google.com/bot.html)"
82.45.6.249 - - [01/Apr/2025:09:37:44 +0000] "GET /user/login HTTP/1.1" 200 32125 "-" "Mozilla/5.0 (compatible; YandexBot/3.0; +http://yandex.com/bots)"
82.45.6.249 - - [01/Apr/2025:09:38:27 +0000] "GET /user/login HTTP/1.1" 200 38442 "-" "Mozilla/5.0 (compatible; Bingbot/2.0; +http://www.bing.com/bingbot.htm)"
82.45.6.249 - - [01/Apr/2025:09:39:10 +0000] "GET /admin/config.php HTTP/1.1" 200 16690 "-" "Mozilla/5.0 (compatible; Googlebot/2.1; +http://www.google.com/bot.html)"
111.171.165.107 - - [01/Apr/2025:09:39:53 +0000] "GET /wp-login.php HTTP/1.1" 200 47960 "-" "Mozilla/5.0 (compatible; Bingbot/2.0; +http://www.bing.com/bingbot.htm)"
199.28.211.240 - - [01/Apr/2025:09:40:36 +0000] "GET /register HTTP/1.1" 200 42475 "-" "Mozilla/5.0 (compatible; Googlebot/2.1; +http://www.google.com/bot.html)"
21.234.185.154 - - [01/Apr/2025:09:41:19 +0000] "GET /about HTTP/1.1" 404 21807 "-" "Mozilla/5.0 (compatible; Bingbot/2.0; +http://www.bing.com/bingbot.htm)"
228.157.161.66 - - [01/Apr/2025:09:42:02 +0000] "GET /admin HTTP/1.1" 404 20350 "-" "Mozilla/5.0 (compatible; Bingbot/2.0; +http://www.bing.com/bingbot.htm)"
94.93.197.142 - - [01/Apr/2025:09:42:45 +0000] "GET /wp-login.php HTTP/1.1" 200 17160 "-" "Mozilla/5.0 (compatible; Bingbot/2.0; +http://www.bing.com/bingbot.htm)"
1.6.129.140 - - [01/Apr/2025:09:43:28 +0000] "GET /login HTTP/1.1" 200 46034 "-" "Mozilla/5.0 (compatible; YandexBot/3.0; +http://yandex.com/bots)"
94.93.197.142 - - [01/Apr/2025:09:44:11 +0000] "GET /index.html HTTP/1.1" 200 9729 "-" "Mozilla/5.0 (compatible; Bingbot/2.0; +http://www.bing.com/bingbot.htm)"
94.93.197.142 - - [01/Apr/2025:09:44:54 +0000] "GET /index.html HTTP/1.1" 404 33151 "-" "Mozilla/5.0 (compatible; Bingbot/2.0; +http://www.bing.com/bingbot.htm)"
199.28.211.240 - - [01/Apr/2025:09:45:37 +0000] "GET /wp-admin HTTP/1.1" 200 36514 "-" "Mozilla/5.0 (compatible; Bingbot/2.0; +http://www.bing.com/bingbot.htm)"
199.28.211.240 - - [01/Apr/2025:09:46:20 +0000] "GET /phpmyadmin HTTP/1.1" 200 40862 "-" "Mozilla/5.0 (compatible; Bingbot/2.0; +http://www.bing.com/bingbot.htm)"
228.157.161.66 - - [01/Apr/2025:09:47:03 +0000] "GET /phpmyadmin HTTP/1.1" 200 26404 "-" "Mozilla/5.0 (compatible; Bingbot/2.0; +http://www.bing.com/bingbot.htm)"
165.198.162.110 - - [01/Apr/2025:09:47:46 +0000] "GET /administrator HTTP/1.1" 200 12342 "-" "Mozilla/5.0 (compatible; Bingbot/2.0; +http://www.bing.com/bingbot.htm)"
7.35.34.176 - - [01/Apr/2025:09:48:29 +0000] "GET /admin/config.php HTTP/1.1" 200 39905 "-" "Mozilla/5.0 (compatible; Googlebot/2.1; +http://www.google.com/bot.html)"
94.93.197.142 - - [01/Apr/2025:09:49:12 +0000] "GET /shell.php HTTP/1.1" 200 30949 "-" "Mozilla/5.0 (compatible; YandexBot/3.0; +http://yandex.com/bots)"
7.35.34.176 - - [01/Apr/2025:09:49:55 +0000] "GET / HTTP/1.1" 200 24252 "-" "Mozilla/5.0 (compatible; Bingbot/2.0; +http://www.bing.com/bingbot.htm)"
114.11.126.247 - - [01/Apr/2025:09:50:38 +0000] "GET /phpmyadmin HTTP/1.1" 200 40159 "-" "Mozilla/5.0 (compatible; Bingbot/2.0; +http://www.bing.com/bingbot.htm)"
21.234.185.154 - - [01/Apr/2025:09:51:21 +0000] "GET /user/login HTTP/1.1" 200 44560 "-" "Mozilla/5.0 (compatible; Bingbot/2.0; +http://www.bing.com/bingbot.htm)"
1.6.129.140 - - [01/Apr/2025:09:52:04 +0000] "GET /administrator HTTP/1.1" 200 1472 "-" "Mozilla/5.0 (compatible; Bingbot/2.0; +http://www.bing.com/bingbot.htm)"
82.45.6.249 - - [01/Apr/2025:09:52:47 +0000] "GET /user/login HTTP/1.1" 200 7055 "-" "Mozilla/5.0 (compatible; Bingbot/2.0; +http://www.bing.com/bingbot.htm)"
94.93.197.142 - - [01/Apr/2025:09:53:30 +0000] "GET /wp-config.php HTTP/1.1" 200 6505 "-" "Mozilla/5.0 (compatible; Bingbot/2.0; +http://www.bing.com/bingbot.htm)"
199.28.211.240 - - [01/Apr/2025:09:54:13 +0000] "GET /xmlrpc.php HTTP/1.1" 200 18114 "-" "Mozilla/5.0 (compatible; Bingbot/2.0; +http://www.bing.com/bingbot.htm)"
21.234.185.154 - - [01/Apr/2025:09:54:56 +0000] "GET /admin HTTP/1.1" 200 19751 "-" "Mozilla/5.0 (compatible; YandexBot/3.0; +http://yandex.com/bots)"
165.198.162.110 - - [01/Apr/2025:09:55:39 +0000] "GET /admin HTTP/1.1" 200 10771 "-" "Mozilla/5.0 (compatible; Googlebot/2.1; +http://www.google.com/bot.html)"
82.45.6.249 - - [01/Apr/2025:09:56:22 +0000] "GET /phpmyadmin HTTP/1.1" 200 13897 "-" "Mozilla/5.0 (compatible; YandexBot/3.0; +http://yandex.com/bots)"
111.171.165.107 - - [01/Apr/2025:09:57:05 +0000] "GET /shell.php HTTP/1.1" 200 37113 "-" "Mozilla/5.0 (compatible; Googlebot/2.1; +http://www.google.com/bot.html)"
114.11.126.247 - - [01/Apr/2025:09:57:48 +0000] "GET /api/v1/users HTTP/1.1" 200 32208 "-" "Mozilla/5.0 (compatible; Googlebot/2.1; +http://www.google.com/bot.html)"
94.93.197.142 - - [01/Apr/2025:09:58:31 +0000] "GET /login HTTP/1.1" 200 30598 "-" "Mozilla/5.0 (compatible; Bingbot/2.0; +http://www.bing.com/bingbot.htm)"
111.171.165.107 - - [01/Apr/2025:09:59:14 +0000] "GET /api/v1/users HTTP/1.1" 200 42796 "-" "Mozilla/5.0 (compatible; YandexBot/3.0; +http://yandex.com/bots)"
228.157.161.66 - - [01/Apr/2025:09:59:57 +0000] "GET /wp-admin HTTP/1.1" 200 38994 "-" "Mozilla/5.0 (compatible; YandexBot/3.0; +http://yandex.com/bots)"
111.171.165.107 - - [01/Apr/2025:10:00:40 +0000] "GET /xmlrpc.php HTTP/1.1" 200 3624 "-" "Mozilla/5.0 (compatible; YandexBot/3.0; +http://yandex.com/bots)"
1.6.129.140 - - [01/Apr/2025:10:01:23 +0000] "GET /wp-admin HTTP/1.1" 200 45982 "-" "Mozilla/5.0 (compatible; Googlebot/2.1; +http://www.google.com/bot.html)"
82.45.6.249 - - [01/Apr/2025:10:02:06 +0000] "GET /login HTTP/1.1" 200 12760 "-" "Mozilla/5.0 (compatible; Bingbot/2.0; +http://www.bing.com/bingbot.htm)"
111.171.165.107 - - [01/Apr/2025:10:02:49 +0000] "GET /api/v1/products HTTP/1.1" 200 6547 "-" "Mozilla/5.0 (compatible; Bingbot/2.0; +http://www.bing.com/bingbot.htm)"
228.157.161.66 - - [01/Apr/2025:10:03:32 +0000] "GET / HTTP/1.1" 200 25874 "-" "Mozilla/5.0 (compatible; YandexBot/3.0; +http://yandex.com/bots)"
1.6.129.140 - - [01/Apr/2025:10:04:15 +0000] "GET /admin/config.php HTTP/1.1" 200 16091 "-" "Mozilla/5.0 (compatible; Bingbot/2.0; +http://www.bing.com/bingbot.htm)"
114.11.126.247 - - [01/Apr/2025:10:04:58 +0000] "GET /xmlrpc.php HTTP/1.1" 200 23201 "-" "Mozilla/5.0 (compatible; Bingbot/2.0; +http://www.bing.com/bingbot.htm)"
94.93.197.142 - - [01/Apr/2025:10:05:41 +0000] "GET /about HTTP/1.1" 200 33242 "-" "Mozilla/5.0 (compatible; Bingbot/2.0; +http://www.bing.com/bingbot.htm)"
114.11.126.247 - - [01/Apr/2025:10:06:24 +0000] "GET /about HTTP/1.1" 200 6745 "-" "Mozilla/5.0 (compatible; Bingbot/2.0; +http://www.bing.com/bingbot.htm)"
21.234.185.154 - - [01/Apr/2025:10:07:07 +0000] "GET /contact HTTP/1.1" 200 23462 "-" "Mozilla/5.0 (compatible; YandexBot/3.0; +http://yandex.com/bots)"
228.157.161.66 - - [01/Apr/2025:10:07:50 +0000] "GET /login HTTP/1.1" 200 22660 "-" "Mozilla/5.0 (compatible; Googlebot/2.1; +http://www.google.com/bot.html)"
21.234.185.154 - - [01/Apr/2025:10:08:33 +0000] "GET /api/v1/users HTTP/1.1" 200 35777 "-" "Mozilla/5.0 (compatible; Bingbot/2.0; +http://www.bing.com/bingbot.htm)"
114.11.126.247 - - [01/Apr/2025:10:09:16 +0000] "GET /wp-admin HTTP/1.1" 200 49183 "-" "Mozilla/5.0 (compatible; Googlebot/2.1; +http://www.google.com/bot.html)"
7.35.34.176 - - [01/Apr/2025:10:09:59 +0000] "GET /register HTTP/1.1" 200 34190 "-" "Mozilla/5.0 (compatible; YandexBot/3.0; +http://yandex.com/bots)"
1.6.129.140 - - [01/Apr/2025:10:10:42 +0000] "GET /wp-login.php HTTP/1.1" 200 34859 "-" "Mozilla/5.0 (compatible; YandexBot/3.0; +http://yandex.com/bots)"
111.171.165.107 - - [01/Apr/2025:10:11:25 +0000] "GET /xmlrpc.php HTTP/1.1" 200 16906 "-" "Mozilla/5.0 (compatible; Bingbot/2.0; +http://www.bing.com/bingbot.htm)"
21.234.185.154 - - [01/Apr/2025:10:12:08 +0000] "GET /user/login HTTP/1.1" 200 23779 "-" "Mozilla/5.0 (compatible; Googlebot/2.1; +http://www.google.com/bot.html)"
111.171.165.107 - - [01/Apr/2025:10:12:51 +0000] "GET /wp-login.php HTTP/1.1" 200 11411 "-" "Mozilla/5.0 (compatible; Googlebot/2.1; +http://www.google.com/bot.html)"
82.45.6.249 - - [01/Apr/2025:10:13:34 +0000] "GET /api/v1/products HTTP/1.1" 200 31271 "-" "Mozilla/5.0 (compatible; Googlebot/2.1; +http://www.google.com/bot.html)"
165.198.162.110 - - [01/Apr/2025:10:14:17 +0000] "GET /register HTTP/1.1" 200 7381 "-" "Mozilla/5.0 (compatible; Bingbot/2.0; +http://www.bing.com/bingbot.htm)"
111.171.165.107 - - [01/Apr/2025:10:15:00 +0000] "GET /about HTTP/1.1" 200 26740 "-" "Mozilla/5.0 (compatible; Bingbot/2.0; +http://www.bing.com/bingbot.htm)"
94.93.197.142 - - [01/Apr/2025:10:15:43 +0000] "GET /login HTTP/1.1" 200 3538 "-" "Mozilla/5.0 (compatible; Googlebot/2.1; +http://www.google.com/bot.html)"
111.171.165.107 - - [01/Apr/2025:10:16:26 +0000] "GET /wp-admin HTTP/1.1" 200 38331 "-" "Mozilla/5.0 (compatible; Bingbot/2.0; +http://www.bing.com/bingbot.htm)"
7.35.34.176 - - [01/Apr/2025:10:17:09 +0000] "GET /login HTTP/1.1" 200 9177 "-" "Mozilla/5.0 (compatible; YandexBot/3.0; +http://yandex.com/bots)"
114.11.126.247 - - [01/Apr/2025:10:17:52 +0000] "GET /contact HTTP/1.1" 200 5066 "-" "Mozilla/5.0 (compatible; YandexBot/3.0; +http://yandex.com/bots)"
199.28.211.240 - - [01/Apr/2025:10:18:35 +0000] "GET / HTTP/1.1" 200 34850 "-" "Mozilla/5.0 (compatible; Bingbot/2.0; +http://www.bing.com/bingbot.htm)"
82.45.6.249 - - [01/Apr/2025:10:19:18 +0000] "GET /wp-admin HTTP/1.1" 200 22050 "-" "Mozilla/5.0 (compatible; YandexBot/3.0; +http://yandex.com/bots)"
111.171.165.107 - - [01/Apr/2025:10:20:01 +0000] "GET /contact HTTP/1.1" 200 49662 "-" "Mozilla/5.0 (compatible; Bingbot/2.0; +http://www.bing.com/bingbot.htm)"
228.157.161.66 - - [01/Apr/2025:10:20:44 +0000] "GET /administrator HTTP/1.1" 200 33803 "-" "Mozilla/5.0 (compatible; Bingbot/2.0; +http://www.bing.com/bingbot.htm)"
21.234.185.154 - - [01/Apr/2025:10:21:27 +0000] "GET / HTTP/1.1" 200 27652 "-" "Mozilla/5.0 (compatible; Bingbot/2.0; +http://www.bing.com/bingbot.htm)"
228.157.161.66 - - [01/Apr/2025:10:22:10 +0000] "GET /login HTTP/1.1" 200 17605 "-" "Mozilla/5.0 (compatible; YandexBot/3.0; +http://yandex.com/bots)"
165.198.162.110 - - [01/Apr/2025:10:22:53 +0000] "GET /index.html HTTP/1.1" 200 16100 "-" "Mozilla/5.0 (compatible; Googlebot/2.1; +http://www.google.com/bot.html)"
114.11.126.247 - - [01/Apr/2025:10:23:36 +0000] "GET /api/v1/products HTTP/1.1" 404 7121 "-" "Mozilla/5.0 (compatible; YandexBot/3.0; +http://yandex.com/bots)"
1.6.129.140 - - [01/Apr/2025:10:24:19 +0000] "GET /user/login HTTP/1.1" 200 35897 "-" "Mozilla/5.0 (compatible; YandexBot/3.0; +http://yandex.com/bots)"
94.93.197.142 - - [01/Apr/2025:10:25:02 +0000] "GET /wp-config.php HTTP/1.1" 200 37521 "-" "Mozilla/5.0 (compatible; YandexBot/3.0; +http://yandex.com/bots)"
1.6.129.140 - - [01/Apr/2025:10:25:45 +0000] "GET /xmlrpc.php HTTP/1.1" 200 12262 "-" "Mozilla/5.0 (compatible; Bingbot/2.0; +http://www.bing.com/bingbot.htm)"
7.35.34.176 - - [01/Apr/2025:10:26:28 +0000] "GET /xmlrpc.php HTTP/1.1" 200 13972 "-" "Mozilla/5.0 (compatible; YandexBot/3.0; +http://yandex.com/bots)"
199.28.211.240 - - [01/Apr/2025:10:27:11 +0000] "GET /shell.php HTTP/1.1" 200 6820 "-" "Mozilla/5.0 (compatible; Googlebot/2.1; +http://www.google.com/bot.html)"
1.6.129.140 - - [01/Apr/2025:10:27:54 +0000] "GET /login HTTP/1.1" 200 8997 "-" "Mozilla/5.0 (compatible; Googlebot/2.1; +http://www.google.com/bot.html)"
7.35.34.176 - - [01/Apr/2025:10:28:37 +0000] "GET /wp-config.php HTTP/1.1" 404 22636 "-" "Mozilla/5.0 (compatible; Googlebot/2.1; +http://www.google.com/bot.html)"
7.35.34.176 - - [01/Apr/2025:10:29:20 +0000] "GET / HTTP/1.1" 200 30591 "-" "Mozilla/5.0 (compatible; Bingbot/2.0; +http://www.bing.com/bingbot.htm)"
114.11.126.247 - - [01/Apr/2025:10:30:03 +0000] "GET /contact HTTP/1.1" 200 17787 "-" "Mozilla/5.0 (compatible; YandexBot/3.0; +http://yandex.com/bots)"
94.93.197.142 - - [01/Apr/2025:10:30:46 +0000] "GET /register HTTP/1.1" 200 29278 "-" "Mozilla/5.0 (compatible; Bingbot/2.0; +http://www.bing.com/bingbot.htm)"
114.11.126.247 - - [01/Apr/2025:10:31:29 +0000] "GET /phpmyadmin HTTP/1.1" 200 29615 "-" "Mozilla/5.0 (compatible; Bingbot/2.0; +http://www.bing.com/bingbot.htm)"
82.45.6.249 - - [01/Apr/2025:10:32:12 +0000] "GET /register HTTP/1.1" 200 24435 "-" "Mozilla/5.0 (compatible; Bingbot/2.0; +http://www.bing.com/bingbot.htm)"
228.157.161.66 - - [01/Apr/2025:10:32:55 +0000] "GET /login HTTP/1.1" 200 29262 "-" "Mozilla/5.0 (compatible; YandexBot/3.0; +http://yandex.com/bots)"
21.234.185.154 - - [01/Apr/2025:10:33:38 +0000] "GET /user/login HTTP/1.1" 404 17897 "-" "Mozilla/5.0 (compatible; Googlebot/2.1; +http://www.google.com/bot.html)"
199.28.211.240 - - [01/Apr/2025:10:34:21 +0000] "GET /index.html HTTP/1.1" 200 18324 "-" "Mozilla/5.0 (compatible; Bingbot/2.0; +http://www.bing.com/bingbot.htm)"
111.171.165.107 - - [01/Apr/2025:10:35:04 +0000] "GET /shell.php HTTP/1.1" 200 8561 "-" "Mozilla/5.0 (compatible; YandexBot/3.0; +http://yandex.com/bots)"
165.198.162.110 - - [01/Apr/2025:10:35:47 +0000] "GET /register HTTP/1.1" 200 12284 "-" "Mozilla/5.0 (compatible; Googlebot/2.1; +http://www.google.com/bot.html)"
199.28.211.240 - - [01/Apr/2025:10:36:30 +0000] "GET /api/v1/users HTTP/1.1" 200 45013 "-" "Mozilla/5.0 (compatible; Googlebot/2.1; +http://www.google.com/bot.html)"
82.45.6.249 - - [01/Apr/2025:10:37:13 +0000] "GET /api/v1/products HTTP/1.1" 200 42334 "-" "Mozilla/5.0 (compatible; YandexBot/3.0; +http://yandex.com/bots)"
82.45.6.249 - - [01/Apr/2025:10:37:56 +0000] "GET /wp-login.php HTTP/1.1" 200 23547 "-" "Mozilla/5.0 (compatible; Googlebot/2.1; +http://www.google.com/bot.html)"
82.45.6.249 - - [01/Apr/2025:10:38:39 +0000] "GET /administrator HTTP/1.1" 200 41709 "-" "Mozilla/5.0 (compatible; YandexBot/3.0; +http://yandex.com/bots)"
7.35.34.176 - - [01/Apr/2025:10:39:22 +0000] "GET /user/login HTTP/1.1" 200 17639 "-" "Mozilla/5.0 (compatible; Bingbot/2.0; +http://www.bing.com/bingbot.htm)"
21.234.185.154 - - [01/Apr/2025:10:40:05 +0000] "GET /api/v1/products HTTP/1.1" 200 43326 "-" "Mozilla/5.0 (compatible; Googlebot/2.1; +http://www.google.com/bot.html)"
82.45.6.249 - - [01/Apr/2025:10:40:48 +0000] "GET /contact HTTP/1.1" 200 44748 "-" "Mozilla/5.0 (compatible; Googlebot/2.1; +http://www.google.com/bot.html)"
94.93.197.142 - - [01/Apr/2025:10:41:31 +0000] "GET /wp-login.php HTTP/1.1" 200 14618 "-" "Mozilla/5.0 (compatible; Bingbot/2.0; +http://www.bing.com/bingbot.htm)"
82.45.6.249 - - [01/Apr/2025:10:42:14 +0000] "GET /admin HTTP/1.1" 200 34310 "-" "Mozilla/5.0 (compatible; Googlebot/2.1; +http://www.google.com/bot.html)"
94.93.197.142 - - [01/Apr/2025:10:42:57 +0000] "GET /api/v1/products HTTP/1.1" 200 15185 "-" "Mozilla/5.0 (compatible; Googlebot/2.1; +http://www.google.com/bot.html)"
94.93.197.142 - - [01/Apr/2025:10:43:40 +0000] "GET /contact HTTP/1.1" 200 38384 "-" "Mozilla/5.0 (compatible; YandexBot/3.0; +http://yandex.com/bots)"
7.35.34.176 - - [01/Apr/2025:10:44:23 +0000] "GET /contact HTTP/1.1" 200 45135 "-" "Mozilla/5.0 (compatible; YandexBot/3.0; +http://yandex.com/bots)"
114.11.126.247 - - [01/Apr/2025:10:45:06 +0000] "GET /xmlrpc.php HTTP/1.1" 404 49781 "-" "Mozilla/5.0 (compatible; Googlebot/2.1; +http://www.google.com/bot.html)"
199.28.211.240 - - [01/Apr/2025:10:45:49 +0000] "GET /register HTTP/1.1" 200 33885 "-" "Mozilla/5.0 (compatible; Googlebot/2.1; +http://www.google.com/bot.html)"
7.35.34.176 - - [01/Apr/2025:10:46:32 +0000] "GET / HTTP/1.1" 200 10906 "-" "Mozilla/5.0 (compatible; Googlebot/2.1; +http://www.google.com/bot.html)"
111.171.165.107 - - [01/Apr/2025:10:47:15 +0000] "GET /wp-login.php HTTP/1.1" 200 17780 "-" "Mozilla/5.0 (compatible; Googlebot/2.1; +http://www.google.com/bot.html)"
94.93.197.142 - - [01/Apr/2025:10:47:58 +0000] "GET / HTTP/1.1" 200 35882 "-" "Mozilla/5.0 (compatible; Bingbot/2.0; +http://www.bing.com/bingbot.htm)"
228.157.161.66 - - [01/Apr/2025:10:48:41 +0000] "GET /login HTTP/1.1" 200 25859 "-" "Mozilla/5.0 (compatible; Bingbot/2.0; +http://www.bing.com/bingbot.htm)"
114.11.126.247 - - [01/Apr/2025:10:49:24 +0000] "GET /wp-login.php HTTP/1.1" 200 29648 "-" "Mozilla/5.0 (compatible; Googlebot/2.1; +http://www.google.com/bot.html)"
82.45.6.249 - - [01/Apr/2025:10:50:07 +0000] "GET /index.html HTTP/1.1" 200 35385 "-" "Mozilla/5.0 (compatible; Googlebot/2.1; +http://www.google.com/bot.html)"
21.234.185.154 - - [01/Apr/2025:10:50:50 +0000] "GET /wp-login.php HTTP/1.1" 200 27224 "-" "Mozilla/5.0 (compatible; YandexBot/3.0; +http://yandex.com/bots)"
1.6.129.140 - - [01/Apr/2025:10:51:33 +0000] "GET /xmlrpc.php HTTP/1.1" 200 45269 "-" "Mozilla/5.0 (compatible; Bingbot/2.0; +http://www.bing.com/bingbot.htm)"
114.11.126.247 - - [01/Apr/2025:10:52:16 +0000] "GET /admin HTTP/1.1" 200 48763 "-" "Mozilla/5.0 (compatible; Bingbot/2.0; +http://www.bing.com/bingbot.htm)"
165.198.162.110 - - [01/Apr/2025:10:52:59 +0000] "GET /about HTTP/1.1" 200 1960 "-" "Mozilla/5.0 (compatible; YandexBot/3.0; +http://yandex.com/bots)"
114.11.126.247 - - [01/Apr/2025:10:53:42 +0000] "GET /wp-admin HTTP/1.1" 200 27377 "-" "Mozilla/5.0 (compatible; Googlebot/2.1; +http://www.google.com/bot.html)"
165.198.162.110 - - [01/Apr/2025:10:54:25 +0000] "GET /api/v1/products HTTP/1.1" 200 49826 "-" "Mozilla/5.0 (compatible; YandexBot/3.0; +http://yandex.com/bots)"
199.28.211.240 - - [01/Apr/2025:10:55:08 +0000] "GET /api/v1/products HTTP/1.1" 200 47334 "-" "Mozilla/5.0 (compatible; YandexBot/3.0; +http://yandex.com/bots)"
7.35.34.176 - - [01/Apr/2025:10:55:51 +0000] "GET /contact HTTP/1.1" 200 47505 "-" "Mozilla/5.0 (compatible; YandexBot/3.0; +http://yandex.com/bots)"
7.35.34.176 - - [01/Apr/2025:10:56:34 +0000] "GET /wp-login.php HTTP/1.1" 200 27683 "-" "Mozilla/5.0 (compatible; Bingbot/2.0; +http://www.bing.com/bingbot.htm)"
199.28.211.240 - - [01/Apr/2025:10:57:17 +0000] "GET /api/v1/products HTTP/1.1" 200 49981 "-" "Mozilla/5.0 (compatible; Bingbot/2.0; +http://www.bing.com/bingbot.htm)"
1.6.129.140 - - [01/Apr/2025:10:58:00 +0000] "GET / HTTP/1.1" 200 5815 "-" "Mozilla/5.0 (compatible; YandexBot/3.0; +http://yandex.com/bots)"
165.198.162.110 - - [01/Apr/2025:10:58:43 +0000] "GET /register HTTP/1.1" 200 31101 "-" "Mozilla/5.0 (compatible; YandexBot/3.0; +http://yandex.com/bots)"
21.234.185.154 - - [01/Apr/2025:10:59:26 +0000] "GET / HTTP/1.1" 200 33350 "-" "Mozilla/5.0 (compatible; Bingbot/2.0; +http://www.bing.com/bingbot.htm)"
82.45.6.249 - - [01/Apr/2025:11:00:09 +0000] "GET /api/v1/users HTTP/1.1" 200 32677 "-" "Mozilla/5.0 (compatible; Googlebot/2.1; +http://www.google.com/bot.html)"
7.35.34.176 - - [01/Apr/2025:11:00:52 +0000] "GET /index.html HTTP/1.1" 200 27004 "-" "Mozilla/5.0 (compatible; Googlebot/2.1; +http://www.google.com/bot.html)"
94.93.197.142 - - [01/Apr/2025:11:01:35 +0000] "GET /api/v1/products HTTP/1.1" 200 33770 "-" "Mozilla/5.0 (compatible; Googlebot/2.1; +http://www.google.com/bot.html)"
7.35.34.176 - - [01/Apr/2025:11:02:18 +0000] "GET /shell.php HTTP/1.1" 200 26585 "-" "Mozilla/5.0 (compatible; YandexBot/3.0; +http://yandex.com/bots)"
1.6.129.140 - - [01/Apr/2025:11:03:01 +0000] "GET /phpmyadmin HTTP/1.1" 200 19479 "-" "Mozilla/5.0 (compatible; YandexBot/3.0; +http://yandex.com/bots)"
1.6.129.140 - - [01/Apr/2025:11:03:44 +0000] "GET /wp-config.php HTTP/1.1" 200 14094 "-" "Mozilla/5.0 (compatible; Bingbot/2.0; +http://www.bing.com/bingbot.htm)"
21.234.185.154 - - [01/Apr/2025:11:04:27 +0000] "GET /user/login HTTP/1.1" 200 13692 "-" "Mozilla/5.0 (compatible; Googlebot/2.1; +http://www.google.com/bot.html)"
82.45.6.249 - - [01/Apr/2025:11:05:10 +0000] "GET /wp-config.php HTTP/1.1" 200 2831 "-" "Mozilla/5.0 (compatible; YandexBot/3.0; +http://yandex.com/bots)"
114.11.126.247 - - [01/Apr/2025:11:05:53 +0000] "GET /admin HTTP/1.1" 200 43649 "-" "Mozilla/5.0 (compatible; Bingbot/2.0; +http://www.bing.com/bingbot.htm)"
94.93.197.142 - - [01/Apr/2025:11:06:36 +0000] "GET /wp-config.php HTTP/1.1" 200 21290 "-" "Mozilla/5.0 (compatible; Bingbot/2.0; +http://www.bing.com/bingbot.htm)"
82.45.6.249 - - [01/Apr/2025:11:07:19 +0000] "GET /wp-config.php HTTP/1.1" 200 3069 "-" "Mozilla/5.0 (compatible; Googlebot/2.1; +http://www.google.com/bot.html)"
114.11.126.247 - - [01/Apr/2025:11:08:02 +0000] "GET /api/v1/users HTTP/1.1" 200 4019 "-" "Mozilla/5.0 (compatible; Bingbot/2.0; +http://www.bing.com/bingbot.htm)"
111.171.165.107 - - [01/Apr/2025:11:08:45 +0000] "GET /wp-admin HTTP/1.1" 200 45873 "-" "Mozilla/5.0 (compatible; YandexBot/3.0; +http://yandex.com/bots)"
114.11.126.247 - - [01/Apr/2025:11:09:28 +0000] "GET /about HTTP/1.1" 200 28713 "-" "Mozilla/5.0 (compatible; Googlebot/2.1; +http://www.google.com/bot.html)"
21.234.185.154 - - [01/Apr/2025:11:10:11 +0000] "GET / HTTP/1.1" 200 28654 "-" "Mozilla/5.0 (compatible; YandexBot/3.0; +http://yandex.com/bots)"
228.157.161.66 - - [01/Apr/2025:11:10:54 +0000] "GET / HTTP/1.1" 200 20628 "-" "Mozilla/5.0 (compatible; Bingbot/2.0; +http://www.bing.com/bingbot.htm)"
228.157.161.66 - - [01/Apr/2025:11:11:37 +0000] "GET /admin HTTP/1.1" 200 48311 "-" "Mozilla/5.0 (compatible; Googlebot/2.1; +http://www.google.com/bot.html)"
94.93.197.142 - - [01/Apr/2025:11:12:20 +0000] "GET /contact HTTP/1.1" 200 26372 "-" "Mozilla/5.0 (compatible; YandexBot/3.0; +http://yandex.com/bots)"
82.45.6.249 - - [01/Apr/2025:11:13:03 +0000] "GET /administrator HTTP/1.1" 200 30077 "-" "Mozilla/5.0 (compatible; Bingbot/2.0; +http://www.bing.com/bingbot.htm)"
228.157.161.66 - - [01/Apr/2025:11:13:46 +0000] "GET /phpmyadmin HTTP/1.1" 200 23376 "-" "Mozilla/5.0 (compatible; Googlebot/2.1; +http://www.google.com/bot.html)"
21.234.185.154 - - [01/Apr/2025:11:14:29 +0000] "GET /admin/config.php HTTP/1.1" 200 19826 "-" "Mozilla/5.0 (compatible; YandexBot/3.0; +http://yandex.com/bots)"
114.11.126.247 - - [01/Apr/2025:11:15:12 +0000] "GET /api/v1/products HTTP/1.1" 200 24394 "-" "Mozilla/5.0 (compatible; Bingbot/2.0; +http://www.bing.com/bingbot.htm)"
94.93.197.142 - - [01/Apr/2025:11:15:55 +0000] "GET /contact HTTP/1.1" 200 30895 "-" "Mozilla/5.0 (compatible; Googlebot/2.1; +http://www.google.com/bot.html)"
199.28.211.240 - - [01/Apr/2025:11:16:38 +0000] "GET / HTTP/1.1" 200 44477 "-" "Mozilla/5.0 (compatible; Bingbot/2.0; +http://www.bing.com/bingbot.htm)"
114.11.126.247 - - [01/Apr/2025:11:17:21 +0000] "GET /api/v1/products HTTP/1.1" 200 15883 "-" "Mozilla/5.0 (compatible; YandexBot/3.0; +http://yandex.com/bots)"
82.45.6.249 - - [01/Apr/2025:11:18:04 +0000] "GET /login HTTP/1.1" 200 14171 "-" "Mozilla/5.0 (compatible; Bingbot/2.0; +http://www.bing.com/bingbot.htm)"
21.234.185.154 - - [01/Apr/2025:11:18:47 +0000] "GET /wp-login.php HTTP/1.1" 200 38513 "-" "Mozilla/5.0 (compatible; Googlebot/2.1; +http://www.google.com/bot.html)"
199.28.211.240 - - [01/Apr/2025:11:19:30 +0000] "GET /xmlrpc.php HTTP/1.1" 200 5985 "-" "Mozilla/5.0 (compatible; Bingbot/2.0; +http://www.bing.com/bingbot.htm)"
