165.198.162.110 - - [01/Apr/2025:11:20:13 +0000] "GET / HTTP/1.1" 200 37634 "-" "Mozilla/5.0 (compatible; YandexBot/3.0; +http://yandex.com/bots)"
82.45.6.249 - - [01/Apr/2025:11:20:56 +0000] "GET /about HTTP/1.1" 200 49453 "-" "Mozilla/5.0 (compatible; Googlebot/2.1; +http://www.google.com/bot.html)"
114.11.126.247 - - [01/Apr/2025:11:21:39 +0000] "GET /phpmyadmin HTTP/1.1" 200 49310 "-" "Mozilla/5.0 (compatible; Bingbot/2.0; +http://www.bing.com/bingbot.htm)"
165.198.162.110 - - [01/Apr/2025:11:22:22 +0000] "GET /wp-admin HTTP/1.1" 200 5341 "-" "Mozilla/5.0 (compatible; Bingbot/2.0; +http://www.bing.com/bingbot.htm)"
21.234.185.154 - - [01/Apr/2025:11:23:05 +0000] "GET /wp-config.php HTTP/1.1" 200 49962 "-" "Mozilla/5.0 (compatible; Bingbot/2.0; +http://www.bing.com/bingbot.htm)"
199.28.211.240 - - [01/Apr/2025:11:23:48 +0000] "GET /phpmyadmin HTTP/1.1" 200 23271 "-" "Mozilla/5.0 (compatible; Bingbot/2.0; +http://www.bing.com/bingbot.htm)"
1.6.129.140 - - [01/Apr/2025:11:24:31 +0000] "GET /about HTTP/1.1" 200 29939 "-" "Mozilla/5.0 (compatible; Bingbot/2.0; +http://www.bing.com/bingbot.htm)"
165.198.162.110 - - [01/Apr/2025:11:25:14 +0000] "GET /xmlrpc.php HTTP/1.1" 200 16709 "-" "Mozilla/5.0 (compatible; Bingbot/2.0; +http://www.bing.com/bingbot.htm)"
82.45.6.249 - - [01/Apr/2025:11:25:57 +0000] "GET /admin HTTP/1.1" 200 10280 "-" "Mozilla/5.0 (compatible; Googlebot/2.1; +http://www.google.com/bot.html)"
21.234.185.154 - - [01/Apr/2025:11:26:40 +0000] "GET /login HTTP/1.1" 200 36139 "-" "Mozilla/5.0 (compatible; Googlebot/2.1; +http://www.google.com/bot.html)"
228.157.161.66 - - [01/Apr/2025:11:27:23 +0000] "GET /shell.php HTTP/1.1" 404 43476 "-" "Mozilla/5.0 (compatible; Bingbot/2.0; +http://www.bing.com/bingbot.htm)"
111.171.165.107 - - [01/Apr/2025:11:28:06 +0000] "GET /admin HTTP/1.1" 200 5830 "-" "Mozilla/5.0 (compatible; YandexBot/3.0; +http://yandex.com/bots)"
165.198.162.110 - - [01/Apr/2025:11:28:49 +0000] "GET /xmlrpc.php HTTP/1.1" 200 15018 "-" "Mozilla/5.0 (compatible; Bingbot/2.0; +http://www.bing.com/bingbot.htm)"
82.45.6.249 - - [01/Apr/2025:11:29:32 +0000] "GET /admin HTTP/1.1" 200 20237 "-" "Mozilla/5.0 (compatible; Bingbot/2.0; +http://www.bing.com/bingbot.htm)"
21.234.185.154 - - [01/Apr/2025:11:30:15 +0000] "GET /phpmyadmin HTTP/1.1" 200 2942 "-" "Mozilla/5.0 (compatible; Bingbot/2.0; +http://www.bing.com/bingbot.htm)"
82.45.6.249 - - [01/Apr/2025:11:30:58 +0000] "GET /xmlrpc.php HTTP/1.1" 200 21468 "-" "Mozilla/5.0 (compatible; YandexBot/3.0; +http://yandex.com/bots)"
165.198.162.110 - - [01/Apr/2025:11:31:41 +0000] "GET /user/login HTTP/1.1" 200 17216 "-" "Mozilla/5.0 (compatible; Googlebot/2.1; +http://www.google.com/bot.html)"
199.28.211.240 - - [01/Apr/2025:11:32:24 +0000] "GET /contact HTTP/1.1" 200 46951 "-" "Mozilla/5.0 (compatible; Googlebot/2.1; +http://www.google.com/bot.html)"
21.234.185.154 - - [01/Apr/2025:11:33:07 +0000] "GET /admin HTTP/1.1" 200 33031 "-" "Mozilla/5.0 (compatible; Bingbot/2.0; +http://www.bing.com/bingbot.htm)"
199.28.211.240 - - [01/Apr/2025:11:33:50 +0000] "GET /administrator HTTP/1.1" 200 15606 "-" "Mozilla/5.0 (compatible; Bingbot/2.0; +http://www.bing.com/bingbot.htm)"
82.45.6.249 - - [01/Apr/2025:11:34:33 +0000] "GET /register HTTP/1.1" 200 34382 "-" "Mozilla/5.0 (compatible; Bingbot/2.0; +http://www.bing.com/bingbot.htm)"
94.93.197.142 - - [01/Apr/2025:11:35:16 +0000] "GET /user/login HTTP/1.1" 200 45466 "-" "Mozilla/5.0 (compatible; YandexBot/3.0; +http://yandex.com/bots)"
94.93.197.142 - - [01/Apr/2025:11:35:59 +0000] "GET /index.html HTTP/1.1" 200 13309 "-" "Mozilla/5.0 (compatible; Googlebot/2.1; +http://www.google.com/bot.html)"
199.28.211.240 - - [01/Apr/2025:11:36:42 +0000] "GET /user/login HTTP/1.1" 200 36404 "-" "Mozilla/5.0 (compatible; Googlebot/2.1; +http://www.google.com/bot.html)"
199.28.211.240 - - [01/Apr/2025:11:37:25 +0000] "GET /contact HTTP/1.1" 404 17666 "-" "Mozilla/5.0 (compatible; Bingbot/2.0; +http://www.bing.com/bingbot.htm)"
82.45.6.249 - - [01/Apr/2025:11:38:08 +0000] "GET /admin/config.php HTTP/1.1" 200 7749 "-" "Mozilla/5.0 (compatible; YandexBot/3.0; +http://yandex.com/bots)"
228.157.161.66 - - [01/Apr/2025:11:38:51 +0000] "GET /register HTTP/1.1" 404 31723 "-" "Mozilla/5.0 (compatible; Googlebot/2.1; +http://www.google.com/bot.html)"
228.157.161.66 - - [01/Apr/2025:11:39:34 +0000] "GET /admin HTTP/1.1" 200 1226 "-" "Mozilla/5.0 (compatible; Googlebot/2.1; +http://www.google.com/bot.html)"
165.198.162.110 - - [01/Apr/2025:11:40:17 +0000] "GET / HTTP/1.1" 404 47599 "-" "Mozilla/5.0 (compatible; YandexBot/3.0; +http://yandex.com/bots)"
165.198.162.110 - - [01/Apr/2025:11:41:00 +0000] "GET /contact HTTP/1.1" 200 3874 "-" "Mozilla/5.0 (compatible; Bingbot/2.0; +http://www.bing.com/bingbot.htm)"
165.198.162.110 - - [01/Apr/2025:11:41:43 +0000] "GET /wp-config.php HTTP/1.1" 200 38620 "-" "Mozilla/5.0 (compatible; YandexBot/3.0; +http://yandex.com/bots)"
111.171.165.107 - - [01/Apr/2025:11:42:26 +0000] "GET /index.html HTTP/1.1" 200 24390 "-" "Mozilla/5.0 (compatible; Googlebot/2.1; +http://www.google.com/bot.html)"
228.157.161.66 - - [01/Apr/2025:11:43:09 +0000] "GET /wp-admin HTTP/1.1" 200 9224 "-" "Mozilla/5.0 (compatible; YandexBot/3.0; +http://yandex.com/bots)"
7.35.34.176 - - [01/Apr/2025:11:43:52 +0000] "GET /xmlrpc.php HTTP/1.1" 200 14436 "-" "Mozilla/5.0 (compatible; Googlebot/2.1; +http://www.google.com/bot.html)"
82.45.6.249 - - [01/Apr/2025:11:44:35 +0000] "GET / HTTP/1.1" 200 32902 "-" "Mozilla/5.0 (compatible; YandexBot/3.0; +http://yandex.com/bots)"
82.45.6.249 - - [01/Apr/2025:11:45:18 +0000] "GET /index.html HTTP/1.1" 404 33220 "-" "Mozilla/5.0 (compatible; YandexBot/3.0; +http://yandex.com/bots)"
114.11.126.247 - - [01/Apr/2025:11:46:01 +0000] "GET /index.html HTTP/1.1" 404 34628 "-" "Mozilla/5.0 (compatible; Bingbot/2.0; +http://www.bing.com/bingbot.htm)"
111.171.165.107 - - [01/Apr/2025:11:46:44 +0000] "GET /index.html HTTP/1.1" 200 27946 "-" "Mozilla/5.0 (compatible; Bingbot/2.0; +http://www.bing.com/bingbot.htm)"
94.93.197.142 - - [01/Apr/2025:11:47:27 +0000] "GET /api/v1/products HTTP/1.1" 200 37915 "-" "Mozilla/5.0 (compatible; Googlebot/2.1; +http://www.google.com/bot.html)"
199.28.211.240 - - [01/Apr/2025:11:48:10 +0000] "GET /xmlrpc.php HTTP/1.1" 200 41642 "-" "Mozilla/5.0 (compatible; Bingbot/2.0; +http://www.bing.com/bingbot.htm)"
165.198.162.110 - - [01/Apr/2025:11:48:53 +0000] "GET /api/v1/users HTTP/1.1" 200 25656 "-" "Mozilla/5.0 (compatible; Googlebot/2.1; +http://www.google.com/bot.html)"
165.198.162.110 - - [01/Apr/2025:11:49:36 +0000] "GET /login HTTP/1.1" 200 47144 "-" "Mozilla/5.0 (compatible; Googlebot/2.1; +http://www.google.com/bot.html)"
94.93.197.142 - - [01/Apr/2025:11:50:19 +0000] "GET /phpmyadmin HTTP/1.1" 200 12852 "-" "Mozilla/5.0 (compatible; YandexBot/3.0; +http://yandex.com/bots)"
199.28.211.240 - - [01/Apr/2025:11:51:02 +0000] "GET /admin HTTP/1.1" 200 4951 "-" "Mozilla/5.0 (compatible; Googlebot/2.1; +http://www.google.com/bot.html)"
111.171.165.107 - - [01/Apr/2025:11:51:45 +0000] "GET /admin/config.php HTTP/1.1" 404 36988 "-" "Mozilla/5.0 (compatible; Googlebot/2.1; +http://www.google.com/bot.html)"
165.198.162.110 - - [01/Apr/2025:11:52:28 +0000] "GET /wp-config.php HTTP/1.1" 200 45601 "-" "Mozilla/5.0 (compatible; Googlebot/2.1; +http://www.google.com/bot.html)"
7.35.34.176 - - [01/Apr/2025:11:53:11 +0000] "GET /user/login HTTP/1.1" 200 21625 "-" "Mozilla/5.0 (compatible; Googlebot/2.1; +http://www.google.com/bot.html)"
111.171.165.107 - - [01/Apr/2025:11:53:54 +0000] "GET /shell.php HTTP/1.1" 200 15335 "-" "Mozilla/5.0 (compatible; Bingbot/2.0; +http://www.bing.com/bingbot.htm)"
228.157.161.66 - - [01/Apr/2025:11:54:37 +0000] "GET /login HTTP/1.1" 200 18310 "-" "Mozilla/5.0 (compatible; Bingbot/2.0; +http://www.bing.com/bingbot.htm)"
82.45.6.249 - - [01/Apr/2025:11:55:20 +0000] "GET /register HTTP/1.1" 200 25896 "-" "Mozilla/5.0 (compatible; Googlebot/2.1; +http://www.google.com/bot.html)"
1.6.129.140 - - [01/Apr/2025:11:56:03 +0000] "GET /admin HTTP/1.1" 200 44802 "-" "Mozilla/5.0 (compatible; Googlebot/2.1; +http://www.google.com/bot.html)"
7.35.34.176 - - [01/Apr/2025:11:56:46 +0000] "GET /wp-admin HTTP/1.1" 200 17512 "-" "Mozilla/5.0 (compatible; Googlebot/2.1; +http://www.google.com/bot.html)"
82.45.6.249 - - [01/Apr/2025:11:57:29 +0000] "GET /api/v1/users HTTP/1.1" 200 33920 "-" "Mozilla/5.0 (compatible; Bingbot/2.0; +http://www.bing.com/bingbot.htm)"
199.28.211.240 - - [01/Apr/2025:11:58:12 +0000] "GET /wp-admin HTTP/1.1" 200 14290 "-" "Mozilla/5.0 (compatible; Googlebot/2.1; +http://www.google.com/bot.html)"
82.45.6.249 - - [01/Apr/2025:11:58:55 +0000] "GET /shell.php HTTP/1.1" 200 27828 "-" "Mozilla/5.0 (compatible; Bingbot/2.0; +http://www.bing.com/bingbot.htm)"
165.198.162.110 - - [01/Apr/2025:11:59:38 +0000] "GET /api/v1/products HTTP/1.1" 200 46300 "-" "Mozilla/5.0 (compatible; YandexBot/3.0; +http://yandex.com/bots)"
1.6.129.140 - - [01/Apr/2025:12:00:21 +0000] "GET /xmlrpc.php HTTP/1.1" 200 4296 "-" "Mozilla/5.0 (compatible; YandexBot/3.0; +http://yandex.com/bots)"
7.35.34.176 - - [01/Apr/2025:12:01:04 +0000] "GET /shell.php HTTP/1.1" 200 8652 "-" "Mozilla/5.0 (compatible; Googlebot/2.1; +http://www.google.com/bot.html)"
94.93.197.142 - - [01/Apr/2025:12:01:47 +0000] "GET /index.html HTTP/1.1" 200 16776 "-" "Mozilla/5.0 (compatible; Googlebot/2.1; +http://www.google.com/bot.html)"
7.35.34.176 - - [01/Apr/2025:12:02:30 +0000] "GET /wp-admin HTTP/1.1" 200 40502 "-" "Mozilla/5.0 (compatible; Googlebot/2.1; +http://www.google.com/bot.html)"
165.198.162.110 - - [01/Apr/2025:12:03:13 +0000] "GET /about HTTP/1.1" 200 42788 "-" "Mozilla/5.0 (compatible; YandexBot/3.0; +http://yandex.com/bots)"
114.11.126.247 - - [01/Apr/2025:12:03:56 +0000] "GET /admin/config.php HTTP/1.1" 200 4671 "-" "Mozilla/5.0 (compatible; Googlebot/2.1; +http://www.google.com/bot.html)"
114.11.126.247 - - [01/Apr/2025:12:04:39 +0000] "GET /admin/config.php HTTP/1.1" 200 21052 "-" "Mozilla/5.0 (compatible; Googlebot/2.1; +http://www.google.com/bot.html)"
165.198.162.110 - - [01/Apr/2025:12:05:22 +0000] "GET /phpmyadmin HTTP/1.1" 200 39899 "-" "Mozilla/5.0 (compatible; Googlebot/2.1; +http://www.google.com/bot.html)"
82.45.6.249 - - [01/Apr/2025:12:06:05 +0000] "GET /contact HTTP/1.1" 200 45070 "-" "Mozilla/5.0 (compatible; YandexBot/3.0; +http://yandex.com/bots)"
199.28.211.240 - - [01/Apr/2025:12:06:48 +0000] "GET / HTTP/1.1" 200 39770 "-" "Mozilla/5.0 (compatible; Googlebot/2.1; +http://www.google.com/bot.html)"
199.28.211.240 - - [01/Apr/2025:12:07:31 +0000] "GET /administrator HTTP/1.1" 200 8637 "-" "Mozilla/5.0 (compatible; Googlebot/2.1; +http://www.google.com/bot.html)"
228.157.161.66 - - [01/Apr/2025:12:08:14 +0000] "GET /api/v1/products HTTP/1.1" 200 23040 "-" "Mozilla/5.0 (compatible; Googlebot/2.1; +http://www.google.com/bot.html)"
228.157.161.66 - - [01/Apr/2025:12:08:57 +0000] "GET /admin/config.php HTTP/1.1" 200 32812 "-" "Mozilla/5.0 (compatible; YandexBot/3.0; +http://yandex.com/bots)"
165.198.162.110 - - [01/Apr/2025:12:09:40 +0000] "GET /admin HTTP/1.1" 200 46792 "-" "Mozilla/5.0 (compatible; Bingbot/2.0; +http://www.bing.com/bingbot.htm)"
82.45.6.249 - - [01/Apr/2025:12:10:23 +0000] "GET /wp-admin HTTP/1.1" 200 34218 "-" "Mozilla/5.0 (compatible; Bingbot/2.0; +http://www.bing.com/bingbot.htm)"
94.93.197.142 - - [01/Apr/2025:12:11:06 +0000] "GET /about HTTP/1.1" 200 45020 "-" "Mozilla/5.0 (compatible; YandexBot/3.0; +http://yandex.com/bots)"
82.45.6.249 - - [01/Apr/2025:12:11:49 +0000] "GET /xmlrpc.php HTTP/1.1" 200 28694 "-" "Mozilla/5.0 (compatible; Googlebot/2.1; +http://www.google.com/bot.html)"
7.35.34.176 - - [01/Apr/2025:12:12:32 +0000] "GET /phpmyadmin HTTP/1.1" 200 31742 "-" "Mozilla/5.0 (compatible; YandexBot/3.0; +http://yandex.com/bots)"
82.45.6.249 - - [01/Apr/2025:12:13:15 +0000] "GET /login HTTP/1.1" 200 29460 "-" "Mozilla/5.0 (compatible; YandexBot/3.0; +http://yandex.com/bots)"
228.157.161.66 - - [01/Apr/2025:12:13:58 +0000] "GET /wp-login.php HTTP/1.1" 200 8590 "-" "Mozilla/5.0 (compatible; Bingbot/2.0; +http://www.bing.com/bingbot.htm)"
199.28.211.240 - - [01/Apr/2025:12:14:41 +0000] "GET /administrator HTTP/1.1" 200 10106 "-" "Mozilla/5.0 (compatible; Googlebot/2.1; +http://www.google.com/bot.html)"
82.45.6.249 - - [01/Apr/2025:12:15:24 +0000] "GET /phpmyadmin HTTP/1.1" 200 29050 "-" "Mozilla/5.0 (compatible; Googlebot/2.1; +http://www.google.com/bot.html)"
228.157.161.66 - - [01/Apr/2025:12:16:07 +0000] "GET /login HTTP/1.1" 200 30838 "-" "Mozilla/5.0 (compatible; Bingbot/2.0; +http://www.bing.com/bingbot.htm)"
228.157.161.66 - - [01/Apr/2025:12:16:50 +0000] "GET /xmlrpc.php HTTP/1.1" 200 7707 "-" "Mozilla/5.0 (compatible; Bingbot/2.0; +http://www.bing.com/bingbot.htm)"
165.198.162.110 - - [01/Apr/2025:12:17:33 +0000] "GET /wp-admin HTTP/1.1" 200 46247 "-" "Mozilla/5.0 (compatible; YandexBot/3.0; +http://yandex.com/bots)"
114.11.126.247 - - [01/Apr/2025:12:18:16 +0000] "GET /about HTTP/1.1" 200 21146 "-" "Mozilla/5.0 (compatible; YandexBot/3.0; +http://yandex.com/bots)"
165.198.162.110 - - [01/Apr/2025:12:18:59 +0000] "GET /admin/config.php HTTP/1.1" 404 42276 "-" "Mozilla/5.0 (compatible; Googlebot/2.1; +http://www.google.com/bot.html)"
1.6.129.140 - - [01/Apr/2025:12:19:42 +0000] "GET /about HTTP/1.1" 200 31722 "-" "Mozilla/5.0 (compatible; Bingbot/2.0; +http://www.bing.com/bingbot.htm)"
228.157.161.66 - - [01/Apr/2025:12:20:25 +0000] "GET /register HTTP/1.1" 404 29205 "-" "Mozilla/5.0 (compatible; Bingbot/2.0; +http://www.bing.com/bingbot.htm)"
7.35.34.176 - - [01/Apr/2025:12:21:08 +0000] "GET /xmlrpc.php HTTP/1.1" 200 32682 "-" "Mozilla/5.0 (compatible; Bingbot/2.0; +http://www.bing.com/bingbot.htm)"
114.11.126.247 - - [01/Apr/2025:12:21:51 +0000] "GET /login HTTP/1.1" 200 39233 "-" "Mozilla/5.0 (compatible; YandexBot/3.0; +http://yandex.com/bots)"
228.157.161.66 - - [01/Apr/2025:12:22:34 +0000] "GET /wp-login.php HTTP/1.1" 200 28514 "-" "Mozilla/5.0 (compatible; Googlebot/2.1; +http://www.google.com/bot.html)"
94.93.197.142 - - [01/Apr/2025:12:23:17 +0000] "GET /index.html HTTP/1.1" 200 24579 "-" "Mozilla/5.0 (compatible; Bingbot/2.0; +http://www.bing.com/bingbot.htm)"
111.171.165.107 - - [01/Apr/2025:12:24:00 +0000] "GET /api/v1/users HTTP/1.1" 200 37242 "-" "Mozilla/5.0 (compatible; Googlebot/2.1; +http://www.google.com/bot.html)"
7.35.34.176 - - [01/Apr/2025:12:24:43 +0000] "GET /wp-config.php HTTP/1.1" 200 18284 "-" "Mozilla/5.0 (compatible; YandexBot/3.0; +http://yandex.com/bots)"
111.171.165.107 - - [01/Apr/2025:12:25:26 +0000] "GET /login HTTP/1.1" 200 14653 "-" "Mozilla/5.0 (compatible; Bingbot/2.0; +http://www.bing.com/bingbot.htm)"
94.93.197.142 - - [01/Apr/2025:12:26:09 +0000] "GET /contact HTTP/1.1" 404 12446 "-" "Mozilla/5.0 (compatible; Bingbot/2.0; +http://www.bing.com/bingbot.htm)"
199.28.211.240 - - [01/Apr/2025:12:26:52 +0000] "GET /admin HTTP/1.1" 200 4006 "-" "Mozilla/5.0 (compatible; YandexBot/3.0; +http://yandex.com/bots)"
21.234.185.154 - - [01/Apr/2025:12:27:35 +0000] "GET /xmlrpc.php HTTP/1.1" 200 6250 "-" "Mozilla/5.0 (compatible; Googlebot/2.1; +http://www.google.com/bot.html)"
7.35.34.176 - - [01/Apr/2025:12:28:18 +0000] "GET /administrator HTTP/1.1" 404 19926 "-" "Mozilla/5.0 (compatible; Googlebot/2.1; +http://www.google.com/bot.html)"
114.11.126.247 - - [01/Apr/2025:12:29:01 +0000] "GET /wp-login.php HTTP/1.1" 200 15299 "-" "Mozilla/5.0 (compatible; YandexBot/3.0; +http://yandex.com/bots)"
111.171.165.107 - - [01/Apr/2025:12:29:44 +0000] "GET / HTTP/1.1" 200 22405 "-" "Mozilla/5.0 (compatible; Bingbot/2.0; +http://www.bing.com/bingbot.htm)"
111.171.165.107 - - [01/Apr/2025:12:30:27 +0000] "GET /shell.php HTTP/1.1" 200 27618 "-" "Mozilla/5.0 (compatible; Bingbot/2.0; +http://www.bing.com/bingbot.htm)"
114.11.126.247 - - [01/Apr/2025:12:31:10 +0000] "GET /api/v1/products HTTP/1.1" 200 21834 "-" "Mozilla/5.0 (compatible; Googlebot/2.1; +http://www.google.com/bot.html)"
94.93.197.142 - - [01/Apr/2025:12:31:53 +0000] "GET /shell.php HTTP/1.1" 404 29119 "-" "Mozilla/5.0 (compatible; Googlebot/2.1; +http://www.google.com/bot.html)"
21.234.185.154 - - [01/Apr/2025:12:32:36 +0000] "GET /shell.php HTTP/1.1" 200 36402 "-" "Mozilla/5.0 (compatible; Bingbot/2.0; +http://www.bing.com/bingbot.htm)"
114.11.126.247 - - [01/Apr/2025:12:33:19 +0000] "GET /index.html HTTP/1.1" 200 9243 "-" "Mozilla/5.0 (compatible; YandexBot/3.0; +http://yandex.com/bots)"
114.11.126.247 - - [01/Apr/2025:12:34:02 +0000] "GET /admin HTTP/1.1" 200 20123 "-" "Mozilla/5.0 (compatible; Bingbot/2.0; +http://www.bing.com/bingbot.htm)"
165.198.162.110 - - [01/Apr/2025:12:34:45 +0000] "GET /api/v1/products HTTP/1.1" 200 21605 "-" "Mozilla/5.0 (compatible; Googlebot/2.1; +http://www.google.com/bot.html)"
1.6.129.140 - - [01/Apr/2025:12:35:28 +0000] "GET /shell.php HTTP/1.1" 200 35713 "-" "Mozilla/5.0 (compatible; Googlebot/2.1; +http://www.google.com/bot.html)"
114.11.126.247 - - [01/Apr/2025:12:36:11 +0000] "GET /administrator HTTP/1.1" 200 6469 "-" "Mozilla/5.0 (compatible; Bingbot/2.0; +http://www.bing.com/bingbot.htm)"
94.93.197.142 - - [01/Apr/2025:12:36:54 +0000] "GET /admin HTTP/1.1" 200 48660 "-" "Mozilla/5.0 (compatible; Googlebot/2.1; +http://www.google.com/bot.html)"
228.157.161.66 - - [01/Apr/2025:12:37:37 +0000] "GET /api/v1/products HTTP/1.1" 200 43127 "-" "Mozilla/5.0 (compatible; Bingbot/2.0; +http://www.bing.com/bingbot.htm)"
199.28.211.240 - - [01/Apr/2025:12:38:20 +0000] "GET /xmlrpc.php HTTP/1.1" 200 15591 "-" "Mozilla/5.0 (compatible; Googlebot/2.1; +http://www.google.com/bot.html)"
82.45.6.249 - - [01/Apr/2025:12:39:03 +0000] "GET /index.html HTTP/1.1" 200 36351 "-" "Mozilla/5.0 (compatible; YandexBot/3.0; +http://yandex.com/bots)"
94.93.197.142 - - [01/Apr/2025:12:39:46 +0000] "GET /wp-admin HTTP/1.1" 200 16393 "-" "Mozilla/5.0 (compatible; YandexBot/3.0; +http://yandex.com/bots)"
114.11.126.247 - - [01/Apr/2025:12:40:29 +0000] "GET /register HTTP/1.1" 200 14847 "-" "Mozilla/5.0 (compatible; Googlebot/2.1; +http://www.google.com/bot.html)"
199.28.211.240 - - [01/Apr/2025:12:41:12 +0000] "GET /login HTTP/1.1" 200 25835 "-" "Mozilla/5.0 (compatible; YandexBot/3.0; +http://yandex.com/bots)"
21.234.185.154 - - [01/Apr/2025:12:41:55 +0000] "GET /wp-login.php HTTP/1.1" 404 45392 "-" "Mozilla/5.0 (compatible; YandexBot/3.0; +http://yandex.com/bots)"
111.171.165.107 - - [01/Apr/2025:12:42:38 +0000] "GET /about HTTP/1.1" 200 25878 "-" "Mozilla/5.0 (compatible; Bingbot/2.0; +http://www.bing.com/bingbot.htm)"
7.35.34.176 - - [01/Apr/2025:12:43:21 +0000] "GET /wp-config.php HTTP/1.1" 200 49193 "-" "Mozilla/5.0 (compatible; Bingbot/2.0; +http://www.bing.com/bingbot.htm)"
7.35.34.176 - - [01/Apr/2025:12:44:04 +0000] "GET /wp-config.php HTTP/1.1" 200 47301 "-" "Mozilla/5.0 (compatible; Bingbot/2.0; +http://www.bing.com/bingbot.htm)"
7.35.34.176 - - [01/Apr/2025:12:44:47 +0000] "GET /contact HTTP/1.1" 200 14363 "-" "Mozilla/5.0 (compatible; YandexBot/3.0; +http://yandex.com/bots)"
94.93.197.142 - - [01/Apr/2025:12:45:30 +0000] "GET /login HTTP/1.1" 200 47248 "-" "Mozilla/5.0 (compatible; YandexBot/3.0; +http://yandex.com/bots)"
1.6.129.140 - - [01/Apr/2025:12:46:13 +0000] "GET /api/v1/users HTTP/1.1" 200 47540 "-" "Mozilla/5.0 (compatible; Googlebot/2.1; +http://www.google.com/bot.html)"
111.171.165.107 - - [01/Apr/2025:12:46:56 +0000] "GET /phpmyadmin HTTP/1.1" 200 7431 "-" "Mozilla/5.0 (compatible; Googlebot/2.1; +http://www.google.com/bot.html)"
21.234.185.154 - - [01/Apr/2025:12:47:39 +0000] "GET /admin HTTP/1.1" 404 22093 "-" "Mozilla/5.0 (compatible; Googlebot/2.1; +http://www.google.com/bot.html)"
114.11.126.247 - - [01/Apr/2025:12:48:22 +0000] "GET /about HTTP/1.1" 200 47126 "-" "Mozilla/5.0 (compatible; YandexBot/3.0; +http://yandex.com/bots)"
165.198.162.110 - - [01/Apr/2025:12:49:05 +0000] "GET /user/login HTTP/1.1" 200 5826 "-" "Mozilla/5.0 (compatible; YandexBot/3.0; +http://yandex.com/bots)"
82.45.6.249 - - [01/Apr/2025:12:49:48 +0000] "GET /user/login HTTP/1.1" 200 34210 "-" "Mozilla/5.0 (compatible; Googlebot/2.1; +http://www.google.com/bot.html)"
111.171.165.107 - - [01/Apr/2025:12:50:31 +0000] "GET /wp-config.php HTTP/1.1" 200 8580 "-" "Mozilla/5.0 (compatible; YandexBot/3.0; +http://yandex.com/bots)"
165.198.162.110 - - [01/Apr/2025:12:51:14 +0000] "GET /phpmyadmin HTTP/1.1" 200 13326 "-" "Mozilla/5.0 (compatible; Bingbot/2.0; +http://www.bing.com/bingbot.htm)"
111.171.165.107 - - [01/Apr/2025:12:51:57 +0000] "GET /api/v1/users HTTP/1.1" 200 28083 "-" "Mozilla/5.0 (compatible; Googlebot/2.1; +http://www.google.com/bot.html)"
94.93.197.142 - - [01/Apr/2025:12:52:40 +0000] "GET /administrator HTTP/1.1" 200 17370 "-" "Mozilla/5.0 (compatible; YandexBot/3.0; +http://yandex.com/bots)"
165.198.162.110 - - [01/Apr/2025:12:53:23 +0000] "GET /register HTTP/1.1" 200 12485 "-" "Mozilla/5.0 (compatible; Bingbot/2.0; +http://www.bing.com/bingbot.htm)"
114.11.126.247 - - [01/Apr/2025:12:54:06 +0000] "GET /user/login HTTP/1.1" 200 11199 "-" "Mozilla/5.0 (compatible; Googlebot/2.1; +http://www.google.com/bot.html)"
114.11.126.247 - - [01/Apr/2025:12:54:49 +0000] "GET /api/v1/products HTTP/1.1" 200 21443 "-" "Mozilla/5.0 (compatible; Bingbot/2.0; +http://www.bing.com/bingbot.htm)"
1.6.129.140 - - [01/Apr/2025:12:55:32 +0000] "GET /shell.php HTTP/1.1" 200 9465 "-" "Mozilla/5.0 (compatible; YandexBot/3.0; +http://yandex.com/bots)"
94.93.197.142 - - [01/Apr/2025:12:56:15 +0000] "GET /wp-admin HTTP/1.1" 200 19865 "-" "Mozilla/5.0 (compatible; Bingbot/2.0; +http://www.bing.com/bingbot.htm)"
165.198.162.110 - - [01/Apr/2025:12:56:58 +0000] "GET /api/v1/products HTTP/1.1" 200 26090 "-" "Mozilla/5.0 (compatible; Googlebot/2.1; +http://www.google.com/bot.html)"
199.28.211.240 - - [01/Apr/2025:12:57:41 +0000] "GET /api/v1/users HTTP/1.1" 200 31967 "-" "Mozilla/5.0 (compatible; Googlebot/2.1; +http://www.google.com/bot.html)"
7.35.34.176 - - [01/Apr/2025:12:58:24 +0000] "GET /api/v1/products HTTP/1.1" 200 34304 "-" "Mozilla/5.0 (compatible; YandexBot/3.0; +http://yandex.com/bots)"
165.198.162.110 - - [01/Apr/2025:12:59:07 +0000] "GET /phpmyadmin HTTP/1.1" 200 26536 "-" "Mozilla/5.0 (compatible; YandexBot/3.0; +http://yandex.com/bots)"
1.6.129.140 - - [01/Apr/2025:12:59:50 +0000] "GET /admin/config.php HTTP/1.1" 200 44502 "-" "Mozilla/5.0 (compatible; Bingbot/2.0; +http://www.bing.com/bingbot.htm)"
111.171.165.107 - - [01/Apr/2025:13:00:33 +0000] "GET /administrator HTTP/1.1" 200 1347 "-" "Mozilla/5.0 (compatible; YandexBot/3.0; +http://yandex.com/bots)"
21.234.185.154 - - [01/Apr/2025:13:01:16 +0000] "GET /api/v1/products HTTP/1.1" 200 28576 "-" "Mozilla/5.0 (compatible; Googlebot/2.1; +http://www.google.com/bot.html)"
165.198.162.110 - - [01/Apr/2025:13:01:59 +0000] "GET /user/login HTTP/1.1" 200 38860 "-" "Mozilla/5.0 (compatible; Bingbot/2.0; +http://www.bing.com/bingbot.htm)"
111.171.165.107 - - [01/Apr/2025:13:02:42 +0000] "GET /api/v1/products HTTP/1.1" 200 40099 "-" "Mozilla/5.0 (compatible; YandexBot/3.0; +http://yandex.com/bots)"
199.28.211.240 - - [01/Apr/2025:13:03:25 +0000] "GET /index.html HTTP/1.1" 200 46671 "-" "Mozilla/5.0 (compatible; Bingbot/2.0; +http://www.bing.com/bingbot.htm)"
7.35.34.176 - - [01/Apr/2025:13:04:08 +0000] "GET /wp-login.php HTTP/1.1" 200 2236 "-" "Mozilla/5.0 (compatible; Googlebot/2.1; +http://www.google.com/bot.html)"
228.157.161.66 - - [01/Apr/2025:13:04:51 +0000] "GET /wp-admin HTTP/1.1" 200 27746 "-" "Mozilla/5.0 (compatible; Bingbot/2.0; +http://www.bing.com/bingbot.htm)"
7.35.34.176 - - [01/Apr/2025:13:05:34 +0000] "GET /wp-login.php HTTP/1.1" 404 38631 "-" "Mozilla/5.0 (compatible; Bingbot/2.0; +http://www.bing.com/bingbot.htm)"
94.93.197.142 - - [01/Apr/2025:13:06:17 +0000] "GET /phpmyadmin HTTP/1.1" 200 6617 "-" "Mozilla/5.0 (compatible; Bingbot/2.0; +http://www.bing.com/bingbot.htm)"
199.28.211.240 - - [01/Apr/2025:13:07:00 +0000] "GET /wp-admin HTTP/1.1" 200 46903 "-" "Mozilla/5.0 (compatible; Bingbot/2.0; +http://www.bing.com/bingbot.htm)"
165.198.162.110 - - [01/Apr/2025:13:07:43 +0000] "GET /wp-config.php HTTP/1.1" 200 16029 "-" "Mozilla/5.0 (compatible; YandexBot/3.0; +http://yandex.com/bots)"
82.45.6.249 - - [01/Apr/2025:13:08:26 +0000] "GET /phpmyadmin HTTP/1.1" 404 6732 "-" "Mozilla/5.0 (compatible; YandexBot/3.0; +http://yandex.com/bots)"
228.157.161.66 - - [01/Apr/2025:13:09:09 +0000] "GET /api/v1/products HTTP/1.1" 200 31132 "-" "Mozilla/5.0 (compatible; Bingbot/2.0; +http://www.bing.com/bingbot.htm)"
111.171.165.107 - - [01/Apr/2025:13:09:52 +0000] "GET /api/v1/users HTTP/1.1" 200 45231 "-" "Mozilla/5.0 (compatible; Bingbot/2.0; +http://www.bing.com/bingbot.htm)"
1.6.129.140 - - [01/Apr/2025:13:10:35 +0000] "GET /user/login HTTP/1.1" 404 26147 "-" "Mozilla/5.0 (compatible; Googlebot/2.1; +http://www.google.com/bot.html)"
1.6.129.140 - - [01/Apr/2025:13:11:18 +0000] "GET /shell.php HTTP/1.1" 200 1424 "-" "Mozilla/5.0 (compatible; Bingbot/2.0; +http://www.bing.com/bingbot.htm)"
82.45.6.249 - - [01/Apr/2025:13:12:01 +0000] "GET /about HTTP/1.1" 200 14311 "-" "Mozilla/5.0 (compatible; Googlebot/2.1; +http://www.google.com/bot.html)"
94.93.197.142 - - [01/Apr/2025:13:12:44 +0000] "GET /shell.php HTTP/1.1" 200 47847 "-" "Mozilla/5.0 (compatible; Googlebot/2.1; +http://www.google.com/bot.html)"
165.198.162.110 - - [01/Apr/2025:13:13:27 +0000] "GET /login HTTP/1.1" 200 41510 "-" "Mozilla/5.0 (compatible; Bingbot/2.0; +http://www.bing.com/bingbot.htm)"
82.45.6.249 - - [01/Apr/2025:13:14:10 +0000] "GET /user/login HTTP/1.1" 200 7897 "-" "Mozilla/5.0 (compatible; Googlebot/2.1; +http://www.google.com/bot.html)"
21.234.185.154 - - [01/Apr/2025:13:14:53 +0000] "GET /register HTTP/1.1" 200 17325 "-" "Mozilla/5.0 (compatible; Googlebot/2.1; +http://www.google.com/bot.html)"
1.6.129.140 - - [01/Apr/2025:13:15:36 +0000] "GET / HTTP/1.1" 200 44702 "-" "Mozilla/5.0 (compatible; Googlebot/2.1; +http://www.google.com/bot.html)"
111.171.165.107 - - [01/Apr/2025:13:16:19 +0000] "GET /admin HTTP/1.1" 200 26212 "-" "Mozilla/5.0 (compatible; YandexBot/3.0; +http://yandex.com/bots)"
165.198.162.110 - - [01/Apr/2025:13:17:02 +0000] "GET /shell.php HTTP/1.1" 200 45048 "-" "Mozilla/5.0 (compatible; YandexBot/3.0; +http://yandex.com/bots)"
21.234.185.154 - - [01/Apr/2025:13:17:45 +0000] "GET /user/login HTTP/1.1" 200 13584 "-" "Mozilla/5.0 (compatible; YandexBot/3.0; +http://yandex.com/bots)"
21.234.185.154 - - [01/Apr/2025:13:18:28 +0000] "GET /admin HTTP/1.1" 200 11011 "-" "Mozilla/5.0 (compatible; YandexBot/3.0; +http://yandex.com/bots)"
7.35.34.176 - - [01/Apr/2025:13:19:11 +0000] "GET /shell.php HTTP/1.1" 200 40301 "-" "Mozilla/5.0 (compatible; Googlebot/2.1; +http://www.google.com/bot.html)"
1.6.129.140 - - [01/Apr/2025:13:19:54 +0000] "GET /administrator HTTP/1.1" 200 7871 "-" "Mozilla/5.0 (compatible; YandexBot/3.0; +http://yandex.com/bots)"
228.157.161.66 - - [01/Apr/2025:13:20:37 +0000] "GET /register HTTP/1.1" 200 38755 "-" "Mozilla/5.0 (compatible; YandexBot/3.0; +http://yandex.com/bots)"
111.171.165.107 - - [01/Apr/2025:13:21:20 +0000] "GET /api/v1/products HTTP/1.1" 404 35782 "-" "Mozilla/5.0 (compatible; YandexBot/3.0; +http://yandex.com/bots)"
7.35.34.176 - - [01/Apr/2025:13:22:03 +0000] "GET / HTTP/1.1" 404 36402 "-" "Mozilla/5.0 (compatible; YandexBot/3.0; +http://yandex.com/bots)"
21.234.185.154 - - [01/Apr/2025:13:22:46 +0000] "GET /wp-config.php HTTP/1.1" 404 23612 "-" "Mozilla/5.0 (compatible; Bingbot/2.0; +http://www.bing.com/bingbot.htm)"
114.11.126.247 - - [01/Apr/2025:13:23:29 +0000] "GET /api/v1/users HTTP/1.1" 200 26271 "-" "Mozilla/5.0 (compatible; Bingbot/2.0; +http://www.bing.com/bingbot.htm)"
82.45.6.249 - - [01/Apr/2025:13:24:12 +0000] "GET /admin/config.php HTTP/1.1" 200 23795 "-" "Mozilla/5.0 (compatible; Bingbot/2.0; +http://www.bing.com/bingbot.htm)"
1.6.129.140 - - [01/Apr/2025:13:24:55 +0000] "GET / HTTP/1.1" 200 5395 "-" "Mozilla/5.0 (compatible; Googlebot/2.1; +http://www.google.com/bot.html)"
7.35.34.176 - - [01/Apr/2025:13:25:38 +0000] "GET /xmlrpc.php HTTP/1.1" 200 3464 "-" "Mozilla/5.0 (compatible; YandexBot/3.0; +http://yandex.com/bots)"
94.93.197.142 - - [01/Apr/2025:13:26:21 +0000] "GET /admin HTTP/1.1" 200 34363 "-" "Mozilla/5.0 (compatible; YandexBot/3.0; +http://yandex.com/bots)"
7.35.34.176 - - [01/Apr/2025:13:27:04 +0000] "GET /index.html HTTP/1.1" 200 46428 "-" "Mozilla/5.0 (compatible; Googlebot/2.1; +http://www.google.com/bot.html)"
7.35.34.176 - - [01/Apr/2025:13:27:47 +0000] "GET /admin/config.php HTTP/1.1" 200 27841 "-" "Mozilla/5.0 (compatible; YandexBot/3.0; +http://yandex.com/bots)"
111.171.165.107 - - [01/Apr/2025:13:28:30 +0000] "GET /api/v1/users HTTP/1.1" 200 45200 "-" "Mozilla/5.0 (compatible; Googlebot/2.1; +http://www.google.com/bot.html)"
114.11.126.247 - - [01/Apr/2025:13:29:13 +0000] "GET /wp-login.php HTTP/1.1" 200 27336 "-" "Mozilla/5.0 (compatible; Googlebot/2.1; +http://www.google.com/bot.html)"
94.93.197.142 - - [01/Apr/2025:13:29:56 +0000] "GET /login HTTP/1.1" 404 44637 "-" "Mozilla/5.0 (compatible; Bingbot/2.0; +http://www.bing.com/bingbot.htm)"
1.6.129.140 - - [01/Apr/2025:13:30:39 +0000] "GET /wp-config.php HTTP/1.1" 200 38157 "-" "Mozilla/5.0 (compatible; YandexBot/3.0; +http://yandex.com/bots)"
165.198.162.110 - - [01/Apr/2025:13:31:22 +0000] "GET /wp-config.php HTTP/1.1" 200 49590 "-" "Mozilla/5.0 (compatible; Googlebot/2.1; +http://www.google.com/bot.html)"
1.6.129.140 - - [01/Apr/2025:13:32:05 +0000] "GET /xmlrpc.php HTTP/1.1" 200 46333 "-" "Mozilla/5.0 (compatible; Bingbot/2.0; +http://www.bing.com/bingbot.htm)"
1.6.129.140 - - [01/Apr/2025:13:32:48 +0000] "GET /wp-admin HTTP/1.1" 200 9465 "-" "Mozilla/5.0 (compatible; Bingbot/2.0; +http://www.bing.com/bingbot.htm)"
165.198.162.110 - - [01/Apr/2025:13:33:31 +0000] "GET /admin/config.php HTTP/1.1" 200 13984 "-" "Mozilla/5.0 (compatible; Googlebot/2.1; +http://www.google.com/bot.html)"
21.234.185.154 - - [01/Apr/2025:13:34:14 +0000] "GET /user/login HTTP/1.1" 200 9966 "-" "Mozilla/5.0 (compatible; Googlebot/2.1; +http://www.google.com/bot.html)"
114.11.126.247 - - [01/Apr/2025:13:34:57 +0000] "GET /phpmyadmin HTTP/1.1" 200 7057 "-" "Mozilla/5.0 (compatible; YandexBot/3.0; +http://yandex.com/bots)"
228.157.161.66 - - [01/Apr/2025:13:35:40 +0000] "GET /api/v1/users HTTP/1.1" 200 44480 "-" "Mozilla/5.0 (compatible; YandexBot/3.0; +http://yandex.com/bots)"
7.35.34.176 - - [01/Apr/2025:13:36:23 +0000] "GET /admin HTTP/1.1" 200 35905 "-" "Mozilla/5.0 (compatible; Bingbot/2.0; +http://www.bing.com/bingbot.htm)"
114.11.126.247 - - [01/Apr/2025:13:37:06 +0000] "GET /api/v1/users HTTP/1.1" 200 30258 "-" "Mozilla/5.0 (compatible; YandexBot/3.0; +http://yandex.com/bots)"
199.28.211.240 - - [01/Apr/2025:13:37:49 +0000] "GET /user/login HTTP/1.1" 200 3817 "-" "Mozilla/5.0 (compatible; Bingbot/2.0; +http://www.bing.com/bingbot.htm)"
228.157.161.66 - - [01/Apr/2025:13:38:32 +0000] "GET /admin/config.php HTTP/1.1" 200 15055 "-" "Mozilla/5.0 (compatible; YandexBot/3.0; +http://yandex.com/bots)"
1.6.129.140 - - [01/Apr/2025:13:39:15 +0000] "GET /administrator HTTP/1.1" 200 43355 "-" "Mozilla/5.0 (compatible; Bingbot/2.0; +http://www.bing.com/bingbot.htm)"
111.171.165.107 - - [01/Apr/2025:13:39:58 +0000] "GET /api/v1/users HTTP/1.1" 200 31006 "-" "Mozilla/5.0 (compatible; YandexBot/3.0; +http://yandex.com/bots)"
82.45.6.249 - - [01/Apr/2025:13:40:41 +0000] "GET /about HTTP/1.1" 200 38462 "-" "Mozilla/5.0 (compatible; YandexBot/3.0; +http://yandex.com/bots)"
94.93.197.142 - - [01/Apr/2025:13:41:24 +0000] "GET /user/login HTTP/1.1" 200 11528 "-" "Mozilla/5.0 (compatible; Bingbot/2.0; +http://www.bing.com/bingbot.htm)"
165.198.162.110 - - [01/Apr/2025:13:42:07 +0000] "GET /admin HTTP/1.1" 200 23279 "-" "Mozilla/5.0 (compatible; Bingbot/2.0; +http://www.bing.com/bingbot.htm)"
94.93.197.142 - - [01/Apr/2025:13:42:50 +0000] "GET /admin HTTP/1.1" 200 48471 "-" "Mozilla/5.0 (compatible; YandexBot/3.0; +http://yandex.com/bots)"
199.28.211.240 - - [01/Apr/2025:13:43:33 +0000] "GET /index.html HTTP/1.1" 404 34404 "-" "Mozilla/5.0 (compatible; YandexBot/3.0; +http://yandex.com/bots)"
114.11.126.247 - - [01/Apr/2025:13:44:16 +0000] "GET /wp-admin HTTP/1.1" 200 36413 "-" "Mozilla/5.0 (compatible; Bingbot/2.0; +http://www.bing.com/bingbot.htm)"
199.28.211.240 - - [01/Apr/2025:13:44:59 +0000] "GET /wp-config.php HTTP/1.1" 200 6690 "-" "Mozilla/5.0 (compatible; Bingbot/2.0; +http://www.bing.com/bingbot.htm)"
199.28.211.240 - - [01/Apr/2025:13:45:42 +0000] "GET /api/v1/products HTTP/1.1" 200 10247 "-" "Mozilla/5.0 (compatible; Googlebot/2.1; +http://www.google.com/bot.html)"
199.28.211.240 - - [01/Apr/2025:13:46:25 +0000] "GET /api/v1/users HTTP/1.1" 200 17801 "-" "Mozilla/5.0 (compatible; Googlebot/2.1; +http://www.google.com/bot.html)"
82.45.6.249 - - [01/Apr/2025:13:47:08 +0000] "GET /user/login HTTP/1.1" 200 9849 "-" "Mozilla/5.0 (compatible; YandexBot/3.0; +http://yandex.com/bots)"
1.6.129.140 - - [01/Apr/2025:13:47:51 +0000] "GET /wp-admin HTTP/1.1" 404 25835 "-" "Mozilla/5.0 (compatible; Bingbot/2.0; +http://www.bing.com/bingbot.htm)"
94.93.197.142 - - [01/Apr/2025:13:48:34 +0000] "GET /user/login HTTP/1.1" 404 21001 "-" "Mozilla/5.0 (compatible; Googlebot/2.1; +http://www.google.com/bot.html)"
7.35.34.176 - - [01/Apr/2025:13:49:17 +0000] "GET /user/login HTTP/1.1" 200 8247 "-" "Mozilla/5.0 (compatible; YandexBot/3.0; +http://yandex.com/bots)"
7.35.34.176 - - [01/Apr/2025:13:50:00 +0000] "GET /admin/config.php HTTP/1.1" 200 31299 "-" "Mozilla/5.0 (compatible; Bingbot/2.0; +http://www.bing.com/bingbot.htm)"
165.198.162.110 - - [01/Apr/2025:13:50:43 +0000] "GET /shell.php HTTP/1.1" 200 39139 "-" "Mozilla/5.0 (compatible; Bingbot/2.0; +http://www.bing.com/bingbot.htm)"
111.171.165.107 - - [01/Apr/2025:13:51:26 +0000] "GET /wp-admin HTTP/1.1" 200 43448 "-" "Mozilla/5.0 (compatible; Bingbot/2.0; +http://www.bing.com/bingbot.htm)"
111.171.165.107 - - [01/Apr/2025:13:52:09 +0000] "GET /phpmyadmin HTTP/1.1" 404 13877 "-" "Mozilla/5.0 (compatible; Googlebot/2.1; +http://www.google.com/bot.html)"
111.171.165.107 - - [01/Apr/2025:13:52:52 +0000] "GET /api/v1/users HTTP/1.1" 404 31999 "-" "Mozilla/5.0 (compatible; Googlebot/2.1; +http://www.google.com/bot.html)"
111.171.165.107 - - [01/Apr/2025:13:53:35 +0000] "GET /register HTTP/1.1" 200 10336 "-" "Mozilla/5.0 (compatible; YandexBot/3.0; +http://yandex.com/bots)"
94.93.197.142 - - [01/Apr/2025:13:54:18 +0000] "GET /login HTTP/1.1" 200 44392 "-" "Mozilla/5.0 (compatible; Bingbot/2.0; +http://www.bing.com/bingbot.htm)"
165.198.162.110 - - [01/Apr/2025:13:55:01 +0000] "GET /phpmyadmin HTTP/1.1" 200 9187 "-" "Mozilla/5.0 (compatible; YandexBot/3.0; +http://yandex.com/bots)"
21.234.185.154 - - [01/Apr/2025:13:55:44 +0000] "GET /register HTTP/1.1" 200 39862 "-" "Mozilla/5.0 (compatible; Bingbot/2.0; +http://www.bing.com/bingbot.htm)"
114.11.126.247 - - [01/Apr/2025:13:56:27 +0000] "GET /xmlrpc.php HTTP/1.1" 200 24884 "-" "Mozilla/5.0 (compatible; Bingbot/2.0; +http://www.bing.com/bingbot.htm)"
82.45.6.249 - - [01/Apr/2025:13:57:10 +0000] "GET /wp-admin HTTP/1.1" 200 26945 "-" "Mozilla/5.0 (compatible; YandexBot/3.0; +http://yandex.com/bots)"
82.45.6.249 - - [01/Apr/2025:13:57:53 +0000] "GET /login HTTP/1.1" 200 37586 "-" "Mozilla/5.0 (compatible; YandexBot/3.0; +http://yandex.com/bots)"
21.234.185.154 - - [01/Apr/2025:13:58:36 +0000] "GET /shell.php HTTP/1.1" 200 22714 "-" "Mozilla/5.0 (compatible; YandexBot/3.0; +http://yandex.com/bots)"
114.11.126.247 - - [01/Apr/2025:13:59:19 +0000] "GET /wp-admin HTTP/1.1" 200 34570 "-" "Mozilla/5.0 (compatible; Bingbot/2.0; +http://www.bing.com/bingbot.htm)"
7.35.34.176 - - [01/Apr/2025:14:00:02 +0000] "GET /phpmyadmin HTTP/1.1" 200 3305 "-" "Mozilla/5.0 (compatible; Bingbot/2.0; +http://www.bing.com/bingbot.htm)"
199.28.211.240 - - [01/Apr/2025:14:00:45 +0000] "GET /xmlrpc.php HTTP/1.1" 200 9482 "-" "Mozilla/5.0 (compatible; Googlebot/2.1; +http://www.google.com/bot.html)"
7.35.34.176 - - [01/Apr/2025:14:01:28 +0000] "GET /contact HTTP/1.1" 200 19631 "-" "Mozilla/5.0 (compatible; Googlebot/2.1; +http://www.google.com/bot.html)"
165.198.162.110 - - [01/Apr/2025:14:02:11 +0000] "GET /wp-login.php HTTP/1.1" 200 19154 "-" "Mozilla/5.0 (compatible; YandexBot/3.0; +http://yandex.com/bots)"
228.157.161.66 - - [01/Apr/2025:14:02:54 +0000] "GET /shell.php HTTP/1.1" 200 17174 "-" "Mozilla/5.0 (compatible; YandexBot/3.0; +http://yandex.com/bots)"
111.171.165.107 - - [01/Apr/2025:14:03:37 +0000] "GET /api/v1/users HTTP/1.1" 200 45976 "-" "Mozilla/5.0 (compatible; YandexBot/3.0; +http://yandex.com/bots)"
94.93.197.142 - - [01/Apr/2025:14:04:20 +0000] "GET /wp-config.php HTTP/1.1" 404 32298 "-" "Mozilla/5.0 (compatible; Googlebot/2.1; +http://www.google.com/bot.html)"
114.11.126.247 - - [01/Apr/2025:14:05:03 +0000] "GET /administrator HTTP/1.1" 200 12049 "-" "Mozilla/5.0 (compatible; YandexBot/3.0; +http://yandex.com/bots)"
94.93.197.142 - - [01/Apr/2025:14:05:46 +0000] "GET /wp-admin HTTP/1.1" 200 32213 "-" "Mozilla/5.0 (compatible; Googlebot/2.1; +http://www.google.com/bot.html)"
165.198.162.110 - - [01/Apr/2025:14:06:29 +0000] "GET /wp-config.php HTTP/1.1" 404 30774 "-" "Mozilla/5.0 (compatible; YandexBot/3.0; +http://yandex.com/bots)"
21.234.185.154 - - [01/Apr/2025:14:07:12 +0000] "GET /wp-admin HTTP/1.1" 200 36329 "-" "Mozilla/5.0 (compatible; Googlebot/2.1; +http://www.google.com/bot.html)"
111.171.165.107 - - [01/Apr/2025:14:07:55 +0000] "GET /index.html HTTP/1.1" 200 12031 "-" "Mozilla/5.0 (compatible; Bingbot/2.0; +http://www.bing.com/bingbot.htm)"
94.93.197.142 - - [01/Apr/2025:14:08:38 +0000] "GET /shell.php HTTP/1.1" 200 1115 "-" "Mozilla/5.0 (compatible; Bingbot/2.0; +http://www.bing.com/bingbot.htm)"
94.93.197.142 - - [01/Apr/2025:14:09:21 +0000] "GET /admin HTTP/1.1" 200 34462 "-" "Mozilla/5.0 (compatible; YandexBot/3.0; +http://yandex.com/bots)"
1.6.129.140 - - [01/Apr/2025:14:10:04 +0000] "GET /wp-config.php HTTP/1.1" 200 2799 "-" "Mozilla/5.0 (compatible; Bingbot/2.0; +http://www.bing.com/bingbot.htm)"
7.35.34.176 - - [01/Apr/2025:14:10:47 +0000] "GET /shell.php HTTP/1.1" 200 1073 "-" "Mozilla/5.0 (compatible; Bingbot/2.0; +http://www.bing.com/bingbot.htm)"
114.11.126.247 - - [01/Apr/2025:14:11:30 +0000] "GET /contact HTTP/1.1" 404 17940 "-" "Mozilla/5.0 (compatible; YandexBot/3.0; +http://yandex.com/bots)"
199.28.211.240 - - [01/Apr/2025:14:12:13 +0000] "GET / HTTP/1.1" 200 10848 "-" "Mozilla/5.0 (compatible; YandexBot/3.0; +http://yandex.com/bots)"
199.28.211.240 - - [01/Apr/2025:14:12:56 +0000] "GET /administrator HTTP/1.1" 200 38704 "-" "Mozilla/5.0 (compatible; Bingbot/2.0; +http://www.bing.com/bingbot.htm)"
94.93.197.142 - - [01/Apr/2025:14:13:39 +0000] "GET /admin/config.php HTTP/1.1" 200 7532 "-" "Mozilla/5.0 (compatible; Googlebot/2.1; +http://www.google.com/bot.html)"
199.28.211.240 - - [01/Apr/2025:14:14:22 +0000] "GET /login HTTP/1.1" 200 18505 "-" "Mozilla/5.0 (compatible; YandexBot/3.0; +http://yandex.com/bots)"
228.157.161.66 - - [01/Apr/2025:14:15:05 +0000] "GET /shell.php HTTP/1.1" 200 30876 "-" "Mozilla/5.0 (compatible; Bingbot/2.0; +http://www.bing.com/bingbot.htm)"
114.11.126.247 - - [01/Apr/2025:14:15:48 +0000] "GET /administrator HTTP/1.1" 200 36711 "-" "Mozilla/5.0 (compatible; YandexBot/3.0; +http://yandex.com/bots)"
21.234.185.154 - - [01/Apr/2025:14:16:31 +0000] "GET /contact HTTP/1.1" 200 26984 "-" "Mozilla/5.0 (compatible; YandexBot/3.0; +http://yandex.com/bots)"
82.45.6.249 - - [01/Apr/2025:14:17:14 +0000] "GET /contact HTTP/1.1" 404 19837 "-" "Mozilla/5.0 (compatible; Googlebot/2.1; +http://www.google.com/bot.html)"
228.157.161.66 - - [01/Apr/2025:14:17:57 +0000] "GET /contact HTTP/1.1" 200 31267 "-" "Mozilla/5.0 (compatible; YandexBot/3.0; +http://yandex.com/bots)"
111.171.165.107 - - [01/Apr/2025:14:18:40 +0000] "GET /admin/config.php HTTP/1.1" 200 28918 "-" "Mozilla/5.0 (compatible; YandexBot/3.0; +http://yandex.com/bots)"
228.157.161.66 - - [01/Apr/2025:14:19:23 +0000] "GET /admin HTTP/1.1" 200 30471 "-" "Mozilla/5.0 (compatible; Bingbot/2.0; +http://www.bing.com/bingbot.htm)"
82.45.6.249 - - [01/Apr/2025:14:20:06 +0000] "GET /user/login HTTP/1.1" 200 31374 "-" "Mozilla/5.0 (compatible; Googlebot/2.1; +http://www.google.com/bot.html)"
111.171.165.107 - - [01/Apr/2025:14:20:49 +0000] "GET /administrator HTTP/1.1" 200 29030 "-" "Mozilla/5.0 (compatible; YandexBot/3.0; +http://yandex.com/bots)"
228.157.161.66 - - [01/Apr/2025:14:21:32 +0000] "GET /index.html HTTP/1.1" 200 39001 "-" "Mozilla/5.0 (compatible; Googlebot/2.1; +http://www.google.com/bot.html)"
94.93.197.142 - - [01/Apr/2025:14:22:15 +0000] "GET /register HTTP/1.1" 200 11373 "-" "Mozilla/5.0 (compatible; Googlebot/2.1; +http://www.google.com/bot.html)"
82.45.6.249 - - [01/Apr/2025:14:22:58 +0000] "GET /contact HTTP/1.1" 200 21600 "-" "Mozilla/5.0 (compatible; Bingbot/2.0; +http://www.bing.com/bingbot.htm)"
82.45.6.249 - - [01/Apr/2025:14:23:41 +0000] "GET /admin/config.php HTTP/1.1" 200 24814 "-" "Mozilla/5.0 (compatible; Googlebot/2.1; +http://www.google.com/bot.html)"
199.28.211.240 - - [01/Apr/2025:14:24:24 +0000] "GET /wp-login.php HTTP/1.1" 200 46852 "-" "Mozilla/5.0 (compatible; YandexBot/3.0; +http://yandex.com/bots)"
94.93.197.142 - - [01/Apr/2025:14:25:07 +0000] "GET /contact HTTP/1.1" 200 22806 "-" "Mozilla/5.0 (compatible; Googlebot/2.1; +http://www.google.com/bot.html)"
111.171.165.107 - - [01/Apr/2025:14:25:50 +0000] "GET /contact HTTP/1.1" 200 43033 "-" "Mozilla/5.0 (compatible; Bingbot/2.0; +http://www.bing.com/bingbot.htm)"
82.45.6.249 - - [01/Apr/2025:14:26:33 +0000] "GET /api/v1/users HTTP/1.1" 200 17395 "-" "Mozilla/5.0 (compatible; YandexBot/3.0; +http://yandex.com/bots)"
94.93.197.142 - - [01/Apr/2025:14:27:16 +0000] "GET /contact HTTP/1.1" 200 26856 "-" "Mozilla/5.0 (compatible; YandexBot/3.0; +http://yandex.com/bots)"
111.171.165.107 - - [01/Apr/2025:14:27:59 +0000] "GET /api/v1/users HTTP/1.1" 200 10266 "-" "Mozilla/5.0 (compatible; Googlebot/2.1; +http://www.google.com/bot.html)"
21.234.185.154 - - [01/Apr/2025:14:28:42 +0000] "GET /wp-admin HTTP/1.1" 200 8931 "-" "Mozilla/5.0 (compatible; YandexBot/3.0; +http://yandex.com/bots)"
21.234.185.154 - - [01/Apr/2025:14:29:25 +0000] "GET /login HTTP/1.1" 200 48297 "-" "Mozilla/5.0 (compatible; Bingbot/2.0; +http://www.bing.com/bingbot.htm)"
114.11.126.247 - - [01/Apr/2025:14:30:08 +0000] "GET /wp-admin HTTP/1.1" 200 47696 "-" "Mozilla/5.0 (compatible; YandexBot/3.0; +http://yandex.com/bots)"
94.93.197.142 - - [01/Apr/2025:14:30:51 +0000] "GET /shell.php HTTP/1.1" 200 32919 "-" "Mozilla/5.0 (compatible; YandexBot/3.0; +http://yandex.com/bots)"
199.28.211.240 - - [01/Apr/2025:14:31:34 +0000] "GET /admin/config.php HTTP/1.1" 200 9978 "-" "Mozilla/5.0 (compatible; Bingbot/2.0; +http://www.bing.com/bingbot.htm)"
21.234.185.154 - - [01/Apr/2025:14:32:17 +0000] "GET /wp-config.php HTTP/1.1" 200 34416 "-" "Mozilla/5.0 (compatible; Bingbot/2.0; +http://www.bing.com/bingbot.htm)"
228.157.161.66 - - [01/Apr/2025:14:33:00 +0000] "GET /xmlrpc.php HTTP/1.1" 200 33260 "-" "Mozilla/5.0 (compatible; YandexBot/3.0; +http://yandex.com/bots)"
111.171.165.107 - - [01/Apr/2025:14:33:43 +0000] "GET / HTTP/1.1" 200 40641 "-" "Mozilla/5.0 (compatible; YandexBot/3.0; +http://yandex.com/bots)"
199.28.211.240 - - [01/Apr/2025:14:34:26 +0000] "GET /register HTTP/1.1" 200 16790 "-" "Mozilla/5.0 (compatible; Bingbot/2.0; +http://www.bing.com/bingbot.htm)"
21.234.185.154 - - [01/Apr/2025:14:35:09 +0000] "GET /admin/config.php HTTP/1.1" 200 27556 "-" "Mozilla/5.0 (compatible; Googlebot/2.1; +http://www.google.com/bot.html)"
82.45.6.249 - - [01/Apr/2025:14:35:52 +0000] "GET /wp-admin HTTP/1.1" 200 21962 "-" "Mozilla/5.0 (compatible; YandexBot/3.0; +http://yandex.com/bots)"
7.35.34.176 - - [01/Apr/2025:14:36:35 +0000] "GET /admin/config.php HTTP/1.1" 200 40093 "-" "Mozilla/5.0 (compatible; Bingbot/2.0; +http://www.bing.com/bingbot.htm)"
7.35.34.176 - - [01/Apr/2025:14:37:18 +0000] "GET /contact HTTP/1.1" 200 32980 "-" "Mozilla/5.0 (compatible; Bingbot/2.0; +http://www.bing.com/bingbot.htm)"
114.11.126.247 - - [01/Apr/2025:14:38:01 +0000] "GET /xmlrpc.php HTTP/1.1" 404 22814 "-" "Mozilla/5.0 (compatible; Bingbot/2.0; +http://www.bing.com/bingbot.htm)"
21.234.185.154 - - [01/Apr/2025:14:38:44 +0000] "GET /xmlrpc.php HTTP/1.1" 200 13592 "-" "Mozilla/5.0 (compatible; Bingbot/2.0; +http://www.bing.com/bingbot.htm)"
7.35.34.176 - - [01/Apr/2025:14:39:27 +0000] "GET / HTTP/1.1" 200 10986 "-" "Mozilla/5.0 (compatible; Googlebot/2.1; +http://www.google.com/bot.html)"
199.28.211.240 - - [01/Apr/2025:14:40:10 +0000] "GET /xmlrpc.php HTTP/1.1" 200 3546 "-" "Mozilla/5.0 (compatible; Googlebot/2.1; +http://www.google.com/bot.html)"
1.6.129.140 - - [01/Apr/2025:14:40:53 +0000] "GET /login HTTP/1.1" 200 29348 "-" "Mozilla/5.0 (compatible; Bingbot/2.0; +http://www.bing.com/bingbot.htm)"
228.157.161.66 - - [01/Apr/2025:14:41:36 +0000] "GET /api/v1/users HTTP/1.1" 200 34021 "-" "Mozilla/5.0 (compatible; Bingbot/2.0; +http://www.bing.com/bingbot.htm)"
1.6.129.140 - - [01/Apr/2025:14:42:19 +0000] "GET /api/v1/users HTTP/1.1" 200 16742 "-" "Mozilla/5.0 (compatible; YandexBot/3.0; +http://yandex.com/bots)"
82.45.6.249 - - [01/Apr/2025:14:43:02 +0000] "GET /index.html HTTP/1.1" 200 35475 "-" "Mozilla/5.0 (compatible; Bingbot/2.0; +http://www.bing.com/bingbot.htm)"
1.6.129.140 - - [01/Apr/2025:14:43:45 +0000] "GET /administrator HTTP/1.1" 200 46918 "-" "Mozilla/5.0 (compatible; YandexBot/3.0; +http://yandex.com/bots)"
1.6.129.140 - - [01/Apr/2025:14:44:28 +0000] "GET /api/v1/users HTTP/1.1" 200 48935 "-" "Mozilla/5.0 (compatible; Bingbot/2.0; +http://www.bing.com/bingbot.htm)"
7.35.34.176 - - [01/Apr/2025:14:45:11 +0000] "GET /admin/config.php HTTP/1.1" 200 14748 "-" "Mozilla/5.0 (compatible; Bingbot/2.0; +http://www.bing.com/bingbot.htm)"
199.28.211.240 - - [01/Apr/2025:14:45:54 +0000] "GET /wp-admin HTTP/1.1" 200 19611 "-" "Mozilla/5.0 (compatible; Bingbot/2.0; +http://www.bing.com/bingbot.htm)"
199.28.211.240 - - [01/Apr/2025:14:46:37 +0000] "GET /wp-config.php HTTP/1.1" 200 49196 "-" "Mozilla/5.0 (compatible; YandexBot/3.0; +http://yandex.com/bots)"
7.35.34.176 - - [01/Apr/2025:14:47:20 +0000] "GET /wp-config.php HTTP/1.1" 200 49373 "-" "Mozilla/5.0 (compatible; Googlebot/2.1; +http://www.google.com/bot.html)"
165.198.162.110 - - [01/Apr/2025:14:48:03 +0000] "GET /about HTTP/1.1" 404 48049 "-" "Mozilla/5.0 (compatible; YandexBot/3.0; +http://yandex.com/bots)"
114.11.126.247 - - [01/Apr/2025:14:48:46 +0000] "GET /shell.php HTTP/1.1" 200 39802 "-" "Mozilla/5.0 (compatible; Googlebot/2.1; +http://www.google.com/bot.html)"
82.45.6.249 - - [01/Apr/2025:14:49:29 +0000] "GET /index.html HTTP/1.1" 200 22040 "-" "Mozilla/5.0 (compatible; Googlebot/2.1; +http://www.google.com/bot.html)"
165.198.162.110 - - [01/Apr/2025:14:50:12 +0000] "GET /register HTTP/1.1" 200 49341 "-" "Mozilla/5.0 (compatible; Googlebot/2.1; +http://www.google.com/bot.html)"
82.45.6.249 - - [01/Apr/2025:14:50:55 +0000] "GET /contact HTTP/1.1" 200 42306 "-" "Mozilla/5.0 (compatible; Googlebot/2.1; +http://www.google.com/bot.html)"
111.171.165.107 - - [01/Apr/2025:14:51:38 +0000] "GET /api/v1/users HTTP/1.1" 200 12752 "-" "Mozilla/5.0 (compatible; Bingbot/2.0; +http://www.bing.com/bingbot.htm)"
1.6.129.140 - - [01/Apr/2025:14:52:21 +0000] "GET /wp-login.php HTTP/1.1" 200 37053 "-" "Mozilla/5.0 (compatible; YandexBot/3.0; +http://yandex.com/bots)"
21.234.185.154 - - [01/Apr/2025:14:53:04 +0000] "GET /api/v1/users HTTP/1.1" 200 34913 "-" "Mozilla/5.0 (compatible; Googlebot/2.1; +http://www.google.com/bot.html)"
1.6.129.140 - - [01/Apr/2025:14:53:47 +0000] "GET / HTTP/1.1" 200 46667 "-" "Mozilla/5.0 (compatible; YandexBot/3.0; +http://yandex.com/bots)"
111.171.165.107 - - [01/Apr/2025:14:54:30 +0000] "GET /shell.php HTTP/1.1" 200 37970 "-" "Mozilla/5.0 (compatible; Bingbot/2.0; +http://www.bing.com/bingbot.htm)"
82.45.6.249 - - [01/Apr/2025:14:55:13 +0000] "GET / HTTP/1.1" 200 48340 "-" "Mozilla/5.0 (compatible; Bingbot/2.0; +http://www.bing.com/bingbot.htm)"
7.35.34.176 - - [01/Apr/2025:14:55:56 +0000] "GET /admin HTTP/1.1" 200 9891 "-" "Mozilla/5.0 (compatible; YandexBot/3.0; +http://yandex.com/bots)"
1.6.129.140 - - [01/Apr/2025:14:56:39 +0000] "GET /wp-login.php HTTP/1.1" 200 22817 "-" "Mozilla/5.0 (compatible; YandexBot/3.0; +http://yandex.com/bots)"
111.171.165.107 - - [01/Apr/2025:14:57:22 +0000] "GET /wp-admin HTTP/1.1" 200 40426 "-" "Mozilla/5.0 (compatible; Bingbot/2.0; +http://www.bing.com/bingbot.htm)"
199.28.211.240 - - [01/Apr/2025:14:58:05 +0000] "GET /api/v1/users HTTP/1.1" 200 43688 "-" "Mozilla/5.0 (compatible; YandexBot/3.0; +http://yandex.com/bots)"
21.234.185.154 - - [01/Apr/2025:14:58:48 +0000] "GET /register HTTP/1.1" 200 21951 "-" "Mozilla/5.0 (compatible; Googlebot/2.1; +http://www.google.com/bot.html)"
7.35.34.176 - - [01/Apr/2025:14:59:31 +0000] "GET /wp-login.php HTTP/1.1" 200 2097 "-" "Mozilla/5.0 (compatible; Bingbot/2.0; +http://www.bing.com/bingbot.htm)"
165.198.162.110 - - [01/Apr/2025:15:00:14 +0000] "GET /register HTTP/1.1" 200 25055 "-" "Mozilla/5.0 (compatible; YandexBot/3.0; +http://yandex.com/bots)"
94.93.197.142 - - [01/Apr/2025:15:00:57 +0000] "GET /admin HTTP/1.1" 200 24918 "-" "Mozilla/5.0 (compatible; YandexBot/3.0; +http://yandex.com/bots)"
1.6.129.140 - - [01/Apr/2025:15:01:40 +0000] "GET / HTTP/1.1" 200 6431 "-" "Mozilla/5.0 (compatible; Bingbot/2.0; +http://www.bing.com/bingbot.htm)"
21.234.185.154 - - [01/Apr/2025:15:02:23 +0000] "GET /user/login HTTP/1.1" 200 2705 "-" "Mozilla/5.0 (compatible; Bingbot/2.0; +http://www.bing.com/bingbot.htm)"
82.45.6.249 - - [01/Apr/2025:15:03:06 +0000] "GET /wp-login.php HTTP/1.1" 200 49985 "-" "Mozilla/5.0 (compatible; Googlebot/2.1; +http://www.google.com/bot.html)"
1.6.129.140 - - [01/Apr/2025:15:03:49 +0000] "GET /phpmyadmin HTTP/1.1" 200 11651 "-" "Mozilla/5.0 (compatible; YandexBot/3.0; +http://yandex.com/bots)"
