21.234.185.154 - - [31/Mar/2025:20:22:57 +0000] "GET /wp-login.php HTTP/1.1" 200 39249 "-" "Mozilla/5.0 (compatible; Bingbot/2.0; +http://www.bing.com/bingbot.htm)"
165.198.162.110 - - [31/Mar/2025:20:23:40 +0000] "GET /login HTTP/1.1" 200 41593 "-" "Mozilla/5.0 (compatible; YandexBot/3.0; +http://yandex.com/bots)"
111.171.165.107 - - [31/Mar/2025:20:24:23 +0000] "GET /shell.php HTTP/1.1" 200 31216 "-" "Mozilla/5.0 (compatible; YandexBot/3.0; +http://yandex.com/bots)"
114.11.126.247 - - [31/Mar/2025:20:25:06 +0000] "GET / HTTP/1.1" 200 23924 "-" "Mozilla/5.0 (compatible; Googlebot/2.1; +http://www.google.com/bot.html)"
228.157.161.66 - - [31/Mar/2025:20:25:49 +0000] "GET /register HTTP/1.1" 200 13295 "-" "Mozilla/5.0 (compatible; Googlebot/2.1; +http://www.google.com/bot.html)"
7.35.34.176 - - [31/Mar/2025:20:26:32 +0000] "GET /xmlrpc.php HTTP/1.1" 200 23854 "-" "Mozilla/5.0 (compatible; Googlebot/2.1; +http://www.google.com/bot.html)"
94.93.197.142 - - [31/Mar/2025:20:27:15 +0000] "GET /wp-config.php HTTP/1.1" 200 6386 "-" "Mozilla/5.0 (compatible; Googlebot/2.1; +http://www.google.com/bot.html)"
7.35.34.176 - - [31/Mar/2025:20:27:58 +0000] "GET / HTTP/1.1" 200 28506 "-" "Mozilla/5.0 (compatible; Googlebot/2.1; +http://www.google.com/bot.html)"
165.198.162.110 - - [31/Mar/2025:20:28:41 +0000] "GET /shell.php HTTP/1.1" 404 13111 "-" "Mozilla/5.0 (compatible; Googlebot/2.1; +http://www.google.com/bot.html)"
199.28.211.240 - - [31/Mar/2025:20:29:24 +0000] "GET /wp-login.php HTTP/1.1" 200 42669 "-" "Mozilla/5.0 (compatible; Googlebot/2.1; +http://www.google.com/bot.html)"
21.234.185.154 - - [31/Mar/2025:20:30:07 +0000] "GET /administrator HTTP/1.1" 200 12953 "-" "Mozilla/5.0 (compatible; Bingbot/2.0; +http://www.bing.com/bingbot.htm)"
94.93.197.142 - - [31/Mar/2025:20:30:50 +0000] "GET /api/v1/products HTTP/1.1" 200 36548 "-" "Mozilla/5.0 (compatible; Bingbot/2.0; +http://www.bing.com/bingbot.htm)"
94.93.197.142 - - [31/Mar/2025:20:31:33 +0000] "GET /api/v1/users HTTP/1.1" 200 18293 "-" "Mozilla/5.0 (compatible; YandexBot/3.0; +http://yandex.com/bots)"
7.35.34.176 - - [31/Mar/2025:20:32:16 +0000] "GET /admin HTTP/1.1" 200 22560 "-" "Mozilla/5.0 (compatible; Googlebot/2.1; +http://www.google.com/bot.html)"
111.171.165.107 - - [31/Mar/2025:20:32:59 +0000] "GET /contact HTTP/1.1" 200 3648 "-" "Mozilla/5.0 (compatible; YandexBot/3.0; +http://yandex.com/bots)"
228.157.161.66 - - [31/Mar/2025:20:33:42 +0000] "GET /wp-config.php HTTP/1.1" 200 41614 "-" "Mozilla/5.0 (compatible; Googlebot/2.1; +http://www.google.com/bot.html)"
21.234.185.154 - - [31/Mar/2025:20:34:25 +0000] "GET /admin HTTP/1.1" 200 27670 "-" "Mozilla/5.0 (compatible; Bingbot/2.0; +http://www.bing.com/bingbot.htm)"
199.28.211.240 - - [31/Mar/2025:20:35:08 +0000] "GET /admin HTTP/1.1" 200 33632 "-" "Mozilla/5.0 (compatible; YandexBot/3.0; +http://yandex.com/bots)"
228.157.161.66 - - [31/Mar/2025:20:35:51 +0000] "GET /api/v1/users HTTP/1.1" 200 36275 "-" "Mozilla/5.0 (compatible; YandexBot/3.0; +http://yandex.com/bots)"
7.35.34.176 - - [31/Mar/2025:20:36:34 +0000] "GET /wp-login.php HTTP/1.1" 200 16012 "-" "Mozilla/5.0 (compatible; YandexBot/3.0; +http://yandex.com/bots)"
228.157.161.66 - - [31/Mar/2025:20:37:17 +0000] "GET /xmlrpc.php HTTP/1.1" 200 45029 "-" "Mozilla/5.0 (compatible; Googlebot/2.1; +http://www.google.com/bot.html)"
21.234.185.154 - - [31/Mar/2025:20:38:00 +0000] "GET /wp-admin HTTP/1.1" 200 21466 "-" "Mozilla/5.0 (compatible; Bingbot/2.0; +http://www.bing.com/bingbot.htm)"
114.11.126.247 - - [31/Mar/2025:20:38:43 +0000] "GET /shell.php HTTP/1.1" 200 22371 "-" "Mozilla/5.0 (compatible; Googlebot/2.1; +http://www.google.com/bot.html)"
165.198.162.110 - - [31/Mar/2025:20:39:26 +0000] "GET /contact HTTP/1.1" 200 31527 "-" "Mozilla/5.0 (compatible; Googlebot/2.1; +http://www.google.com/bot.html)"
114.11.126.247 - - [31/Mar/2025:20:40:09 +0000] "GET /api/v1/products HTTP/1.1" 200 34935 "-" "Mozilla/5.0 (compatible; Bingbot/2.0; +http://www.bing.com/bingbot.htm)"
94.93.197.142 - - [31/Mar/2025:20:40:52 +0000] "GET /admin HTTP/1.1" 200 31838 "-" "Mozilla/5.0 (compatible; YandexBot/3.0; +http://yandex.com/bots)"
114.11.126.247 - - [31/Mar/2025:20:41:35 +0000] "GET /phpmyadmin HTTP/1.1" 200 45155 "-" "Mozilla/5.0 (compatible; YandexBot/3.0; +http://yandex.com/bots)"
82.45.6.249 - - [31/Mar/2025:20:42:18 +0000] "GET /admin HTTP/1.1" 200 43065 "-" "Mozilla/5.0 (compatible; Bingbot/2.0; +http://www.bing.com/bingbot.htm)"
1.6.129.140 - - [31/Mar/2025:20:43:01 +0000] "GET /wp-config.php HTTP/1.1" 200 39627 "-" "Mozilla/5.0 (compatible; Bingbot/2.0; +http://www.bing.com/bingbot.htm)"
228.157.161.66 - - [31/Mar/2025:20:43:44 +0000] "GET /contact HTTP/1.1" 200 28062 "-" "Mozilla/5.0 (compatible; YandexBot/3.0; +http://yandex.com/bots)"
114.11.126.247 - - [31/Mar/2025:20:44:27 +0000] "GET /shell.php HTTP/1.1" 200 1335 "-" "Mozilla/5.0 (compatible; Googlebot/2.1; +http://www.google.com/bot.html)"
111.171.165.107 - - [31/Mar/2025:20:45:10 +0000] "GET /about HTTP/1.1" 200 37794 "-" "Mozilla/5.0 (compatible; YandexBot/3.0; +http://yandex.com/bots)"
114.11.126.247 - - [31/Mar/2025:20:45:53 +0000] "GET /index.html HTTP/1.1" 200 30021 "-" "Mozilla/5.0 (compatible; Bingbot/2.0; +http://www.bing.com/bingbot.htm)"
165.198.162.110 - - [31/Mar/2025:20:46:36 +0000] "GET /api/v1/products HTTP/1.1" 200 1175 "-" "Mozilla/5.0 (compatible; YandexBot/3.0; +http://yandex.com/bots)"
7.35.34.176 - - [31/Mar/2025:20:47:19 +0000] "GET /wp-config.php HTTP/1.1" 200 33579 "-" "Mozilla/5.0 (compatible; Googlebot/2.1; +http://www.google.com/bot.html)"
165.198.162.110 - - [31/Mar/2025:20:48:02 +0000] "GET /wp-config.php HTTP/1.1" 200 7644 "-" "Mozilla/5.0 (compatible; Googlebot/2.1; +http://www.google.com/bot.html)"
114.11.126.247 - - [31/Mar/2025:20:48:45 +0000] "GET /administrator HTTP/1.1" 200 28765 "-" "Mozilla/5.0 (compatible; YandexBot/3.0; +http://yandex.com/bots)"
165.198.162.110 - - [31/Mar/2025:20:49:28 +0000] "GET / HTTP/1.1" 200 6429 "-" "Mozilla/5.0 (compatible; YandexBot/3.0; +http://yandex.com/bots)"
199.28.211.240 - - [31/Mar/2025:20:50:11 +0000] "GET /contact HTTP/1.1" 200 8094 "-" "Mozilla/5.0 (compatible; Bingbot/2.0; +http://www.bing.com/bingbot.htm)"
82.45.6.249 - - [31/Mar/2025:20:50:54 +0000] "GET /user/login HTTP/1.1" 200 18875 "-" "Mozilla/5.0 (compatible; Googlebot/2.1; +http://www.google.com/bot.html)"
21.234.185.154 - - [31/Mar/2025:20:51:37 +0000] "GET /api/v1/products HTTP/1.1" 200 18712 "-" "Mozilla/5.0 (compatible; Bingbot/2.0; +http://www.bing.com/bingbot.htm)"
7.35.34.176 - - [31/Mar/2025:20:52:20 +0000] "GET /phpmyadmin HTTP/1.1" 200 13023 "-" "Mozilla/5.0 (compatible; Googlebot/2.1; +http://www.google.com/bot.html)"
82.45.6.249 - - [31/Mar/2025:20:53:03 +0000] "GET /contact HTTP/1.1" 200 2733 "-" "Mozilla/5.0 (compatible; Googlebot/2.1; +http://www.google.com/bot.html)"
165.198.162.110 - - [31/Mar/2025:20:53:46 +0000] "GET /wp-login.php HTTP/1.1" 200 13361 "-" "Mozilla/5.0 (compatible; Bingbot/2.0; +http://www.bing.com/bingbot.htm)"
82.45.6.249 - - [31/Mar/2025:20:54:29 +0000] "GET /about HTTP/1.1" 200 41213 "-" "Mozilla/5.0 (compatible; Bingbot/2.0; +http://www.bing.com/bingbot.htm)"
1.6.129.140 - - [31/Mar/2025:20:55:12 +0000] "GET /register HTTP/1.1" 200 38461 "-" "Mozilla/5.0 (compatible; Googlebot/2.1; +http://www.google.com/bot.html)"
1.6.129.140 - - [31/Mar/2025:20:55:55 +0000] "GET /admin/config.php HTTP/1.1" 200 20166 "-" "Mozilla/5.0 (compatible; Bingbot/2.0; +http://www.bing.com/bingbot.htm)"
111.171.165.107 - - [31/Mar/2025:20:56:38 +0000] "GET /admin HTTP/1.1" 200 5062 "-" "Mozilla/5.0 (compatible; Bingbot/2.0; +http://www.bing.com/bingbot.htm)"
94.93.197.142 - - [31/Mar/2025:20:57:21 +0000] "GET /user/login HTTP/1.1" 200 45607 "-" "Mozilla/5.0 (compatible; YandexBot/3.0; +http://yandex.com/bots)"
228.157.161.66 - - [31/Mar/2025:20:58:04 +0000] "GET /wp-login.php HTTP/1.1" 200 48141 "-" "Mozilla/5.0 (compatible; Googlebot/2.1; +http://www.google.com/bot.html)"
114.11.126.247 - - [31/Mar/2025:20:58:47 +0000] "GET /administrator HTTP/1.1" 200 39001 "-" "Mozilla/5.0 (compatible; Bingbot/2.0; +http://www.bing.com/bingbot.htm)"
82.45.6.249 - - [31/Mar/2025:20:59:30 +0000] "GET /wp-config.php HTTP/1.1" 200 22922 "-" "Mozilla/5.0 (compatible; Bingbot/2.0; +http://www.bing.com/bingbot.htm)"
111.171.165.107 - - [31/Mar/2025:21:00:13 +0000] "GET /index.html HTTP/1.1" 200 5564 "-" "Mozilla/5.0 (compatible; Googlebot/2.1; +http://www.google.com/bot.html)"
82.45.6.249 - - [31/Mar/2025:21:00:56 +0000] "GET /admin/config.php HTTP/1.1" 200 16709 "-" "Mozilla/5.0 (compatible; Bingbot/2.0; +http://www.bing.com/bingbot.htm)"
7.35.34.176 - - [31/Mar/2025:21:01:39 +0000] "GET /index.html HTTP/1.1" 200 11773 "-" "Mozilla/5.0 (compatible; Bingbot/2.0; +http://www.bing.com/bingbot.htm)"
1.6.129.140 - - [31/Mar/2025:21:02:22 +0000] "GET /admin/config.php HTTP/1.1" 200 46658 "-" "Mozilla/5.0 (compatible; YandexBot/3.0; +http://yandex.com/bots)"
228.157.161.66 - - [31/Mar/2025:21:03:05 +0000] "GET /shell.php HTTP/1.1" 200 16977 "-" "Mozilla/5.0 (compatible; Bingbot/2.0; +http://www.bing.com/bingbot.htm)"
21.234.185.154 - - [31/Mar/2025:21:03:48 +0000] "GET /user/login HTTP/1.1" 200 4869 "-" "Mozilla/5.0 (compatible; Bingbot/2.0; +http://www.bing.com/bingbot.htm)"
1.6.129.140 - - [31/Mar/2025:21:04:31 +0000] "GET /admin/config.php HTTP/1.1" 200 12622 "-" "Mozilla/5.0 (compatible; Bingbot/2.0; +http://www.bing.com/bingbot.htm)"
21.234.185.154 - - [31/Mar/2025:21:05:14 +0000] "GET /user/login HTTP/1.1" 200 49250 "-" "Mozilla/5.0 (compatible; Googlebot/2.1; +http://www.google.com/bot.html)"
111.171.165.107 - - [31/Mar/2025:21:05:57 +0000] "GET /wp-login.php HTTP/1.1" 200 9620 "-" "Mozilla/5.0 (compatible; Googlebot/2.1; +http://www.google.com/bot.html)"
114.11.126.247 - - [31/Mar/2025:21:06:40 +0000] "GET /api/v1/users HTTP/1.1" 200 1736 "-" "Mozilla/5.0 (compatible; Bingbot/2.0; +http://www.bing.com/bingbot.htm)"
165.198.162.110 - - [31/Mar/2025:21:07:23 +0000] "GET /admin/config.php HTTP/1.1" 200 26372 "-" "Mozilla/5.0 (compatible; Googlebot/2.1; +http://www.google.com/bot.html)"
228.157.161.66 - - [31/Mar/2025:21:08:06 +0000] "GET /admin/config.php HTTP/1.1" 200 12829 "-" "Mozilla/5.0 (compatible; Bingbot/2.0; +http://www.bing.com/bingbot.htm)"
94.93.197.142 - - [31/Mar/2025:21:08:49 +0000] "GET / HTTP/1.1" 200 12680 "-" "Mozilla/5.0 (compatible; Googlebot/2.1; +http://www.google.com/bot.html)"
82.45.6.249 - - [31/Mar/2025:21:09:32 +0000] "GET /wp-login.php HTTP/1.1" 200 24078 "-" "Mozilla/5.0 (compatible; Googlebot/2.1; +http://www.google.com/bot.html)"
21.234.185.154 - - [31/Mar/2025:21:10:15 +0000] "GET /api/v1/products HTTP/1.1" 200 39183 "-" "Mozilla/5.0 (compatible; Bingbot/2.0; +http://www.bing.com/bingbot.htm)"
114.11.126.247 - - [31/Mar/2025:21:10:58 +0000] "GET /api/v1/products HTTP/1.1" 200 33053 "-" "Mozilla/5.0 (compatible; YandexBot/3.0; +http://yandex.com/bots)"
82.45.6.249 - - [31/Mar/2025:21:11:41 +0000] "GET /admin HTTP/1.1" 200 43502 "-" "Mozilla/5.0 (compatible; Bingbot/2.0; +http://www.bing.com/bingbot.htm)"
7.35.34.176 - - [31/Mar/2025:21:12:24 +0000] "GET /shell.php HTTP/1.1" 200 38746 "-" "Mozilla/5.0 (compatible; Bingbot/2.0; +http://www.bing.com/bingbot.htm)"
165.198.162.110 - - [31/Mar/2025:21:13:07 +0000] "GET /api/v1/users HTTP/1.1" 200 15445 "-" "Mozilla/5.0 (compatible; Bingbot/2.0; +http://www.bing.com/bingbot.htm)"
199.28.211.240 - - [31/Mar/2025:21:13:50 +0000] "GET /admin/config.php HTTP/1.1" 200 2447 "-" "Mozilla/5.0 (compatible; YandexBot/3.0; +http://yandex.com/bots)"
114.11.126.247 - - [31/Mar/2025:21:14:33 +0000] "GET / HTTP/1.1" 200 34457 "-" "Mozilla/5.0 (compatible; YandexBot/3.0; +http://yandex.com/bots)"
7.35.34.176 - - [31/Mar/2025:21:15:16 +0000] "GET /admin HTTP/1.1" 200 32833 "-" "Mozilla/5.0 (compatible; YandexBot/3.0; +http://yandex.com/bots)"
7.35.34.176 - - [31/Mar/2025:21:15:59 +0000] "GET /admin/config.php HTTP/1.1" 200 46417 "-" "Mozilla/5.0 (compatible; Bingbot/2.0; +http://www.bing.com/bingbot.htm)"
111.171.165.107 - - [31/Mar/2025:21:16:42 +0000] "GET /admin/config.php HTTP/1.1" 200 26095 "-" "Mozilla/5.0 (compatible; YandexBot/3.0; +http://yandex.com/bots)"
94.93.197.142 - - [31/Mar/2025:21:17:25 +0000] "GET / HTTP/1.1" 200 1380 "-" "Mozilla/5.0 (compatible; YandexBot/3.0; +http://yandex.com/bots)"
165.198.162.110 - - [31/Mar/2025:21:18:08 +0000] "GET /login HTTP/1.1" 200 37954 "-" "Mozilla/5.0 (compatible; Bingbot/2.0; +http://www.bing.com/bingbot.htm)"
114.11.126.247 - - [31/Mar/2025:21:18:51 +0000] "GET /api/v1/products HTTP/1.1" 200 3971 "-" "Mozilla/5.0 (compatible; Bingbot/2.0; +http://www.bing.com/bingbot.htm)"
1.6.129.140 - - [31/Mar/2025:21:19:34 +0000] "GET /phpmyadmin HTTP/1.1" 200 4474 "-" "Mozilla/5.0 (compatible; YandexBot/3.0; +http://yandex.com/bots)"
7.35.34.176 - - [31/Mar/2025:21:20:17 +0000] "GET /api/v1/users HTTP/1.1" 200 36520 "-" "Mozilla/5.0 (compatible; YandexBot/3.0; +http://yandex.com/bots)"
199.28.211.240 - - [31/Mar/2025:21:21:00 +0000] "GET /wp-config.php HTTP/1.1" 200 40891 "-" "Mozilla/5.0 (compatible; Googlebot/2.1; +http://www.google.com/bot.html)"
1.6.129.140 - - [31/Mar/2025:21:21:43 +0000] "GET / HTTP/1.1" 200 22724 "-" "Mozilla/5.0 (compatible; Bingbot/2.0; +http://www.bing.com/bingbot.htm)"
1.6.129.140 - - [31/Mar/2025:21:22:26 +0000] "GET /user/login HTTP/1.1" 200 28941 "-" "Mozilla/5.0 (compatible; Bingbot/2.0; +http://www.bing.com/bingbot.htm)"
82.45.6.249 - - [31/Mar/2025:21:23:09 +0000] "GET /wp-admin HTTP/1.1" 200 34851 "-" "Mozilla/5.0 (compatible; Googlebot/2.1; +http://www.google.com/bot.html)"
199.28.211.240 - - [31/Mar/2025:21:23:52 +0000] "GET /phpmyadmin HTTP/1.1" 200 36462 "-" "Mozilla/5.0 (compatible; YandexBot/3.0; +http://yandex.com/bots)"
82.45.6.249 - - [31/Mar/2025:21:24:35 +0000] "GET /wp-login.php HTTP/1.1" 200 20100 "-" "Mozilla/5.0 (compatible; Bingbot/2.0; +http://www.bing.com/bingbot.htm)"
165.198.162.110 - - [31/Mar/2025:21:25:18 +0000] "GET /admin HTTP/1.1" 200 24954 "-" "Mozilla/5.0 (compatible; Googlebot/2.1; +http://www.google.com/bot.html)"
165.198.162.110 - - [31/Mar/2025:21:26:01 +0000] "GET /wp-config.php HTTP/1.1" 404 38497 "-" "Mozilla/5.0 (compatible; YandexBot/3.0; +http://yandex.com/bots)"
111.171.165.107 - - [31/Mar/2025:21:26:44 +0000] "GET /admin HTTP/1.1" 200 41216 "-" "Mozilla/5.0 (compatible; Googlebot/2.1; +http://www.google.com/bot.html)"
7.35.34.176 - - [31/Mar/2025:21:27:27 +0000] "GET /wp-login.php HTTP/1.1" 200 20131 "-" "Mozilla/5.0 (compatible; Googlebot/2.1; +http://www.google.com/bot.html)"
114.11.126.247 - - [31/Mar/2025:21:28:10 +0000] "GET /wp-config.php HTTP/1.1" 200 32745 "-" "Mozilla/5.0 (compatible; YandexBot/3.0; +http://yandex.com/bots)"
111.171.165.107 - - [31/Mar/2025:21:28:53 +0000] "GET /admin/config.php HTTP/1.1" 200 10086 "-" "Mozilla/5.0 (compatible; Bingbot/2.0; +http://www.bing.com/bingbot.htm)"
21.234.185.154 - - [31/Mar/2025:21:29:36 +0000] "GET /wp-login.php HTTP/1.1" 200 26704 "-" "Mozilla/5.0 (compatible; Bingbot/2.0; +http://www.bing.com/bingbot.htm)"
114.11.126.247 - - [31/Mar/2025:21:30:19 +0000] "GET /index.html HTTP/1.1" 200 39491 "-" "Mozilla/5.0 (compatible; YandexBot/3.0; +http://yandex.com/bots)"
228.157.161.66 - - [31/Mar/2025:21:31:02 +0000] "GET /about HTTP/1.1" 200 27097 "-" "Mozilla/5.0 (compatible; Bingbot/2.0; +http://www.bing.com/bingbot.htm)"
1.6.129.140 - - [31/Mar/2025:21:31:45 +0000] "GET /shell.php HTTP/1.1" 200 38776 "-" "Mozilla/5.0 (compatible; Bingbot/2.0; +http://www.bing.com/bingbot.htm)"
228.157.161.66 - - [31/Mar/2025:21:32:28 +0000] "GET /xmlrpc.php HTTP/1.1" 200 7756 "-" "Mozilla/5.0 (compatible; YandexBot/3.0; +http://yandex.com/bots)"
111.171.165.107 - - [31/Mar/2025:21:33:11 +0000] "GET /user/login HTTP/1.1" 404 8287 "-" "Mozilla/5.0 (compatible; Googlebot/2.1; +http://www.google.com/bot.html)"
7.35.34.176 - - [31/Mar/2025:21:33:54 +0000] "GET /shell.php HTTP/1.1" 200 43664 "-" "Mozilla/5.0 (compatible; Bingbot/2.0; +http://www.bing.com/bingbot.htm)"
21.234.185.154 - - [31/Mar/2025:21:34:37 +0000] "GET / HTTP/1.1" 200 23572 "-" "Mozilla/5.0 (compatible; YandexBot/3.0; +http://yandex.com/bots)"
111.171.165.107 - - [31/Mar/2025:21:35:20 +0000] "GET /contact HTTP/1.1" 200 41689 "-" "Mozilla/5.0 (compatible; Googlebot/2.1; +http://www.google.com/bot.html)"
94.93.197.142 - - [31/Mar/2025:21:36:03 +0000] "GET /wp-admin HTTP/1.1" 200 10580 "-" "Mozilla/5.0 (compatible; YandexBot/3.0; +http://yandex.com/bots)"
228.157.161.66 - - [31/Mar/2025:21:36:46 +0000] "GET /shell.php HTTP/1.1" 200 35836 "-" "Mozilla/5.0 (compatible; YandexBot/3.0; +http://yandex.com/bots)"
7.35.34.176 - - [31/Mar/2025:21:37:29 +0000] "GET /register HTTP/1.1" 200 31855 "-" "Mozilla/5.0 (compatible; Googlebot/2.1; +http://www.google.com/bot.html)"
82.45.6.249 - - [31/Mar/2025:21:38:12 +0000] "GET /api/v1/products HTTP/1.1" 200 43322 "-" "Mozilla/5.0 (compatible; YandexBot/3.0; +http://yandex.com/bots)"
82.45.6.249 - - [31/Mar/2025:21:38:55 +0000] "GET /index.html HTTP/1.1" 200 26705 "-" "Mozilla/5.0 (compatible; Bingbot/2.0; +http://www.bing.com/bingbot.htm)"
228.157.161.66 - - [31/Mar/2025:21:39:38 +0000] "GET /api/v1/users HTTP/1.1" 200 12078 "-" "Mozilla/5.0 (compatible; Bingbot/2.0; +http://www.bing.com/bingbot.htm)"
82.45.6.249 - - [31/Mar/2025:21:40:21 +0000] "GET /wp-config.php HTTP/1.1" 404 23852 "-" "Mozilla/5.0 (compatible; Googlebot/2.1; +http://www.google.com/bot.html)"
165.198.162.110 - - [31/Mar/2025:21:41:04 +0000] "GET /user/login HTTP/1.1" 200 49996 "-" "Mozilla/5.0 (compatible; Googlebot/2.1; +http://www.google.com/bot.html)"
82.45.6.249 - - [31/Mar/2025:21:41:47 +0000] "GET / HTTP/1.1" 200 27805 "-" "Mozilla/5.0 (compatible; YandexBot/3.0; +http://yandex.com/bots)"
82.45.6.249 - - [31/Mar/2025:21:42:30 +0000] "GET /admin HTTP/1.1" 200 31968 "-" "Mozilla/5.0 (compatible; Bingbot/2.0; +http://www.bing.com/bingbot.htm)"
111.171.165.107 - - [31/Mar/2025:21:43:13 +0000] "GET /shell.php HTTP/1.1" 200 15882 "-" "Mozilla/5.0 (compatible; Googlebot/2.1; +http://www.google.com/bot.html)"
7.35.34.176 - - [31/Mar/2025:21:43:56 +0000] "GET /shell.php HTTP/1.1" 200 34678 "-" "Mozilla/5.0 (compatible; Bingbot/2.0; +http://www.bing.com/bingbot.htm)"
228.157.161.66 - - [31/Mar/2025:21:44:39 +0000] "GET /wp-admin HTTP/1.1" 200 18828 "-" "Mozilla/5.0 (compatible; Bingbot/2.0; +http://www.bing.com/bingbot.htm)"
7.35.34.176 - - [31/Mar/2025:21:45:22 +0000] "GET /administrator HTTP/1.1" 404 41836 "-" "Mozilla/5.0 (compatible; Bingbot/2.0; +http://www.bing.com/bingbot.htm)"
21.234.185.154 - - [31/Mar/2025:21:46:05 +0000] "GET / HTTP/1.1" 200 8825 "-" "Mozilla/5.0 (compatible; Googlebot/2.1; +http://www.google.com/bot.html)"
228.157.161.66 - - [31/Mar/2025:21:46:48 +0000] "GET /index.html HTTP/1.1" 200 1132 "-" "Mozilla/5.0 (compatible; YandexBot/3.0; +http://yandex.com/bots)"
1.6.129.140 - - [31/Mar/2025:21:47:31 +0000] "GET /user/login HTTP/1.1" 200 11969 "-" "Mozilla/5.0 (compatible; YandexBot/3.0; +http://yandex.com/bots)"
228.157.161.66 - - [31/Mar/2025:21:48:14 +0000] "GET /api/v1/products HTTP/1.1" 200 23369 "-" "Mozilla/5.0 (compatible; YandexBot/3.0; +http://yandex.com/bots)"
21.234.185.154 - - [31/Mar/2025:21:48:57 +0000] "GET /login HTTP/1.1" 200 10668 "-" "Mozilla/5.0 (compatible; Googlebot/2.1; +http://www.google.com/bot.html)"
21.234.185.154 - - [31/Mar/2025:21:49:40 +0000] "GET /api/v1/products HTTP/1.1" 200 25713 "-" "Mozilla/5.0 (compatible; Googlebot/2.1; +http://www.google.com/bot.html)"
1.6.129.140 - - [31/Mar/2025:21:50:23 +0000] "GET /admin/config.php HTTP/1.1" 200 32231 "-" "Mozilla/5.0 (compatible; Googlebot/2.1; +http://www.google.com/bot.html)"
228.157.161.66 - - [31/Mar/2025:21:51:06 +0000] "GET /wp-login.php HTTP/1.1" 200 32705 "-" "Mozilla/5.0 (compatible; Bingbot/2.0; +http://www.bing.com/bingbot.htm)"
7.35.34.176 - - [31/Mar/2025:21:51:49 +0000] "GET /phpmyadmin HTTP/1.1" 200 1109 "-" "Mozilla/5.0 (compatible; YandexBot/3.0; +http://yandex.com/bots)"
94.93.197.142 - - [31/Mar/2025:21:52:32 +0000] "GET /administrator HTTP/1.1" 200 20159 "-" "Mozilla/5.0 (compatible; YandexBot/3.0; +http://yandex.com/bots)"
21.234.185.154 - - [31/Mar/2025:21:53:15 +0000] "GET /contact HTTP/1.1" 404 39728 "-" "Mozilla/5.0 (compatible; YandexBot/3.0; +http://yandex.com/bots)"
228.157.161.66 - - [31/Mar/2025:21:53:58 +0000] "GET /wp-login.php HTTP/1.1" 200 36804 "-" "Mozilla/5.0 (compatible; YandexBot/3.0; +http://yandex.com/bots)"
165.198.162.110 - - [31/Mar/2025:21:54:41 +0000] "GET /register HTTP/1.1" 200 40753 "-" "Mozilla/5.0 (compatible; Googlebot/2.1; +http://www.google.com/bot.html)"
114.11.126.247 - - [31/Mar/2025:21:55:24 +0000] "GET / HTTP/1.1" 200 45717 "-" "Mozilla/5.0 (compatible; YandexBot/3.0; +http://yandex.com/bots)"
1.6.129.140 - - [31/Mar/2025:21:56:07 +0000] "GET /administrator HTTP/1.1" 200 4219 "-" "Mozilla/5.0 (compatible; YandexBot/3.0; +http://yandex.com/bots)"
1.6.129.140 - - [31/Mar/2025:21:56:50 +0000] "GET /about HTTP/1.1" 200 2138 "-" "Mozilla/5.0 (compatible; Bingbot/2.0; +http://www.bing.com/bingbot.htm)"
165.198.162.110 - - [31/Mar/2025:21:57:33 +0000] "GET /register HTTP/1.1" 200 45777 "-" "Mozilla/5.0 (compatible; YandexBot/3.0; +http://yandex.com/bots)"
114.11.126.247 - - [31/Mar/2025:21:58:16 +0000] "GET /api/v1/users HTTP/1.1" 200 11614 "-" "Mozilla/5.0 (compatible; Googlebot/2.1; +http://www.google.com/bot.html)"
7.35.34.176 - - [31/Mar/2025:21:58:59 +0000] "GET / HTTP/1.1" 200 16645 "-" "Mozilla/5.0 (compatible; Bingbot/2.0; +http://www.bing.com/bingbot.htm)"
1.6.129.140 - - [31/Mar/2025:21:59:42 +0000] "GET /user/login HTTP/1.1" 404 2884 "-" "Mozilla/5.0 (compatible; YandexBot/3.0; +http://yandex.com/bots)"
114.11.126.247 - - [31/Mar/2025:22:00:25 +0000] "GET /shell.php HTTP/1.1" 404 8175 "-" "Mozilla/5.0 (compatible; Googlebot/2.1; +http://www.google.com/bot.html)"
82.45.6.249 - - [31/Mar/2025:22:01:08 +0000] "GET /user/login HTTP/1.1" 200 48700 "-" "Mozilla/5.0 (compatible; Bingbot/2.0; +http://www.bing.com/bingbot.htm)"
165.198.162.110 - - [31/Mar/2025:22:01:51 +0000] "GET / HTTP/1.1" 404 40167 "-" "Mozilla/5.0 (compatible; YandexBot/3.0; +http://yandex.com/bots)"
1.6.129.140 - - [31/Mar/2025:22:02:34 +0000] "GET /wp-login.php HTTP/1.1" 200 21485 "-" "Mozilla/5.0 (compatible; Googlebot/2.1; +http://www.google.com/bot.html)"
21.234.185.154 - - [31/Mar/2025:22:03:17 +0000] "GET /admin/config.php HTTP/1.1" 200 46586 "-" "Mozilla/5.0 (compatible; YandexBot/3.0; +http://yandex.com/bots)"
7.35.34.176 - - [31/Mar/2025:22:04:00 +0000] "GET /api/v1/users HTTP/1.1" 200 5370 "-" "Mozilla/5.0 (compatible; YandexBot/3.0; +http://yandex.com/bots)"
7.35.34.176 - - [31/Mar/2025:22:04:43 +0000] "GET /xmlrpc.php HTTP/1.1" 200 16741 "-" "Mozilla/5.0 (compatible; Bingbot/2.0; +http://www.bing.com/bingbot.htm)"
82.45.6.249 - - [31/Mar/2025:22:05:26 +0000] "GET /contact HTTP/1.1" 200 26206 "-" "Mozilla/5.0 (compatible; Googlebot/2.1; +http://www.google.com/bot.html)"
165.198.162.110 - - [31/Mar/2025:22:06:09 +0000] "GET /index.html HTTP/1.1" 200 37322 "-" "Mozilla/5.0 (compatible; YandexBot/3.0; +http://yandex.com/bots)"
199.28.211.240 - - [31/Mar/2025:22:06:52 +0000] "GET /api/v1/users HTTP/1.1" 200 20181 "-" "Mozilla/5.0 (compatible; Bingbot/2.0; +http://www.bing.com/bingbot.htm)"
1.6.129.140 - - [31/Mar/2025:22:07:35 +0000] "GET /wp-login.php HTTP/1.1" 200 40387 "-" "Mozilla/5.0 (compatible; Googlebot/2.1; +http://www.google.com/bot.html)"
228.157.161.66 - - [31/Mar/2025:22:08:18 +0000] "GET /user/login HTTP/1.1" 200 49434 "-" "Mozilla/5.0 (compatible; Googlebot/2.1; +http://www.google.com/bot.html)"
199.28.211.240 - - [31/Mar/2025:22:09:01 +0000] "GET / HTTP/1.1" 200 1239 "-" "Mozilla/5.0 (compatible; YandexBot/3.0; +http://yandex.com/bots)"
165.198.162.110 - - [31/Mar/2025:22:09:44 +0000] "GET / HTTP/1.1" 404 2395 "-" "Mozilla/5.0 (compatible; Bingbot/2.0; +http://www.bing.com/bingbot.htm)"
94.93.197.142 - - [31/Mar/2025:22:10:27 +0000] "GET /api/v1/users HTTP/1.1" 200 40928 "-" "Mozilla/5.0 (compatible; Bingbot/2.0; +http://www.bing.com/bingbot.htm)"
165.198.162.110 - - [31/Mar/2025:22:11:10 +0000] "GET /admin HTTP/1.1" 200 13819 "-" "Mozilla/5.0 (compatible; YandexBot/3.0; +http://yandex.com/bots)"
94.93.197.142 - - [31/Mar/2025:22:11:53 +0000] "GET /shell.php HTTP/1.1" 200 41812 "-" "Mozilla/5.0 (compatible; Googlebot/2.1; +http://www.google.com/bot.html)"
111.171.165.107 - - [31/Mar/2025:22:12:36 +0000] "GET /contact HTTP/1.1" 200 47625 "-" "Mozilla/5.0 (compatible; Googlebot/2.1; +http://www.google.com/bot.html)"
228.157.161.66 - - [31/Mar/2025:22:13:19 +0000] "GET /wp-admin HTTP/1.1" 200 33763 "-" "Mozilla/5.0 (compatible; Bingbot/2.0; +http://www.bing.com/bingbot.htm)"
165.198.162.110 - - [31/Mar/2025:22:14:02 +0000] "GET /admin HTTP/1.1" 404 45158 "-" "Mozilla/5.0 (compatible; Bingbot/2.0; +http://www.bing.com/bingbot.htm)"
199.28.211.240 - - [31/Mar/2025:22:14:45 +0000] "GET /index.html HTTP/1.1" 404 20801 "-" "Mozilla/5.0 (compatible; Bingbot/2.0; +http://www.bing.com/bingbot.htm)"
21.234.185.154 - - [31/Mar/2025:22:15:28 +0000] "GET /register HTTP/1.1" 200 41663 "-" "Mozilla/5.0 (compatible; Bingbot/2.0; +http://www.bing.com/bingbot.htm)"
21.234.185.154 - - [31/Mar/2025:22:16:11 +0000] "GET /contact HTTP/1.1" 200 1774 "-" "Mozilla/5.0 (compatible; YandexBot/3.0; +http://yandex.com/bots)"
199.28.211.240 - - [31/Mar/2025:22:16:54 +0000] "GET / HTTP/1.1" 200 10972 "-" "Mozilla/5.0 (compatible; YandexBot/3.0; +http://yandex.com/bots)"
21.234.185.154 - - [31/Mar/2025:22:17:37 +0000] "GET /login HTTP/1.1" 200 7484 "-" "Mozilla/5.0 (compatible; YandexBot/3.0; +http://yandex.com/bots)"
7.35.34.176 - - [31/Mar/2025:22:18:20 +0000] "GET /admin HTTP/1.1" 200 2754 "-" "Mozilla/5.0 (compatible; YandexBot/3.0; +http://yandex.com/bots)"
82.45.6.249 - - [31/Mar/2025:22:19:03 +0000] "GET /xmlrpc.php HTTP/1.1" 404 46062 "-" "Mozilla/5.0 (compatible; YandexBot/3.0; +http://yandex.com/bots)"
111.171.165.107 - - [31/Mar/2025:22:19:46 +0000] "GET /admin HTTP/1.1" 200 33626 "-" "Mozilla/5.0 (compatible; Googlebot/2.1; +http://www.google.com/bot.html)"
111.171.165.107 - - [31/Mar/2025:22:20:29 +0000] "GET /login HTTP/1.1" 200 16057 "-" "Mozilla/5.0 (compatible; YandexBot/3.0; +http://yandex.com/bots)"
165.198.162.110 - - [31/Mar/2025:22:21:12 +0000] "GET /wp-admin HTTP/1.1" 200 13037 "-" "Mozilla/5.0 (compatible; Googlebot/2.1; +http://www.google.com/bot.html)"
82.45.6.249 - - [31/Mar/2025:22:21:55 +0000] "GET /api/v1/products HTTP/1.1" 200 2480 "-" "Mozilla/5.0 (compatible; YandexBot/3.0; +http://yandex.com/bots)"
21.234.185.154 - - [31/Mar/2025:22:22:38 +0000] "GET /api/v1/users HTTP/1.1" 200 42524 "-" "Mozilla/5.0 (compatible; YandexBot/3.0; +http://yandex.com/bots)"
82.45.6.249 - - [31/Mar/2025:22:23:21 +0000] "GET /shell.php HTTP/1.1" 200 16891 "-" "Mozilla/5.0 (compatible; Bingbot/2.0; +http://www.bing.com/bingbot.htm)"
199.28.211.240 - - [31/Mar/2025:22:24:04 +0000] "GET /api/v1/users HTTP/1.1" 404 48233 "-" "Mozilla/5.0 (compatible; Bingbot/2.0; +http://www.bing.com/bingbot.htm)"
199.28.211.240 - - [31/Mar/2025:22:24:47 +0000] "GET /wp-admin HTTP/1.1" 200 35531 "-" "Mozilla/5.0 (compatible; Googlebot/2.1; +http://www.google.com/bot.html)"
228.157.161.66 - - [31/Mar/2025:22:25:30 +0000] "GET /register HTTP/1.1" 200 6847 "-" "Mozilla/5.0 (compatible; Googlebot/2.1; +http://www.google.com/bot.html)"
165.198.162.110 - - [31/Mar/2025:22:26:13 +0000] "GET /login HTTP/1.1" 200 6183 "-" "Mozilla/5.0 (compatible; Googlebot/2.1; +http://www.google.com/bot.html)"
7.35.34.176 - - [31/Mar/2025:22:26:56 +0000] "GET /login HTTP/1.1" 200 23968 "-" "Mozilla/5.0 (compatible; YandexBot/3.0; +http://yandex.com/bots)"
114.11.126.247 - - [31/Mar/2025:22:27:39 +0000] "GET /admin HTTP/1.1" 200 27006 "-" "Mozilla/5.0 (compatible; YandexBot/3.0; +http://yandex.com/bots)"
228.157.161.66 - - [31/Mar/2025:22:28:22 +0000] "GET /contact HTTP/1.1" 200 20806 "-" "Mozilla/5.0 (compatible; Googlebot/2.1; +http://www.google.com/bot.html)"
7.35.34.176 - - [31/Mar/2025:22:29:05 +0000] "GET /user/login HTTP/1.1" 200 8588 "-" "Mozilla/5.0 (compatible; Bingbot/2.0; +http://www.bing.com/bingbot.htm)"
114.11.126.247 - - [31/Mar/2025:22:29:48 +0000] "GET /login HTTP/1.1" 200 16524 "-" "Mozilla/5.0 (compatible; Googlebot/2.1; +http://www.google.com/bot.html)"
1.6.129.140 - - [31/Mar/2025:22:30:31 +0000] "GET /admin/config.php HTTP/1.1" 200 8898 "-" "Mozilla/5.0 (compatible; Bingbot/2.0; +http://www.bing.com/bingbot.htm)"
199.28.211.240 - - [31/Mar/2025:22:31:14 +0000] "GET /administrator HTTP/1.1" 200 45556 "-" "Mozilla/5.0 (compatible; Googlebot/2.1; +http://www.google.com/bot.html)"
1.6.129.140 - - [31/Mar/2025:22:31:57 +0000] "GET /login HTTP/1.1" 200 25544 "-" "Mozilla/5.0 (compatible; Bingbot/2.0; +http://www.bing.com/bingbot.htm)"
228.157.161.66 - - [31/Mar/2025:22:32:40 +0000] "GET /phpmyadmin HTTP/1.1" 200 43173 "-" "Mozilla/5.0 (compatible; YandexBot/3.0; +http://yandex.com/bots)"
111.171.165.107 - - [31/Mar/2025:22:33:23 +0000] "GET /user/login HTTP/1.1" 200 41234 "-" "Mozilla/5.0 (compatible; Googlebot/2.1; +http://www.google.com/bot.html)"
114.11.126.247 - - [31/Mar/2025:22:34:06 +0000] "GET /wp-login.php HTTP/1.1" 200 21955 "-" "Mozilla/5.0 (compatible; YandexBot/3.0; +http://yandex.com/bots)"
82.45.6.249 - - [31/Mar/2025:22:34:49 +0000] "GET /api/v1/products HTTP/1.1" 200 19631 "-" "Mozilla/5.0 (compatible; Bingbot/2.0; +http://www.bing.com/bingbot.htm)"
82.45.6.249 - - [31/Mar/2025:22:35:32 +0000] "GET /contact HTTP/1.1" 200 28072 "-" "Mozilla/5.0 (compatible; YandexBot/3.0; +http://yandex.com/bots)"
165.198.162.110 - - [31/Mar/2025:22:36:15 +0000] "GET /administrator HTTP/1.1" 200 48490 "-" "Mozilla/5.0 (compatible; Bingbot/2.0; +http://www.bing.com/bingbot.htm)"
199.28.211.240 - - [31/Mar/2025:22:36:58 +0000] "GET /contact HTTP/1.1" 200 25978 "-" "Mozilla/5.0 (compatible; YandexBot/3.0; +http://yandex.com/bots)"
114.11.126.247 - - [31/Mar/2025:22:37:41 +0000] "GET /wp-admin HTTP/1.1" 404 15863 "-" "Mozilla/5.0 (compatible; Bingbot/2.0; +http://www.bing.com/bingbot.htm)"
21.234.185.154 - - [31/Mar/2025:22:38:24 +0000] "GET /api/v1/products HTTP/1.1" 200 19175 "-" "Mozilla/5.0 (compatible; YandexBot/3.0; +http://yandex.com/bots)"
82.45.6.249 - - [31/Mar/2025:22:39:07 +0000] "GET /contact HTTP/1.1" 200 8095 "-" "Mozilla/5.0 (compatible; Bingbot/2.0; +http://www.bing.com/bingbot.htm)"
114.11.126.247 - - [31/Mar/2025:22:39:50 +0000] "GET /api/v1/users HTTP/1.1" 200 14152 "-" "Mozilla/5.0 (compatible; YandexBot/3.0; +http://yandex.com/bots)"
21.234.185.154 - - [31/Mar/2025:22:40:33 +0000] "GET /admin/config.php HTTP/1.1" 200 40047 "-" "Mozilla/5.0 (compatible; Bingbot/2.0; +http://www.bing.com/bingbot.htm)"
114.11.126.247 - - [31/Mar/2025:22:41:16 +0000] "GET /shell.php HTTP/1.1" 200 29383 "-" "Mozilla/5.0 (compatible; Googlebot/2.1; +http://www.google.com/bot.html)"
199.28.211.240 - - [31/Mar/2025:22:41:59 +0000] "GET /admin/config.php HTTP/1.1" 200 38016 "-" "Mozilla/5.0 (compatible; YandexBot/3.0; +http://yandex.com/bots)"
1.6.129.140 - - [31/Mar/2025:22:42:42 +0000] "GET /index.html HTTP/1.1" 200 41951 "-" "Mozilla/5.0 (compatible; YandexBot/3.0; +http://yandex.com/bots)"
199.28.211.240 - - [31/Mar/2025:22:43:25 +0000] "GET /wp-admin HTTP/1.1" 200 41616 "-" "Mozilla/5.0 (compatible; Googlebot/2.1; +http://www.google.com/bot.html)"
21.234.185.154 - - [31/Mar/2025:22:44:08 +0000] "GET /login HTTP/1.1" 200 16872 "-" "Mozilla/5.0 (compatible; Googlebot/2.1; +http://www.google.com/bot.html)"
111.171.165.107 - - [31/Mar/2025:22:44:51 +0000] "GET /shell.php HTTP/1.1" 200 20866 "-" "Mozilla/5.0 (compatible; Googlebot/2.1; +http://www.google.com/bot.html)"
199.28.211.240 - - [31/Mar/2025:22:45:34 +0000] "GET /login HTTP/1.1" 404 44709 "-" "Mozilla/5.0 (compatible; Bingbot/2.0; +http://www.bing.com/bingbot.htm)"
114.11.126.247 - - [31/Mar/2025:22:46:17 +0000] "GET /xmlrpc.php HTTP/1.1" 200 23366 "-" "Mozilla/5.0 (compatible; Googlebot/2.1; +http://www.google.com/bot.html)"
1.6.129.140 - - [31/Mar/2025:22:47:00 +0000] "GET / HTTP/1.1" 200 36869 "-" "Mozilla/5.0 (compatible; Bingbot/2.0; +http://www.bing.com/bingbot.htm)"
199.28.211.240 - - [31/Mar/2025:22:47:43 +0000] "GET /administrator HTTP/1.1" 200 1647 "-" "Mozilla/5.0 (compatible; Googlebot/2.1; +http://www.google.com/bot.html)"
165.198.162.110 - - [31/Mar/2025:22:48:26 +0000] "GET /about HTTP/1.1" 200 28496 "-" "Mozilla/5.0 (compatible; Bingbot/2.0; +http://www.bing.com/bingbot.htm)"
94.93.197.142 - - [31/Mar/2025:22:49:09 +0000] "GET /user/login HTTP/1.1" 200 17752 "-" "Mozilla/5.0 (compatible; Googlebot/2.1; +http://www.google.com/bot.html)"
199.28.211.240 - - [31/Mar/2025:22:49:52 +0000] "GET /contact HTTP/1.1" 200 5514 "-" "Mozilla/5.0 (compatible; Bingbot/2.0; +http://www.bing.com/bingbot.htm)"
114.11.126.247 - - [31/Mar/2025:22:50:35 +0000] "GET /api/v1/products HTTP/1.1" 200 46174 "-" "Mozilla/5.0 (compatible; Googlebot/2.1; +http://www.google.com/bot.html)"
114.11.126.247 - - [31/Mar/2025:22:51:18 +0000] "GET /contact HTTP/1.1" 200 13316 "-" "Mozilla/5.0 (compatible; Googlebot/2.1; +http://www.google.com/bot.html)"
111.171.165.107 - - [31/Mar/2025:22:52:01 +0000] "GET /phpmyadmin HTTP/1.1" 200 28356 "-" "Mozilla/5.0 (compatible; Googlebot/2.1; +http://www.google.com/bot.html)"
114.11.126.247 - - [31/Mar/2025:22:52:44 +0000] "GET / HTTP/1.1" 404 43250 "-" "Mozilla/5.0 (compatible; Bingbot/2.0; +http://www.bing.com/bingbot.htm)"
165.198.162.110 - - [31/Mar/2025:22:53:27 +0000] "GET /about HTTP/1.1" 200 40742 "-" "Mozilla/5.0 (compatible; YandexBot/3.0; +http://yandex.com/bots)"
1.6.129.140 - - [31/Mar/2025:22:54:10 +0000] "GET /admin/config.php HTTP/1.1" 200 36938 "-" "Mozilla/5.0 (compatible; Googlebot/2.1; +http://www.google.com/bot.html)"
228.157.161.66 - - [31/Mar/2025:22:54:53 +0000] "GET /wp-config.php HTTP/1.1" 200 46084 "-" "Mozilla/5.0 (compatible; Bingbot/2.0; +http://www.bing.com/bingbot.htm)"
165.198.162.110 - - [31/Mar/2025:22:55:36 +0000] "GET /xmlrpc.php HTTP/1.1" 200 44704 "-" "Mozilla/5.0 (compatible; Bingbot/2.0; +http://www.bing.com/bingbot.htm)"
21.234.185.154 - - [31/Mar/2025:22:56:19 +0000] "GET /login HTTP/1.1" 200 7540 "-" "Mozilla/5.0 (compatible; Bingbot/2.0; +http://www.bing.com/bingbot.htm)"
1.6.129.140 - - [31/Mar/2025:22:57:02 +0000] "GET /admin HTTP/1.1" 200 41559 "-" "Mozilla/5.0 (compatible; YandexBot/3.0; +http://yandex.com/bots)"
94.93.197.142 - - [31/Mar/2025:22:57:45 +0000] "GET /wp-login.php HTTP/1.1" 200 47988 "-" "Mozilla/5.0 (compatible; Bingbot/2.0; +http://www.bing.com/bingbot.htm)"
165.198.162.110 - - [31/Mar/2025:22:58:28 +0000] "GET /login HTTP/1.1" 200 34869 "-" "Mozilla/5.0 (compatible; Bingbot/2.0; +http://www.bing.com/bingbot.htm)"
1.6.129.140 - - [31/Mar/2025:22:59:11 +0000] "GET /phpmyadmin HTTP/1.1" 200 47988 "-" "Mozilla/5.0 (compatible; Bingbot/2.0; +http://www.bing.com/bingbot.htm)"
165.198.162.110 - - [31/Mar/2025:22:59:54 +0000] "GET /register HTTP/1.1" 200 24883 "-" "Mozilla/5.0 (compatible; YandexBot/3.0; +http://yandex.com/bots)"
111.171.165.107 - - [31/Mar/2025:23:00:37 +0000] "GET /administrator HTTP/1.1" 200 11037 "-" "Mozilla/5.0 (compatible; Bingbot/2.0; +http://www.bing.com/bingbot.htm)"
7.35.34.176 - - [31/Mar/2025:23:01:20 +0000] "GET /login HTTP/1.1" 200 28706 "-" "Mozilla/5.0 (compatible; YandexBot/3.0; +http://yandex.com/bots)"
111.171.165.107 - - [31/Mar/2025:23:02:03 +0000] "GET /shell.php HTTP/1.1" 200 6582 "-" "Mozilla/5.0 (compatible; Bingbot/2.0; +http://www.bing.com/bingbot.htm)"
228.157.161.66 - - [31/Mar/2025:23:02:46 +0000] "GET /contact HTTP/1.1" 200 37997 "-" "Mozilla/5.0 (compatible; Googlebot/2.1; +http://www.google.com/bot.html)"
94.93.197.142 - - [31/Mar/2025:23:03:29 +0000] "GET /api/v1/users HTTP/1.1" 200 13929 "-" "Mozilla/5.0 (compatible; Bingbot/2.0; +http://www.bing.com/bingbot.htm)"
7.35.34.176 - - [31/Mar/2025:23:04:12 +0000] "GET / HTTP/1.1" 200 28841 "-" "Mozilla/5.0 (compatible; Googlebot/2.1; +http://www.google.com/bot.html)"
111.171.165.107 - - [31/Mar/2025:23:04:55 +0000] "GET /wp-login.php HTTP/1.1" 200 48682 "-" "Mozilla/5.0 (compatible; YandexBot/3.0; +http://yandex.com/bots)"
199.28.211.240 - - [31/Mar/2025:23:05:38 +0000] "GET /login HTTP/1.1" 200 24597 "-" "Mozilla/5.0 (compatible; Googlebot/2.1; +http://www.google.com/bot.html)"
114.11.126.247 - - [31/Mar/2025:23:06:21 +0000] "GET /admin/config.php HTTP/1.1" 404 37195 "-" "Mozilla/5.0 (compatible; Googlebot/2.1; +http://www.google.com/bot.html)"
82.45.6.249 - - [31/Mar/2025:23:07:04 +0000] "GET /admin/config.php HTTP/1.1" 200 19082 "-" "Mozilla/5.0 (compatible; Bingbot/2.0; +http://www.bing.com/bingbot.htm)"
7.35.34.176 - - [31/Mar/2025:23:07:47 +0000] "GET /phpmyadmin HTTP/1.1" 200 2991 "-" "Mozilla/5.0 (compatible; YandexBot/3.0; +http://yandex.com/bots)"
94.93.197.142 - - [31/Mar/2025:23:08:30 +0000] "GET /api/v1/users HTTP/1.1" 404 39771 "-" "Mozilla/5.0 (compatible; YandexBot/3.0; +http://yandex.com/bots)"
7.35.34.176 - - [31/Mar/2025:23:09:13 +0000] "GET /about HTTP/1.1" 200 44959 "-" "Mozilla/5.0 (compatible; YandexBot/3.0; +http://yandex.com/bots)"
114.11.126.247 - - [31/Mar/2025:23:09:56 +0000] "GET /shell.php HTTP/1.1" 200 32260 "-" "Mozilla/5.0 (compatible; Bingbot/2.0; +http://www.bing.com/bingbot.htm)"
228.157.161.66 - - [31/Mar/2025:23:10:39 +0000] "GET /user/login HTTP/1.1" 200 30517 "-" "Mozilla/5.0 (compatible; Bingbot/2.0; +http://www.bing.com/bingbot.htm)"
94.93.197.142 - - [31/Mar/2025:23:11:22 +0000] "GET / HTTP/1.1" 200 3676 "-" "Mozilla/5.0 (compatible; YandexBot/3.0; +http://yandex.com/bots)"
82.45.6.249 - - [31/Mar/2025:23:12:05 +0000] "GET /wp-login.php HTTP/1.1" 200 31785 "-" "Mozilla/5.0 (compatible; YandexBot/3.0; +http://yandex.com/bots)"
228.157.161.66 - - [31/Mar/2025:23:12:48 +0000] "GET /wp-config.php HTTP/1.1" 200 10577 "-" "Mozilla/5.0 (compatible; YandexBot/3.0; +http://yandex.com/bots)"
7.35.34.176 - - [31/Mar/2025:23:13:31 +0000] "GET /wp-login.php HTTP/1.1" 404 12298 "-" "Mozilla/5.0 (compatible; YandexBot/3.0; +http://yandex.com/bots)"
199.28.211.240 - - [31/Mar/2025:23:14:14 +0000] "GET /about HTTP/1.1" 200 20029 "-" "Mozilla/5.0 (compatible; YandexBot/3.0; +http://yandex.com/bots)"
82.45.6.249 - - [31/Mar/2025:23:14:57 +0000] "GET /index.html HTTP/1.1" 404 25692 "-" "Mozilla/5.0 (compatible; YandexBot/3.0; +http://yandex.com/bots)"
7.35.34.176 - - [31/Mar/2025:23:15:40 +0000] "GET /login HTTP/1.1" 200 4485 "-" "Mozilla/5.0 (compatible; Googlebot/2.1; +http://www.google.com/bot.html)"
7.35.34.176 - - [31/Mar/2025:23:16:23 +0000] "GET /login HTTP/1.1" 200 24340 "-" "Mozilla/5.0 (compatible; YandexBot/3.0; +http://yandex.com/bots)"
111.171.165.107 - - [31/Mar/2025:23:17:06 +0000] "GET /phpmyadmin HTTP/1.1" 200 8148 "-" "Mozilla/5.0 (compatible; Bingbot/2.0; +http://www.bing.com/bingbot.htm)"
82.45.6.249 - - [31/Mar/2025:23:17:49 +0000] "GET /index.html HTTP/1.1" 200 47335 "-" "Mozilla/5.0 (compatible; Bingbot/2.0; +http://www.bing.com/bingbot.htm)"
114.11.126.247 - - [31/Mar/2025:23:18:32 +0000] "GET /admin HTTP/1.1" 200 26643 "-" "Mozilla/5.0 (compatible; YandexBot/3.0; +http://yandex.com/bots)"
1.6.129.140 - - [31/Mar/2025:23:19:15 +0000] "GET /login HTTP/1.1" 200 4239 "-" "Mozilla/5.0 (compatible; Googlebot/2.1; +http://www.google.com/bot.html)"
114.11.126.247 - - [31/Mar/2025:23:19:58 +0000] "GET /about HTTP/1.1" 200 40412 "-" "Mozilla/5.0 (compatible; Bingbot/2.0; +http://www.bing.com/bingbot.htm)"
228.157.161.66 - - [31/Mar/2025:23:20:41 +0000] "GET /phpmyadmin HTTP/1.1" 200 41646 "-" "Mozilla/5.0 (compatible; Googlebot/2.1; +http://www.google.com/bot.html)"
165.198.162.110 - - [31/Mar/2025:23:21:24 +0000] "GET /api/v1/products HTTP/1.1" 200 28929 "-" "Mozilla/5.0 (compatible; Bingbot/2.0; +http://www.bing.com/bingbot.htm)"
165.198.162.110 - - [31/Mar/2025:23:22:07 +0000] "GET /phpmyadmin HTTP/1.1" 200 16088 "-" "Mozilla/5.0 (compatible; YandexBot/3.0; +http://yandex.com/bots)"
1.6.129.140 - - [31/Mar/2025:23:22:50 +0000] "GET /register HTTP/1.1" 200 11417 "-" "Mozilla/5.0 (compatible; YandexBot/3.0; +http://yandex.com/bots)"
7.35.34.176 - - [31/Mar/2025:23:23:33 +0000] "GET /admin HTTP/1.1" 404 31830 "-" "Mozilla/5.0 (compatible; YandexBot/3.0; +http://yandex.com/bots)"
21.234.185.154 - - [31/Mar/2025:23:24:16 +0000] "GET /wp-config.php HTTP/1.1" 200 35134 "-" "Mozilla/5.0 (compatible; YandexBot/3.0; +http://yandex.com/bots)"
82.45.6.249 - - [31/Mar/2025:23:24:59 +0000] "GET / HTTP/1.1" 200 9660 "-" "Mozilla/5.0 (compatible; Bingbot/2.0; +http://www.bing.com/bingbot.htm)"
228.157.161.66 - - [31/Mar/2025:23:25:42 +0000] "GET /user/login HTTP/1.1" 200 45335 "-" "Mozilla/5.0 (compatible; Bingbot/2.0; +http://www.bing.com/bingbot.htm)"
94.93.197.142 - - [31/Mar/2025:23:26:25 +0000] "GET /register HTTP/1.1" 200 40924 "-" "Mozilla/5.0 (compatible; YandexBot/3.0; +http://yandex.com/bots)"
228.157.161.66 - - [31/Mar/2025:23:27:08 +0000] "GET /admin/config.php HTTP/1.1" 200 8641 "-" "Mozilla/5.0 (compatible; Bingbot/2.0; +http://www.bing.com/bingbot.htm)"
228.157.161.66 - - [31/Mar/2025:23:27:51 +0000] "GET /wp-login.php HTTP/1.1" 404 18065 "-" "Mozilla/5.0 (compatible; Googlebot/2.1; +http://www.google.com/bot.html)"
7.35.34.176 - - [31/Mar/2025:23:28:34 +0000] "GET /user/login HTTP/1.1" 200 21429 "-" "Mozilla/5.0 (compatible; Googlebot/2.1; +http://www.google.com/bot.html)"
114.11.126.247 - - [31/Mar/2025:23:29:17 +0000] "GET /admin/config.php HTTP/1.1" 200 25774 "-" "Mozilla/5.0 (compatible; Googlebot/2.1; +http://www.google.com/bot.html)"
199.28.211.240 - - [31/Mar/2025:23:30:00 +0000] "GET /about HTTP/1.1" 200 1032 "-" "Mozilla/5.0 (compatible; YandexBot/3.0; +http://yandex.com/bots)"
82.45.6.249 - - [31/Mar/2025:23:30:43 +0000] "GET /shell.php HTTP/1.1" 200 4543 "-" "Mozilla/5.0 (compatible; YandexBot/3.0; +http://yandex.com/bots)"
165.198.162.110 - - [31/Mar/2025:23:31:26 +0000] "GET /shell.php HTTP/1.1" 200 25022 "-" "Mozilla/5.0 (compatible; YandexBot/3.0; +http://yandex.com/bots)"
1.6.129.140 - - [31/Mar/2025:23:32:09 +0000] "GET /administrator HTTP/1.1" 200 17321 "-" "Mozilla/5.0 (compatible; YandexBot/3.0; +http://yandex.com/bots)"
1.6.129.140 - - [31/Mar/2025:23:32:52 +0000] "GET /wp-login.php HTTP/1.1" 200 7512 "-" "Mozilla/5.0 (compatible; YandexBot/3.0; +http://yandex.com/bots)"
228.157.161.66 - - [31/Mar/2025:23:33:35 +0000] "GET /admin/config.php HTTP/1.1" 200 45864 "-" "Mozilla/5.0 (compatible; Googlebot/2.1; +http://www.google.com/bot.html)"
165.198.162.110 - - [31/Mar/2025:23:34:18 +0000] "GET /wp-config.php HTTP/1.1" 200 34151 "-" "Mozilla/5.0 (compatible; YandexBot/3.0; +http://yandex.com/bots)"
111.171.165.107 - - [31/Mar/2025:23:35:01 +0000] "GET /administrator HTTP/1.1" 200 2917 "-" "Mozilla/5.0 (compatible; YandexBot/3.0; +http://yandex.com/bots)"
21.234.185.154 - - [31/Mar/2025:23:35:44 +0000] "GET /wp-admin HTTP/1.1" 200 47031 "-" "Mozilla/5.0 (compatible; Bingbot/2.0; +http://www.bing.com/bingbot.htm)"
7.35.34.176 - - [31/Mar/2025:23:36:27 +0000] "GET /admin/config.php HTTP/1.1" 200 14105 "-" "Mozilla/5.0 (compatible; Googlebot/2.1; +http://www.google.com/bot.html)"
111.171.165.107 - - [31/Mar/2025:23:37:10 +0000] "GET / HTTP/1.1" 404 46635 "-" "Mozilla/5.0 (compatible; Googlebot/2.1; +http://www.google.com/bot.html)"
21.234.185.154 - - [31/Mar/2025:23:37:53 +0000] "GET /administrator HTTP/1.1" 200 11050 "-" "Mozilla/5.0 (compatible; YandexBot/3.0; +http://yandex.com/bots)"
165.198.162.110 - - [31/Mar/2025:23:38:36 +0000] "GET /wp-admin HTTP/1.1" 200 1231 "-" "Mozilla/5.0 (compatible; YandexBot/3.0; +http://yandex.com/bots)"
114.11.126.247 - - [31/Mar/2025:23:39:19 +0000] "GET /wp-login.php HTTP/1.1" 200 33968 "-" "Mozilla/5.0 (compatible; Googlebot/2.1; +http://www.google.com/bot.html)"
21.234.185.154 - - [31/Mar/2025:23:40:02 +0000] "GET /xmlrpc.php HTTP/1.1" 200 49253 "-" "Mozilla/5.0 (compatible; Googlebot/2.1; +http://www.google.com/bot.html)"
1.6.129.140 - - [31/Mar/2025:23:40:45 +0000] "GET /shell.php HTTP/1.1" 200 16696 "-" "Mozilla/5.0 (compatible; Bingbot/2.0; +http://www.bing.com/bingbot.htm)"
199.28.211.240 - - [31/Mar/2025:23:41:28 +0000] "GET /xmlrpc.php HTTP/1.1" 404 24491 "-" "Mozilla/5.0 (compatible; Googlebot/2.1; +http://www.google.com/bot.html)"
165.198.162.110 - - [31/Mar/2025:23:42:11 +0000] "GET /user/login HTTP/1.1" 404 7559 "-" "Mozilla/5.0 (compatible; Bingbot/2.0; +http://www.bing.com/bingbot.htm)"
94.93.197.142 - - [31/Mar/2025:23:42:54 +0000] "GET /admin/config.php HTTP/1.1" 200 17190 "-" "Mozilla/5.0 (compatible; YandexBot/3.0; +http://yandex.com/bots)"
7.35.34.176 - - [31/Mar/2025:23:43:37 +0000] "GET /shell.php HTTP/1.1" 200 42547 "-" "Mozilla/5.0 (compatible; Googlebot/2.1; +http://www.google.com/bot.html)"
94.93.197.142 - - [31/Mar/2025:23:44:20 +0000] "GET /api/v1/products HTTP/1.1" 200 42525 "-" "Mozilla/5.0 (compatible; Bingbot/2.0; +http://www.bing.com/bingbot.htm)"
228.157.161.66 - - [31/Mar/2025:23:45:03 +0000] "GET /shell.php HTTP/1.1" 200 21064 "-" "Mozilla/5.0 (compatible; Googlebot/2.1; +http://www.google.com/bot.html)"
114.11.126.247 - - [31/Mar/2025:23:45:46 +0000] "GET /index.html HTTP/1.1" 200 37453 "-" "Mozilla/5.0 (compatible; YandexBot/3.0; +http://yandex.com/bots)"
199.28.211.240 - - [31/Mar/2025:23:46:29 +0000] "GET /admin HTTP/1.1" 200 47260 "-" "Mozilla/5.0 (compatible; YandexBot/3.0; +http://yandex.com/bots)"
21.234.185.154 - - [31/Mar/2025:23:47:12 +0000] "GET /index.html HTTP/1.1" 200 45408 "-" "Mozilla/5.0 (compatible; YandexBot/3.0; +http://yandex.com/bots)"
228.157.161.66 - - [31/Mar/2025:23:47:55 +0000] "GET /wp-login.php HTTP/1.1" 200 10337 "-" "Mozilla/5.0 (compatible; Googlebot/2.1; +http://www.google.com/bot.html)"
7.35.34.176 - - [31/Mar/2025:23:48:38 +0000] "GET /register HTTP/1.1" 200 21434 "-" "Mozilla/5.0 (compatible; Bingbot/2.0; +http://www.bing.com/bingbot.htm)"
94.93.197.142 - - [31/Mar/2025:23:49:21 +0000] "GET /phpmyadmin HTTP/1.1" 200 16582 "-" "Mozilla/5.0 (compatible; YandexBot/3.0; +http://yandex.com/bots)"
1.6.129.140 - - [31/Mar/2025:23:50:04 +0000] "GET /shell.php HTTP/1.1" 200 21764 "-" "Mozilla/5.0 (compatible; YandexBot/3.0; +http://yandex.com/bots)"
165.198.162.110 - - [31/Mar/2025:23:50:47 +0000] "GET /api/v1/users HTTP/1.1" 404 22794 "-" "Mozilla/5.0 (compatible; Googlebot/2.1; +http://www.google.com/bot.html)"
199.28.211.240 - - [31/Mar/2025:23:51:30 +0000] "GET / HTTP/1.1" 200 40400 "-" "Mozilla/5.0 (compatible; Googlebot/2.1; +http://www.google.com/bot.html)"
94.93.197.142 - - [31/Mar/2025:23:52:13 +0000] "GET /phpmyadmin HTTP/1.1" 200 5309 "-" "Mozilla/5.0 (compatible; Googlebot/2.1; +http://www.google.com/bot.html)"
82.45.6.249 - - [31/Mar/2025:23:52:56 +0000] "GET /phpmyadmin HTTP/1.1" 200 44017 "-" "Mozilla/5.0 (compatible; Googlebot/2.1; +http://www.google.com/bot.html)"
165.198.162.110 - - [31/Mar/2025:23:53:39 +0000] "GET / HTTP/1.1" 200 42579 "-" "Mozilla/5.0 (compatible; Googlebot/2.1; +http://www.google.com/bot.html)"
114.11.126.247 - - [31/Mar/2025:23:54:22 +0000] "GET /contact HTTP/1.1" 404 36539 "-" "Mozilla/5.0 (compatible; Bingbot/2.0; +http://www.bing.com/bingbot.htm)"
165.198.162.110 - - [31/Mar/2025:23:55:05 +0000] "GET /wp-login.php HTTP/1.1" 404 25444 "-" "Mozilla/5.0 (compatible; YandexBot/3.0; +http://yandex.com/bots)"
94.93.197.142 - - [31/Mar/2025:23:55:48 +0000] "GET /api/v1/users HTTP/1.1" 200 12493 "-" "Mozilla/5.0 (compatible; Googlebot/2.1; +http://www.google.com/bot.html)"
111.171.165.107 - - [31/Mar/2025:23:56:31 +0000] "GET /login HTTP/1.1" 200 26578 "-" "Mozilla/5.0 (compatible; YandexBot/3.0; +http://yandex.com/bots)"
228.157.161.66 - - [31/Mar/2025:23:57:14 +0000] "GET /shell.php HTTP/1.1" 200 31744 "-" "Mozilla/5.0 (compatible; Bingbot/2.0; +http://www.bing.com/bingbot.htm)"
1.6.129.140 - - [31/Mar/2025:23:57:57 +0000] "GET /contact HTTP/1.1" 404 23004 "-" "Mozilla/5.0 (compatible; Googlebot/2.1; +http://www.google.com/bot.html)"
114.11.126.247 - - [31/Mar/2025:23:58:40 +0000] "GET /api/v1/products HTTP/1.1" 200 46373 "-" "Mozilla/5.0 (compatible; YandexBot/3.0; +http://yandex.com/bots)"
228.157.161.66 - - [31/Mar/2025:23:59:23 +0000] "GET /admin/config.php HTTP/1.1" 200 49624 "-" "Mozilla/5.0 (compatible; YandexBot/3.0; +http://yandex.com/bots)"
228.157.161.66 - - [01/Apr/2025:00:00:06 +0000] "GET /wp-admin HTTP/1.1" 200 30190 "-" "Mozilla/5.0 (compatible; YandexBot/3.0; +http://yandex.com/bots)"
199.28.211.240 - - [01/Apr/2025:00:00:49 +0000] "GET /shell.php HTTP/1.1" 200 28062 "-" "Mozilla/5.0 (compatible; YandexBot/3.0; +http://yandex.com/bots)"
111.171.165.107 - - [01/Apr/2025:00:01:32 +0000] "GET /wp-login.php HTTP/1.1" 200 7937 "-" "Mozilla/5.0 (compatible; Googlebot/2.1; +http://www.google.com/bot.html)"
82.45.6.249 - - [01/Apr/2025:00:02:15 +0000] "GET /user/login HTTP/1.1" 200 48739 "-" "Mozilla/5.0 (compatible; Bingbot/2.0; +http://www.bing.com/bingbot.htm)"
1.6.129.140 - - [01/Apr/2025:00:02:58 +0000] "GET / HTTP/1.1" 200 1438 "-" "Mozilla/5.0 (compatible; Googlebot/2.1; +http://www.google.com/bot.html)"
199.28.211.240 - - [01/Apr/2025:00:03:41 +0000] "GET /api/v1/products HTTP/1.1" 200 35026 "-" "Mozilla/5.0 (compatible; Googlebot/2.1; +http://www.google.com/bot.html)"
94.93.197.142 - - [01/Apr/2025:00:04:24 +0000] "GET /phpmyadmin HTTP/1.1" 404 6205 "-" "Mozilla/5.0 (compatible; Googlebot/2.1; +http://www.google.com/bot.html)"
165.198.162.110 - - [01/Apr/2025:00:05:07 +0000] "GET /about HTTP/1.1" 200 3732 "-" "Mozilla/5.0 (compatible; YandexBot/3.0; +http://yandex.com/bots)"
199.28.211.240 - - [01/Apr/2025:00:05:50 +0000] "GET /phpmyadmin HTTP/1.1" 200 28550 "-" "Mozilla/5.0 (compatible; Googlebot/2.1; +http://www.google.com/bot.html)"
94.93.197.142 - - [01/Apr/2025:00:06:33 +0000] "GET /wp-config.php HTTP/1.1" 200 1162 "-" "Mozilla/5.0 (compatible; Googlebot/2.1; +http://www.google.com/bot.html)"
165.198.162.110 - - [01/Apr/2025:00:07:16 +0000] "GET /wp-login.php HTTP/1.1" 200 40006 "-" "Mozilla/5.0 (compatible; Bingbot/2.0; +http://www.bing.com/bingbot.htm)"
